stm32l0xx_hal_irda.c:325:19:HAL_IRDA_Init	16	static
stm32l0xx_hal_irda.c:390:19:HAL_IRDA_DeInit	16	static
stm32l0xx_hal_irda.c:433:13:HAL_IRDA_MspInit	16	static
stm32l0xx_hal_irda.c:449:13:HAL_IRDA_MspDeInit	16	static
stm32l0xx_hal_irda.c:797:19:HAL_IRDA_Transmit	48	static
stm32l0xx_hal_irda.c:900:19:HAL_IRDA_Receive	48	static
stm32l0xx_hal_irda.c:1004:19:HAL_IRDA_Transmit_IT	24	static
stm32l0xx_hal_irda.c:1063:19:HAL_IRDA_Receive_IT	24	static
stm32l0xx_hal_irda.c:1129:19:HAL_IRDA_Transmit_DMA	24	static
stm32l0xx_hal_irda.c:1223:19:HAL_IRDA_Receive_DMA	24	static
stm32l0xx_hal_irda.c:1310:19:HAL_IRDA_DMAPause	16	static
stm32l0xx_hal_irda.c:1348:19:HAL_IRDA_DMAResume	16	static
stm32l0xx_hal_irda.c:1383:19:HAL_IRDA_DMAStop	16	static
stm32l0xx_hal_irda.c:1460:19:HAL_IRDA_Abort	16	static
stm32l0xx_hal_irda.c:1546:19:HAL_IRDA_AbortTransmit	16	static
stm32l0xx_hal_irda.c:1598:19:HAL_IRDA_AbortReceive	16	static
stm32l0xx_hal_irda.c:1656:19:HAL_IRDA_Abort_IT	24	static
stm32l0xx_hal_irda.c:1788:19:HAL_IRDA_AbortTransmit_IT	16	static
stm32l0xx_hal_irda.c:1866:19:HAL_IRDA_AbortReceive_IT	16	static
stm32l0xx_hal_irda.c:1942:6:HAL_IRDA_IRQHandler	32	static
stm32l0xx_hal_irda.c:2100:13:HAL_IRDA_TxCpltCallback	16	static
stm32l0xx_hal_irda.c:2116:13:HAL_IRDA_TxHalfCpltCallback	16	static
stm32l0xx_hal_irda.c:2132:13:HAL_IRDA_RxCpltCallback	16	static
stm32l0xx_hal_irda.c:2148:13:HAL_IRDA_RxHalfCpltCallback	16	static
stm32l0xx_hal_irda.c:2164:13:HAL_IRDA_ErrorCallback	16	static
stm32l0xx_hal_irda.c:2180:13:HAL_IRDA_AbortCpltCallback	16	static
stm32l0xx_hal_irda.c:2196:13:HAL_IRDA_AbortTransmitCpltCallback	16	static
stm32l0xx_hal_irda.c:2212:13:HAL_IRDA_AbortReceiveCpltCallback	16	static
stm32l0xx_hal_irda.c:2251:23:HAL_IRDA_GetState	24	static
stm32l0xx_hal_irda.c:2267:10:HAL_IRDA_GetError	16	static
stm32l0xx_hal_irda.c:2311:26:IRDA_SetConfig	24	static
stm32l0xx_hal_irda.c:2385:26:IRDA_CheckIdleState	32	static
stm32l0xx_hal_irda.c:2436:26:IRDA_WaitOnFlagUntilTimeout	24	static
stm32l0xx_hal_irda.c:2469:13:IRDA_EndTxTransfer	16	static
stm32l0xx_hal_irda.c:2485:13:IRDA_EndRxTransfer	16	static
stm32l0xx_hal_irda.c:2502:13:IRDA_DMATransmitCplt	24	static
stm32l0xx_hal_irda.c:2538:13:IRDA_DMATransmitHalfCplt	24	static
stm32l0xx_hal_irda.c:2557:13:IRDA_DMAReceiveCplt	24	static
stm32l0xx_hal_irda.c:2593:13:IRDA_DMAReceiveHalfCplt	24	static
stm32l0xx_hal_irda.c:2612:13:IRDA_DMAError	24	static
stm32l0xx_hal_irda.c:2652:13:IRDA_DMAAbortOnError	24	static
stm32l0xx_hal_irda.c:2675:13:IRDA_DMATxAbortCallback	24	static
stm32l0xx_hal_irda.c:2723:13:IRDA_DMARxAbortCallback	24	static
stm32l0xx_hal_irda.c:2771:13:IRDA_DMATxOnlyAbortCallback	24	static
stm32l0xx_hal_irda.c:2798:13:IRDA_DMARxOnlyAbortCallback	24	static
stm32l0xx_hal_irda.c:2828:13:IRDA_Transmit_IT	24	static
stm32l0xx_hal_irda.c:2867:13:IRDA_EndTransmit_IT	16	static
stm32l0xx_hal_irda.c:2892:13:IRDA_Receive_IT	24	static
