Archive member included to satisfy reference by file (symbol)

/opt/Atollic_TrueSTUDIO_for_STM32_x86_64_9.3.0/ARMTools/bin/../lib/gcc/arm-atollic-eabi/6.3.1/../../../../arm-atollic-eabi/lib/armv6-m/libstdc++_nano.a(del_op.o)
                              src/main.o (operator delete(void*))
/opt/Atollic_TrueSTUDIO_for_STM32_x86_64_9.3.0/ARMTools/bin/../lib/gcc/arm-atollic-eabi/6.3.1/../../../../arm-atollic-eabi/lib/armv6-m/libc_nano.a(lib_a-init.o)
                              src/startup_stm32l053xx.o (__libc_init_array)
/opt/Atollic_TrueSTUDIO_for_STM32_x86_64_9.3.0/ARMTools/bin/../lib/gcc/arm-atollic-eabi/6.3.1/../../../../arm-atollic-eabi/lib/armv6-m/libc_nano.a(lib_a-itoa.o)
                              src/Classes/VersionScreen/VersionScreen.o (itoa)
/opt/Atollic_TrueSTUDIO_for_STM32_x86_64_9.3.0/ARMTools/bin/../lib/gcc/arm-atollic-eabi/6.3.1/../../../../arm-atollic-eabi/lib/armv6-m/libc_nano.a(lib_a-malloc.o)
                              /opt/Atollic_TrueSTUDIO_for_STM32_x86_64_9.3.0/ARMTools/bin/../lib/gcc/arm-atollic-eabi/6.3.1/../../../../arm-atollic-eabi/lib/armv6-m/libstdc++_nano.a(del_op.o) (free)
/opt/Atollic_TrueSTUDIO_for_STM32_x86_64_9.3.0/ARMTools/bin/../lib/gcc/arm-atollic-eabi/6.3.1/../../../../arm-atollic-eabi/lib/armv6-m/libc_nano.a(lib_a-memset.o)
                              Drivers/STM32L0xx_HAL_Driver/Src/stm32l0xx_hal_rcc.o (memset)
/opt/Atollic_TrueSTUDIO_for_STM32_x86_64_9.3.0/ARMTools/bin/../lib/gcc/arm-atollic-eabi/6.3.1/../../../../arm-atollic-eabi/lib/armv6-m/libc_nano.a(lib_a-nano-freer.o)
                              /opt/Atollic_TrueSTUDIO_for_STM32_x86_64_9.3.0/ARMTools/bin/../lib/gcc/arm-atollic-eabi/6.3.1/../../../../arm-atollic-eabi/lib/armv6-m/libc_nano.a(lib_a-malloc.o) (_free_r)
/opt/Atollic_TrueSTUDIO_for_STM32_x86_64_9.3.0/ARMTools/bin/../lib/gcc/arm-atollic-eabi/6.3.1/../../../../arm-atollic-eabi/lib/armv6-m/libc_nano.a(lib_a-nano-mallocr.o)
                              /opt/Atollic_TrueSTUDIO_for_STM32_x86_64_9.3.0/ARMTools/bin/../lib/gcc/arm-atollic-eabi/6.3.1/../../../../arm-atollic-eabi/lib/armv6-m/libc_nano.a(lib_a-malloc.o) (_malloc_r)
/opt/Atollic_TrueSTUDIO_for_STM32_x86_64_9.3.0/ARMTools/bin/../lib/gcc/arm-atollic-eabi/6.3.1/../../../../arm-atollic-eabi/lib/armv6-m/libc_nano.a(lib_a-sbrkr.o)
                              /opt/Atollic_TrueSTUDIO_for_STM32_x86_64_9.3.0/ARMTools/bin/../lib/gcc/arm-atollic-eabi/6.3.1/../../../../arm-atollic-eabi/lib/armv6-m/libc_nano.a(lib_a-nano-mallocr.o) (_sbrk_r)
/opt/Atollic_TrueSTUDIO_for_STM32_x86_64_9.3.0/ARMTools/bin/../lib/gcc/arm-atollic-eabi/6.3.1/../../../../arm-atollic-eabi/lib/armv6-m/libc_nano.a(lib_a-strlen.o)
                              src/tiny_printf.o (strlen)
/opt/Atollic_TrueSTUDIO_for_STM32_x86_64_9.3.0/ARMTools/bin/../lib/gcc/arm-atollic-eabi/6.3.1/../../../../arm-atollic-eabi/lib/armv6-m/libc_nano.a(lib_a-utoa.o)
                              /opt/Atollic_TrueSTUDIO_for_STM32_x86_64_9.3.0/ARMTools/bin/../lib/gcc/arm-atollic-eabi/6.3.1/../../../../arm-atollic-eabi/lib/armv6-m/libc_nano.a(lib_a-itoa.o) (__utoa)
/opt/Atollic_TrueSTUDIO_for_STM32_x86_64_9.3.0/ARMTools/bin/../lib/gcc/arm-atollic-eabi/6.3.1/../../../../arm-atollic-eabi/lib/armv6-m/libc_nano.a(lib_a-impure.o)
                              /opt/Atollic_TrueSTUDIO_for_STM32_x86_64_9.3.0/ARMTools/bin/../lib/gcc/arm-atollic-eabi/6.3.1/../../../../arm-atollic-eabi/lib/armv6-m/libc_nano.a(lib_a-malloc.o) (_impure_ptr)
/opt/Atollic_TrueSTUDIO_for_STM32_x86_64_9.3.0/ARMTools/bin/../lib/gcc/arm-atollic-eabi/6.3.1/../../../../arm-atollic-eabi/lib/armv6-m/libc_nano.a(lib_a-memcpy-stub.o)
                              /opt/Atollic_TrueSTUDIO_for_STM32_x86_64_9.3.0/ARMTools/bin/../lib/gcc/arm-atollic-eabi/6.3.1/../../../../arm-atollic-eabi/lib/armv6-m/libc_nano.a(lib_a-utoa.o) (memcpy)
/opt/Atollic_TrueSTUDIO_for_STM32_x86_64_9.3.0/ARMTools/bin/../lib/gcc/arm-atollic-eabi/6.3.1/../../../../arm-atollic-eabi/lib/armv6-m/libc_nano.a(lib_a-mlock.o)
                              /opt/Atollic_TrueSTUDIO_for_STM32_x86_64_9.3.0/ARMTools/bin/../lib/gcc/arm-atollic-eabi/6.3.1/../../../../arm-atollic-eabi/lib/armv6-m/libc_nano.a(lib_a-nano-freer.o) (__malloc_lock)
/opt/Atollic_TrueSTUDIO_for_STM32_x86_64_9.3.0/ARMTools/bin/../lib/gcc/arm-atollic-eabi/6.3.1/../../../../arm-atollic-eabi/lib/armv6-m/libc_nano.a(lib_a-reent.o)
                              /opt/Atollic_TrueSTUDIO_for_STM32_x86_64_9.3.0/ARMTools/bin/../lib/gcc/arm-atollic-eabi/6.3.1/../../../../arm-atollic-eabi/lib/armv6-m/libc_nano.a(lib_a-sbrkr.o) (errno)
/opt/Atollic_TrueSTUDIO_for_STM32_x86_64_9.3.0/ARMTools/bin/../lib/gcc/arm-atollic-eabi/6.3.1/armv6-m/libgcc.a(_udivsi3.o)
                              Drivers/STM32L0xx_HAL_Driver/Src/stm32l0xx_hal.o (__aeabi_uidiv)
/opt/Atollic_TrueSTUDIO_for_STM32_x86_64_9.3.0/ARMTools/bin/../lib/gcc/arm-atollic-eabi/6.3.1/armv6-m/libgcc.a(_divsi3.o)
                              src/tiny_printf.o (__aeabi_idiv)
[...]
Memory Configuration

Name             Origin             Length             Attributes
FLASH            0x0000000008000000 0x0000000000010000 xr
RAM              0x0000000020000000 0x0000000000002000 xrw
MEMORY_B1        0x0000000060000000 0x0000000000000000 xr
*default*        0x0000000000000000 0xffffffffffffffff

Linker script and memory map

LOAD /opt/Atollic_TrueSTUDIO_for_STM32_x86_64_9.3.0/ARMTools/bin/../lib/gcc/arm-atollic-eabi/6.3.1/armv6-m/crti.o
LOAD /opt/Atollic_TrueSTUDIO_for_STM32_x86_64_9.3.0/ARMTools/bin/../lib/gcc/arm-atollic-eabi/6.3.1/armv6-m/crtbegin.o
LOAD Drivers/STM32L0xx_HAL_Driver/Src/stm32l0xx_hal.o
LOAD Drivers/STM32L0xx_HAL_Driver/Src/stm32l0xx_hal_adc.o
LOAD Drivers/STM32L0xx_HAL_Driver/Src/stm32l0xx_hal_adc_ex.o
LOAD Drivers/STM32L0xx_HAL_Driver/Src/stm32l0xx_hal_comp.o
LOAD Drivers/STM32L0xx_HAL_Driver/Src/stm32l0xx_hal_comp_ex.o
LOAD Drivers/STM32L0xx_HAL_Driver/Src/stm32l0xx_hal_cortex.o
LOAD Drivers/STM32L0xx_HAL_Driver/Src/stm32l0xx_hal_crc.o
LOAD Drivers/STM32L0xx_HAL_Driver/Src/stm32l0xx_hal_crc_ex.o
LOAD Drivers/STM32L0xx_HAL_Driver/Src/stm32l0xx_hal_cryp.o
LOAD Drivers/STM32L0xx_HAL_Driver/Src/stm32l0xx_hal_cryp_ex.o
LOAD Drivers/STM32L0xx_HAL_Driver/Src/stm32l0xx_hal_dac.o
LOAD Drivers/STM32L0xx_HAL_Driver/Src/stm32l0xx_hal_dac_ex.o
LOAD Drivers/STM32L0xx_HAL_Driver/Src/stm32l0xx_hal_dma.o
LOAD Drivers/STM32L0xx_HAL_Driver/Src/stm32l0xx_hal_firewall.o
LOAD Drivers/STM32L0xx_HAL_Driver/Src/stm32l0xx_hal_flash.o
LOAD Drivers/STM32L0xx_HAL_Driver/Src/stm32l0xx_hal_flash_ex.o
LOAD Drivers/STM32L0xx_HAL_Driver/Src/stm32l0xx_hal_flash_ramfunc.o
LOAD Drivers/STM32L0xx_HAL_Driver/Src/stm32l0xx_hal_gpio.o
LOAD Drivers/STM32L0xx_HAL_Driver/Src/stm32l0xx_hal_i2c.o
LOAD Drivers/STM32L0xx_HAL_Driver/Src/stm32l0xx_hal_i2c_ex.o
LOAD Drivers/STM32L0xx_HAL_Driver/Src/stm32l0xx_hal_i2s.o
LOAD Drivers/STM32L0xx_HAL_Driver/Src/stm32l0xx_hal_irda.o
LOAD Drivers/STM32L0xx_HAL_Driver/Src/stm32l0xx_hal_iwdg.o
LOAD Drivers/STM32L0xx_HAL_Driver/Src/stm32l0xx_hal_lcd.o
LOAD Drivers/STM32L0xx_HAL_Driver/Src/stm32l0xx_hal_lptim.o
LOAD Drivers/STM32L0xx_HAL_Driver/Src/stm32l0xx_hal_msp_template.o
LOAD Drivers/STM32L0xx_HAL_Driver/Src/stm32l0xx_hal_pcd.o
LOAD Drivers/STM32L0xx_HAL_Driver/Src/stm32l0xx_hal_pcd_ex.o
LOAD Drivers/STM32L0xx_HAL_Driver/Src/stm32l0xx_hal_pwr.o
LOAD Drivers/STM32L0xx_HAL_Driver/Src/stm32l0xx_hal_pwr_ex.o
LOAD Drivers/STM32L0xx_HAL_Driver/Src/stm32l0xx_hal_rcc.o
LOAD Drivers/STM32L0xx_HAL_Driver/Src/stm32l0xx_hal_rcc_ex.o
LOAD Drivers/STM32L0xx_HAL_Driver/Src/stm32l0xx_hal_rng.o
LOAD Drivers/STM32L0xx_HAL_Driver/Src/stm32l0xx_hal_rtc.o
LOAD Drivers/STM32L0xx_HAL_Driver/Src/stm32l0xx_hal_rtc_ex.o
LOAD Drivers/STM32L0xx_HAL_Driver/Src/stm32l0xx_hal_smartcard.o
LOAD Drivers/STM32L0xx_HAL_Driver/Src/stm32l0xx_hal_smartcard_ex.o
LOAD Drivers/STM32L0xx_HAL_Driver/Src/stm32l0xx_hal_smbus.o
LOAD Drivers/STM32L0xx_HAL_Driver/Src/stm32l0xx_hal_spi.o
LOAD Drivers/STM32L0xx_HAL_Driver/Src/stm32l0xx_hal_tim.o
LOAD Drivers/STM32L0xx_HAL_Driver/Src/stm32l0xx_hal_tim_ex.o
LOAD Drivers/STM32L0xx_HAL_Driver/Src/stm32l0xx_hal_tsc.o
LOAD Drivers/STM32L0xx_HAL_Driver/Src/stm32l0xx_hal_uart.o
LOAD Drivers/STM32L0xx_HAL_Driver/Src/stm32l0xx_hal_uart_ex.o
LOAD Drivers/STM32L0xx_HAL_Driver/Src/stm32l0xx_hal_usart.o
LOAD Drivers/STM32L0xx_HAL_Driver/Src/stm32l0xx_hal_wwdg.o
LOAD Drivers/STM32L0xx_HAL_Driver/Src/stm32l0xx_ll_adc.o
LOAD Drivers/STM32L0xx_HAL_Driver/Src/stm32l0xx_ll_comp.o
LOAD Drivers/STM32L0xx_HAL_Driver/Src/stm32l0xx_ll_crc.o
LOAD Drivers/STM32L0xx_HAL_Driver/Src/stm32l0xx_ll_crs.o
LOAD Drivers/STM32L0xx_HAL_Driver/Src/stm32l0xx_ll_dac.o
LOAD Drivers/STM32L0xx_HAL_Driver/Src/stm32l0xx_ll_dma.o
LOAD Drivers/STM32L0xx_HAL_Driver/Src/stm32l0xx_ll_exti.o
LOAD Drivers/STM32L0xx_HAL_Driver/Src/stm32l0xx_ll_gpio.o
LOAD Drivers/STM32L0xx_HAL_Driver/Src/stm32l0xx_ll_i2c.o
LOAD Drivers/STM32L0xx_HAL_Driver/Src/stm32l0xx_ll_lptim.o
LOAD Drivers/STM32L0xx_HAL_Driver/Src/stm32l0xx_ll_lpuart.o
LOAD Drivers/STM32L0xx_HAL_Driver/Src/stm32l0xx_ll_pwr.o
LOAD Drivers/STM32L0xx_HAL_Driver/Src/stm32l0xx_ll_rcc.o
LOAD Drivers/STM32L0xx_HAL_Driver/Src/stm32l0xx_ll_rng.o
LOAD Drivers/STM32L0xx_HAL_Driver/Src/stm32l0xx_ll_rtc.o
LOAD Drivers/STM32L0xx_HAL_Driver/Src/stm32l0xx_ll_spi.o
LOAD Drivers/STM32L0xx_HAL_Driver/Src/stm32l0xx_ll_tim.o
LOAD Drivers/STM32L0xx_HAL_Driver/Src/stm32l0xx_ll_usart.o
LOAD Drivers/STM32L0xx_HAL_Driver/Src/stm32l0xx_ll_usb.o
LOAD Drivers/STM32L0xx_HAL_Driver/Src/stm32l0xx_ll_utils.o
LOAD src/Classes/Alarm/Alarm.o
LOAD src/Classes/EepromVar/EEPROMVar.o
LOAD src/Classes/HardwareInterrupt/HardwareInterrupt.o
LOAD src/Classes/Lcd/Digit.o
LOAD src/Classes/Lcd/Lcd.o
LOAD src/Classes/VersionScreen/VersionScreen.o
LOAD src/Classes/button/button.o
LOAD src/Classes/timer/timer.o
LOAD src/ControlerInfo/CControlerInfo.o
LOAD src/Driver/Driver.o
LOAD src/main.o
LOAD src/startup_stm32l053xx.o
LOAD src/system_stm32l0xx.o
LOAD src/tiny_printf.o
                0x0000000000001000                malloc_getpagesize_P = 0x1000
START GROUP
LOAD /opt/Atollic_TrueSTUDIO_for_STM32_x86_64_9.3.0/ARMTools/bin/../lib/gcc/arm-atollic-eabi/6.3.1/../../../../arm-atollic-eabi/lib/armv6-m/libstdc++_nano.a
LOAD /opt/Atollic_TrueSTUDIO_for_STM32_x86_64_9.3.0/ARMTools/bin/../lib/gcc/arm-atollic-eabi/6.3.1/../../../../arm-atollic-eabi/lib/armv6-m/libsupc++_nano.a
END GROUP
LOAD /opt/Atollic_TrueSTUDIO_for_STM32_x86_64_9.3.0/ARMTools/bin/../lib/gcc/arm-atollic-eabi/6.3.1/../../../../arm-atollic-eabi/lib/armv6-m/libstdc++_nano.a
LOAD /opt/Atollic_TrueSTUDIO_for_STM32_x86_64_9.3.0/ARMTools/bin/../lib/gcc/arm-atollic-eabi/6.3.1/../../../../arm-atollic-eabi/lib/armv6-m/libm.a
LOAD /opt/Atollic_TrueSTUDIO_for_STM32_x86_64_9.3.0/ARMTools/bin/../lib/gcc/arm-atollic-eabi/6.3.1/../../../../arm-atollic-eabi/lib/armv6-m/libc_nano.a
START GROUP
LOAD /opt/Atollic_TrueSTUDIO_for_STM32_x86_64_9.3.0/ARMTools/bin/../lib/gcc/arm-atollic-eabi/6.3.1/armv6-m/libgcc.a
LOAD /opt/Atollic_TrueSTUDIO_for_STM32_x86_64_9.3.0/ARMTools/bin/../lib/gcc/arm-atollic-eabi/6.3.1/../../../../arm-atollic-eabi/lib/armv6-m/libc_nano.a
END GROUP
START GROUP
LOAD /opt/Atollic_TrueSTUDIO_for_STM32_x86_64_9.3.0/ARMTools/bin/../lib/gcc/arm-atollic-eabi/6.3.1/armv6-m/libgcc.a
LOAD /opt/Atollic_TrueSTUDIO_for_STM32_x86_64_9.3.0/ARMTools/bin/../lib/gcc/arm-atollic-eabi/6.3.1/../../../../arm-atollic-eabi/lib/armv6-m/libc_nano.a
LOAD /opt/Atollic_TrueSTUDIO_for_STM32_x86_64_9.3.0/ARMTools/bin/../lib/gcc/arm-atollic-eabi/6.3.1/../../../../arm-atollic-eabi/lib/armv6-m/libnosys.a
END GROUP
START GROUP
LOAD /opt/Atollic_TrueSTUDIO_for_STM32_x86_64_9.3.0/ARMTools/bin/../lib/gcc/arm-atollic-eabi/6.3.1/armv6-m/libgcc.a
LOAD /opt/Atollic_TrueSTUDIO_for_STM32_x86_64_9.3.0/ARMTools/bin/../lib/gcc/arm-atollic-eabi/6.3.1/../../../../arm-atollic-eabi/lib/armv6-m/libc_nano.a
LOAD /opt/Atollic_TrueSTUDIO_for_STM32_x86_64_9.3.0/ARMTools/bin/../lib/gcc/arm-atollic-eabi/6.3.1/../../../../arm-atollic-eabi/lib/armv6-m/libnosys.a
END GROUP
LOAD /opt/Atollic_TrueSTUDIO_for_STM32_x86_64_9.3.0/ARMTools/bin/../lib/gcc/arm-atollic-eabi/6.3.1/armv6-m/crtend.o
LOAD /opt/Atollic_TrueSTUDIO_for_STM32_x86_64_9.3.0/ARMTools/bin/../lib/gcc/arm-atollic-eabi/6.3.1/armv6-m/crtn.o
                0x0000000020002000                _estack = 0x20002000
                0x0000000000000000                _Min_Heap_Size = 0x0
                0x0000000000000080                _Min_Stack_Size = 0x80

.isr_vector     0x0000000008000000       0xc0
                0x0000000008000000                . = ALIGN (0x4)
 *(.isr_vector)
 .isr_vector    0x0000000008000000       0xc0 src/startup_stm32l053xx.o
                0x0000000008000000                g_pfnVectors
                0x00000000080000c0                . = ALIGN (0x4)

.text           0x00000000080000c0     0x2f70
                0x00000000080000c0                . = ALIGN (0x4)
 *(.text)
 .text          0x00000000080000c0       0x48 /opt/Atollic_TrueSTUDIO_for_STM32_x86_64_9.3.0/ARMTools/bin/../lib/gcc/arm-atollic-eabi/6.3.1/armv6-m/crtbegin.o
 .text          0x0000000008000108      0x114 /opt/Atollic_TrueSTUDIO_for_STM32_x86_64_9.3.0/ARMTools/bin/../lib/gcc/arm-atollic-eabi/6.3.1/armv6-m/libgcc.a(_udivsi3.o)
                0x0000000008000108                __udivsi3
                0x0000000008000108                __aeabi_uidiv
                0x0000000008000214                __aeabi_uidivmod
 .text          0x000000000800021c        0x4 /opt/Atollic_TrueSTUDIO_for_STM32_x86_64_9.3.0/ARMTools/bin/../lib/gcc/arm-atollic-eabi/6.3.1/armv6-m/libgcc.a(_dvmd_tls.o)
                0x000000000800021c                __aeabi_ldiv0
                0x000000000800021c                __aeabi_idiv0
 *(.text*)
 .text.HAL_Init
                0x0000000008000220       0x40 Drivers/STM32L0xx_HAL_Driver/Src/stm32l0xx_hal.o
                0x0000000008000220                HAL_Init
 .text.HAL_InitTick
                0x0000000008000260       0x54 Drivers/STM32L0xx_HAL_Driver/Src/stm32l0xx_hal.o
                0x0000000008000260                HAL_InitTick
 .text.HAL_IncTick
                0x00000000080002b4       0x18 Drivers/STM32L0xx_HAL_Driver/Src/stm32l0xx_hal.o
                0x00000000080002b4                HAL_IncTick
 .text.HAL_GetTick
                0x00000000080002cc       0x14 Drivers/STM32L0xx_HAL_Driver/Src/stm32l0xx_hal.o
                0x00000000080002cc                HAL_GetTick
 .text.NVIC_SetPriority
                0x00000000080002e0       0xdc Drivers/STM32L0xx_HAL_Driver/Src/stm32l0xx_hal_cortex.o
 .text.SysTick_Config
                0x00000000080003bc       0x48 Drivers/STM32L0xx_HAL_Driver/Src/stm32l0xx_hal_cortex.o
 .text.HAL_NVIC_SetPriority
                0x0000000008000404       0x2c Drivers/STM32L0xx_HAL_Driver/Src/stm32l0xx_hal_cortex.o
                0x0000000008000404                HAL_NVIC_SetPriority
 .text.HAL_SYSTICK_Config
                0x0000000008000430       0x1a Drivers/STM32L0xx_HAL_Driver/Src/stm32l0xx_hal_cortex.o
                0x0000000008000430                HAL_SYSTICK_Config
 *fill*         0x000000000800044a        0x2 
 .text.FLASH_WaitForLastOperation
                0x000000000800044c       0xe4 Drivers/STM32L0xx_HAL_Driver/Src/stm32l0xx_hal_flash.o
                0x000000000800044c                FLASH_WaitForLastOperation
 .text.FLASH_SetErrorCode
                0x0000000008000530      0x138 Drivers/STM32L0xx_HAL_Driver/Src/stm32l0xx_hal_flash.o
 .text.HAL_FLASHEx_DATAEEPROM_Unlock
                0x0000000008000668       0x58 Drivers/STM32L0xx_HAL_Driver/Src/stm32l0xx_hal_flash_ex.o
                0x0000000008000668                HAL_FLASHEx_DATAEEPROM_Unlock
 .text.HAL_FLASHEx_DATAEEPROM_Lock
                0x00000000080006c0       0x1c Drivers/STM32L0xx_HAL_Driver/Src/stm32l0xx_hal_flash_ex.o
                0x00000000080006c0                HAL_FLASHEx_DATAEEPROM_Lock
 .text.HAL_FLASHEx_DATAEEPROM_Program
                0x00000000080006dc       0xb4 Drivers/STM32L0xx_HAL_Driver/Src/stm32l0xx_hal_flash_ex.o
                0x00000000080006dc                HAL_FLASHEx_DATAEEPROM_Program
 .text.HAL_GPIO_Init
                0x0000000008000790      0x2ec Drivers/STM32L0xx_HAL_Driver/Src/stm32l0xx_hal_gpio.o
                0x0000000008000790                HAL_GPIO_Init
 .text.HAL_GPIO_WritePin
                0x0000000008000a7c       0x3a Drivers/STM32L0xx_HAL_Driver/Src/stm32l0xx_hal_gpio.o
                0x0000000008000a7c                HAL_GPIO_WritePin
 *fill*         0x0000000008000ab6        0x2 
 .text.HAL_LCD_Init
                0x0000000008000ab8      0x1a0 Drivers/STM32L0xx_HAL_Driver/Src/stm32l0xx_hal_lcd.o
                0x0000000008000ab8                HAL_LCD_Init
 .text.HAL_LCD_MspInit
                0x0000000008000c58       0x10 Drivers/STM32L0xx_HAL_Driver/Src/stm32l0xx_hal_lcd.o
                0x0000000008000c58                HAL_LCD_MspInit
 .text.HAL_LCD_Write
                0x0000000008000c68       0xc6 Drivers/STM32L0xx_HAL_Driver/Src/stm32l0xx_hal_lcd.o
                0x0000000008000c68                HAL_LCD_Write
 .text.HAL_LCD_Clear
                0x0000000008000d2e       0xbc Drivers/STM32L0xx_HAL_Driver/Src/stm32l0xx_hal_lcd.o
                0x0000000008000d2e                HAL_LCD_Clear
 .text.HAL_LCD_UpdateDisplayRequest
                0x0000000008000dea       0x7a Drivers/STM32L0xx_HAL_Driver/Src/stm32l0xx_hal_lcd.o
                0x0000000008000dea                HAL_LCD_UpdateDisplayRequest
 .text.LCD_WaitForSynchro
                0x0000000008000e64       0x4a Drivers/STM32L0xx_HAL_Driver/Src/stm32l0xx_hal_lcd.o
                0x0000000008000e64                LCD_WaitForSynchro
 .text.HAL_MspInit
                0x0000000008000eae        0xa Drivers/STM32L0xx_HAL_Driver/Src/stm32l0xx_hal_msp_template.o
                0x0000000008000eae                HAL_MspInit
 .text.HAL_RCC_OscConfig
                0x0000000008000eb8      0x778 Drivers/STM32L0xx_HAL_Driver/Src/stm32l0xx_hal_rcc.o
                0x0000000008000eb8                HAL_RCC_OscConfig
 .text.HAL_RCC_ClockConfig
                0x0000000008001630      0x254 Drivers/STM32L0xx_HAL_Driver/Src/stm32l0xx_hal_rcc.o
                0x0000000008001630                HAL_RCC_ClockConfig
 .text.HAL_RCC_GetSysClockFreq
                0x0000000008001884       0xe4 Drivers/STM32L0xx_HAL_Driver/Src/stm32l0xx_hal_rcc.o
                0x0000000008001884                HAL_RCC_GetSysClockFreq
 .text.HAL_RCCEx_PeriphCLKConfig
                0x0000000008001968      0x2bc Drivers/STM32L0xx_HAL_Driver/Src/stm32l0xx_hal_rcc_ex.o
                0x0000000008001968                HAL_RCCEx_PeriphCLKConfig
 .text._ZN5Alarm4initEP12GPIO_TypeDeft
                0x0000000008001c24       0x5c src/Classes/Alarm/Alarm.o
                0x0000000008001c24                Alarm::init(GPIO_TypeDef*, unsigned short)
 .text._ZN5Alarm3offEv
                0x0000000008001c80       0x20 src/Classes/Alarm/Alarm.o
                0x0000000008001c80                Alarm::off()
 .text._ZN9EEPROMVarC2Et
                0x0000000008001ca0       0x3c src/Classes/EepromVar/EEPROMVar.o
                0x0000000008001ca0                EEPROMVar::EEPROMVar(unsigned short)
                0x0000000008001ca0                EEPROMVar::EEPROMVar(unsigned short)
 .text._ZN9EEPROMVaraSEh
                0x0000000008001cdc       0x40 src/Classes/EepromVar/EEPROMVar.o
                0x0000000008001cdc                EEPROMVar::operator=(unsigned char)
 .text._ZN9EEPROMVaraSEt
                0x0000000008001d1c       0x40 src/Classes/EepromVar/EEPROMVar.o
                0x0000000008001d1c                EEPROMVar::operator=(unsigned short)
 .text._ZN9EEPROMVarcvhEv
                0x0000000008001d5c       0x38 src/Classes/EepromVar/EEPROMVar.o
                0x0000000008001d5c                EEPROMVar::operator unsigned char()
 .text._ZN9EEPROMVarcvtEv
                0x0000000008001d94       0x38 src/Classes/EepromVar/EEPROMVar.o
                0x0000000008001d94                EEPROMVar::operator unsigned short()
 .text.NMI_Handler
                0x0000000008001dcc        0xa src/Classes/HardwareInterrupt/HardwareInterrupt.o
                0x0000000008001dcc                NMI_Handler
 .text.HardFault_Handler
                0x0000000008001dd6        0x6 src/Classes/HardwareInterrupt/HardwareInterrupt.o
                0x0000000008001dd6                HardFault_Handler
 .text.SVC_Handler
                0x0000000008001ddc        0xa src/Classes/HardwareInterrupt/HardwareInterrupt.o
                0x0000000008001ddc                SVC_Handler
 .text.PendSV_Handler
                0x0000000008001de6        0xa src/Classes/HardwareInterrupt/HardwareInterrupt.o
                0x0000000008001de6                PendSV_Handler
 .text.SysTick_Handler
                0x0000000008001df0        0xe src/Classes/HardwareInterrupt/HardwareInterrupt.o
                0x0000000008001df0                SysTick_Handler
 .text._ZN5Digit4initEhh
                0x0000000008001dfe       0x30 src/Classes/Lcd/Digit.o
                0x0000000008001dfe                Digit::init(unsigned char, unsigned char)
 .text._ZN5Digit9setNumberEh
                0x0000000008001e2e       0x1e src/Classes/Lcd/Digit.o
                0x0000000008001e2e                Digit::setNumber(unsigned char)
 .text._ZN5Digit15getSegmentValueEv
                0x0000000008001e4c       0x20 src/Classes/Lcd/Digit.o
                0x0000000008001e4c                Digit::getSegmentValue()
 .text._ZN5Digit5getD1Ev
                0x0000000008001e6c       0x14 src/Classes/Lcd/Lcd.o
                0x0000000008001e6c                Digit::getD1()
 .text._ZN5Digit5getD2Ev
                0x0000000008001e80       0x14 src/Classes/Lcd/Lcd.o
                0x0000000008001e80                Digit::getD2()
 .text._ZN3Lcd4initEv
                0x0000000008001e94      0x108 src/Classes/Lcd/Lcd.o
                0x0000000008001e94                Lcd::init()
 .text._ZN3Lcd7pinInitEv
                0x0000000008001f9c      0x26c src/Classes/Lcd/Lcd.o
                0x0000000008001f9c                Lcd::pinInit()
 .text._ZN3Lcd5clearEv
                0x0000000008002208       0x18 src/Classes/Lcd/Lcd.o
                0x0000000008002208                Lcd::clear()
 .text._ZN3Lcd9writeCharEPhh
                0x0000000008002220      0x2f8 src/Classes/Lcd/Lcd.o
                0x0000000008002220                Lcd::writeChar(unsigned char*, unsigned char)
 .text._ZN3Lcd13print2ndColonEb
                0x0000000008002518       0x42 src/Classes/Lcd/Lcd.o
                0x0000000008002518                Lcd::print2ndColon(bool)
 .text._ZN3Lcd8printDotEb
                0x000000000800255a       0x42 src/Classes/Lcd/Lcd.o
                0x000000000800255a                Lcd::printDot(bool)
 .text._ZN13VersionScreen4initEP3Lcd
                0x000000000800259c       0x18 src/Classes/VersionScreen/VersionScreen.o
                0x000000000800259c                VersionScreen::init(Lcd*)
 .text._ZN13VersionScreen12printVerisonEv
                0x00000000080025b4       0x92 src/Classes/VersionScreen/VersionScreen.o
                0x00000000080025b4                VersionScreen::printVerison()
 *fill*         0x0000000008002646        0x2 
 .text._ZN6CTimer13classInit1000EPFmvE
                0x0000000008002648       0x1c src/Classes/timer/timer.o
                0x0000000008002648                CTimer::classInit1000(unsigned long (*)())
 .text._ZN6CTimer18defaultGetTickFuncEv
                0x0000000008002664        0xc src/Classes/timer/timer.o
                0x0000000008002664                CTimer::defaultGetTickFunc()
 .text._ZN6CTimer7getTickEv
                0x0000000008002670       0x18 src/Classes/timer/timer.o
                0x0000000008002670                CTimer::getTick()
 .text._ZN6CTimerC2ENS_4UnitE
                0x0000000008002688       0x26 src/Classes/timer/timer.o
                0x0000000008002688                CTimer::CTimer(CTimer::Unit)
                0x0000000008002688                CTimer::CTimer(CTimer::Unit)
 .text._ZN6CTimer14setCounterUnitENS_4UnitE
                0x00000000080026ae       0x26 src/Classes/timer/timer.o
                0x00000000080026ae                CTimer::setCounterUnit(CTimer::Unit)
 .text._ZN6CTimer5startEm
                0x00000000080026d4       0x28 src/Classes/timer/timer.o
                0x00000000080026d4                CTimer::start(unsigned long)
 .text._ZN6CTimer7turnOffEv
                0x00000000080026fc       0x16 src/Classes/timer/timer.o
                0x00000000080026fc                CTimer::turnOff()
 .text._ZN6CTimer9isElapsedEv
                0x0000000008002712       0x42 src/Classes/timer/timer.o
                0x0000000008002712                CTimer::isElapsed()
 .text._ZN6CTimer18_getTimeSinceStartEv
                0x0000000008002754       0x30 src/Classes/timer/timer.o
                0x0000000008002754                CTimer::_getTimeSinceStart()
 .text._ZN6CTimer18_updateDowncounterEv
                0x0000000008002784       0x50 src/Classes/timer/timer.o
                0x0000000008002784                CTimer::_updateDowncounter()
 .text._ZN6CTimer14_isTimeElapsedEm
                0x00000000080027d4       0x20 src/Classes/timer/timer.o
                0x00000000080027d4                CTimer::_isTimeElapsed(unsigned long)
 .text._ZN6CTimer13getFactor1000ENS_4UnitE
                0x00000000080027f4       0x60 src/Classes/timer/timer.o
                0x00000000080027f4                CTimer::getFactor1000(CTimer::Unit)
 .text._ZN6CTimer17_ticks2timerUnitsEm
                0x0000000008002854       0x28 src/Classes/timer/timer.o
                0x0000000008002854                CTimer::_ticks2timerUnits(unsigned long)
 .text._ZN14CControlerInfoC2Ev
                0x000000000800287c       0x64 src/ControlerInfo/CControlerInfo.o
                0x000000000800287c                CControlerInfo::CControlerInfo()
                0x000000000800287c                CControlerInfo::CControlerInfo()
 .text._ZN14CControlerInfo23getStatusInitializationEv
                0x00000000080028e0       0x2c src/ControlerInfo/CControlerInfo.o
                0x00000000080028e0                CControlerInfo::getStatusInitialization()
 .text._ZN14CControlerInfo12getMotohoursEv
                0x000000000800290c       0x2c src/ControlerInfo/CControlerInfo.o
                0x000000000800290c                CControlerInfo::getMotohours()
 .text._ZN14CControlerInfo12setMotohoursEt
                0x0000000008002938       0x28 src/ControlerInfo/CControlerInfo.o
                0x0000000008002938                CControlerInfo::setMotohours(unsigned short)
 .text._ZN14CControlerInfo14getMotominutesEv
                0x0000000008002960       0x2c src/ControlerInfo/CControlerInfo.o
                0x0000000008002960                CControlerInfo::getMotominutes()
 .text._ZN14CControlerInfo14setMotominutesEh
                0x000000000800298c       0x28 src/ControlerInfo/CControlerInfo.o
                0x000000000800298c                CControlerInfo::setMotominutes(unsigned char)
 .text._Z41__static_initialization_and_destruction_0ii
                0x00000000080029b4       0x8c src/ControlerInfo/CControlerInfo.o
 .text._GLOBAL__sub_I__ZN14CControlerInfo9m_cpuid_1E
                0x0000000008002a40       0x18 src/ControlerInfo/CControlerInfo.o
 .text._ZN6Driver4initEv
                0x0000000008002a58       0x7c src/Driver/Driver.o
                0x0000000008002a58                Driver::init()
 .text._ZN6Driver6updateEv
                0x0000000008002ad4       0x22 src/Driver/Driver.o
                0x0000000008002ad4                Driver::update()
 .text._ZN6Driver13updateMinutesEv
                0x0000000008002af6       0x84 src/Driver/Driver.o
                0x0000000008002af6                Driver::updateMinutes()
 .text._ZN13VersionScreenC2Ev
                0x0000000008002b7a       0x18 src/main.o
                0x0000000008002b7a                VersionScreen::VersionScreen()
                0x0000000008002b7a                VersionScreen::VersionScreen()
 *fill*         0x0000000008002b92        0x2 
 .text._ZN6DriverC2Ev
                0x0000000008002b94       0x3c src/main.o
                0x0000000008002b94                Driver::Driver()
                0x0000000008002b94                Driver::Driver()
 .text._ZN6DriverD2Ev
                0x0000000008002bd0       0x1c src/main.o
                0x0000000008002bd0                Driver::~Driver()
                0x0000000008002bd0                Driver::~Driver()
 .text._ZN6DriverD0Ev
                0x0000000008002bec       0x22 src/main.o
                0x0000000008002bec                Driver::~Driver()
 *fill*         0x0000000008002c0e        0x2 
 .text.main     0x0000000008002c10       0x38 src/main.o
                0x0000000008002c10                main
 .text._Z18SystemClock_Configv
                0x0000000008002c48       0xc0 src/main.o
                0x0000000008002c48                SystemClock_Config()
 .text._Z18TurnOnWorkingClockv
                0x0000000008002d08       0x74 src/main.o
                0x0000000008002d08                TurnOnWorkingClock()
 .text.Reset_Handler
                0x0000000008002d7c       0x50 src/startup_stm32l053xx.o
                0x0000000008002d7c                Reset_Handler
 .text.Default_Handler
                0x0000000008002dcc        0x2 src/startup_stm32l053xx.o
                0x0000000008002dcc                TSC_IRQHandler
                0x0000000008002dcc                ADC1_COMP_IRQHandler
                0x0000000008002dcc                PVD_IRQHandler
                0x0000000008002dcc                I2C1_IRQHandler
                0x0000000008002dcc                RCC_CRS_IRQHandler
                0x0000000008002dcc                SPI1_IRQHandler
                0x0000000008002dcc                TIM6_DAC_IRQHandler
                0x0000000008002dcc                EXTI2_3_IRQHandler
                0x0000000008002dcc                I2C2_IRQHandler
                0x0000000008002dcc                RTC_IRQHandler
                0x0000000008002dcc                LCD_IRQHandler
                0x0000000008002dcc                DMA1_Channel4_5_6_7_IRQHandler
                0x0000000008002dcc                EXTI4_15_IRQHandler
                0x0000000008002dcc                DMA1_Channel1_IRQHandler
                0x0000000008002dcc                Default_Handler
                0x0000000008002dcc                TIM22_IRQHandler
                0x0000000008002dcc                EXTI0_1_IRQHandler
                0x0000000008002dcc                USB_IRQHandler
                0x0000000008002dcc                SPI2_IRQHandler
                0x0000000008002dcc                TIM21_IRQHandler
                0x0000000008002dcc                WWDG_IRQHandler
                0x0000000008002dcc                TIM2_IRQHandler
                0x0000000008002dcc                DMA1_Channel2_3_IRQHandler
                0x0000000008002dcc                USART2_IRQHandler
                0x0000000008002dcc                FLASH_IRQHandler
                0x0000000008002dcc                USART1_IRQHandler
                0x0000000008002dcc                RNG_LPUART1_IRQHandler
                0x0000000008002dcc                LPTIM1_IRQHandler
 *fill*         0x0000000008002dce        0x2 
 .text.SystemInit
                0x0000000008002dd0       0x7c src/system_stm32l0xx.o
                0x0000000008002dd0                SystemInit
 .text._ZdlPv   0x0000000008002e4c        0x8 /opt/Atollic_TrueSTUDIO_for_STM32_x86_64_9.3.0/ARMTools/bin/../lib/gcc/arm-atollic-eabi/6.3.1/../../../../arm-atollic-eabi/lib/armv6-m/libstdc++_nano.a(del_op.o)
                0x0000000008002e4c                operator delete(void*)
 .text.__libc_init_array
                0x0000000008002e54       0x48 /opt/Atollic_TrueSTUDIO_for_STM32_x86_64_9.3.0/ARMTools/bin/../lib/gcc/arm-atollic-eabi/6.3.1/../../../../arm-atollic-eabi/lib/armv6-m/libc_nano.a(lib_a-init.o)
                0x0000000008002e54                __libc_init_array
 .text.__itoa   0x0000000008002e9c       0x30 /opt/Atollic_TrueSTUDIO_for_STM32_x86_64_9.3.0/ARMTools/bin/../lib/gcc/arm-atollic-eabi/6.3.1/../../../../arm-atollic-eabi/lib/armv6-m/libc_nano.a(lib_a-itoa.o)
                0x0000000008002e9c                __itoa
 .text.itoa     0x0000000008002ecc        0x8 /opt/Atollic_TrueSTUDIO_for_STM32_x86_64_9.3.0/ARMTools/bin/../lib/gcc/arm-atollic-eabi/6.3.1/../../../../arm-atollic-eabi/lib/armv6-m/libc_nano.a(lib_a-itoa.o)
                0x0000000008002ecc                itoa
 .text.free     0x0000000008002ed4       0x14 /opt/Atollic_TrueSTUDIO_for_STM32_x86_64_9.3.0/ARMTools/bin/../lib/gcc/arm-atollic-eabi/6.3.1/../../../../arm-atollic-eabi/lib/armv6-m/libc_nano.a(lib_a-malloc.o)
                0x0000000008002ed4                free
 .text.memset   0x0000000008002ee8       0x10 /opt/Atollic_TrueSTUDIO_for_STM32_x86_64_9.3.0/ARMTools/bin/../lib/gcc/arm-atollic-eabi/6.3.1/../../../../arm-atollic-eabi/lib/armv6-m/libc_nano.a(lib_a-memset.o)
                0x0000000008002ee8                memset
 .text._free_r  0x0000000008002ef8       0x94 /opt/Atollic_TrueSTUDIO_for_STM32_x86_64_9.3.0/ARMTools/bin/../lib/gcc/arm-atollic-eabi/6.3.1/../../../../arm-atollic-eabi/lib/armv6-m/libc_nano.a(lib_a-nano-freer.o)
                0x0000000008002ef8                _free_r
 .text.__utoa   0x0000000008002f8c       0x74 /opt/Atollic_TrueSTUDIO_for_STM32_x86_64_9.3.0/ARMTools/bin/../lib/gcc/arm-atollic-eabi/6.3.1/../../../../arm-atollic-eabi/lib/armv6-m/libc_nano.a(lib_a-utoa.o)
                0x0000000008002f8c                __utoa
 .text.memcpy   0x0000000008003000       0x12 /opt/Atollic_TrueSTUDIO_for_STM32_x86_64_9.3.0/ARMTools/bin/../lib/gcc/arm-atollic-eabi/6.3.1/../../../../arm-atollic-eabi/lib/armv6-m/libc_nano.a(lib_a-memcpy-stub.o)
                0x0000000008003000                memcpy
 .text.__malloc_lock
                0x0000000008003012        0x2 /opt/Atollic_TrueSTUDIO_for_STM32_x86_64_9.3.0/ARMTools/bin/../lib/gcc/arm-atollic-eabi/6.3.1/../../../../arm-atollic-eabi/lib/armv6-m/libc_nano.a(lib_a-mlock.o)
                0x0000000008003012                __malloc_lock
 .text.__malloc_unlock
                0x0000000008003014        0x2 /opt/Atollic_TrueSTUDIO_for_STM32_x86_64_9.3.0/ARMTools/bin/../lib/gcc/arm-atollic-eabi/6.3.1/../../../../arm-atollic-eabi/lib/armv6-m/libc_nano.a(lib_a-mlock.o)
                0x0000000008003014                __malloc_unlock
 *(.glue_7)
 .glue_7        0x0000000008003016        0x0 linker stubs
 *(.glue_7t)
 .glue_7t       0x0000000008003016        0x0 linker stubs
 *(.eh_frame)
 *fill*         0x0000000008003016        0x2 
 .eh_frame      0x0000000008003018        0x0 /opt/Atollic_TrueSTUDIO_for_STM32_x86_64_9.3.0/ARMTools/bin/../lib/gcc/arm-atollic-eabi/6.3.1/armv6-m/crtbegin.o
 *(.init)
 .init          0x0000000008003018        0x4 /opt/Atollic_TrueSTUDIO_for_STM32_x86_64_9.3.0/ARMTools/bin/../lib/gcc/arm-atollic-eabi/6.3.1/armv6-m/crti.o
                0x0000000008003018                _init
 .init          0x000000000800301c        0x8 /opt/Atollic_TrueSTUDIO_for_STM32_x86_64_9.3.0/ARMTools/bin/../lib/gcc/arm-atollic-eabi/6.3.1/armv6-m/crtn.o
 *(.fini)
 .fini          0x0000000008003024        0x4 /opt/Atollic_TrueSTUDIO_for_STM32_x86_64_9.3.0/ARMTools/bin/../lib/gcc/arm-atollic-eabi/6.3.1/armv6-m/crti.o
                0x0000000008003024                _fini
 .fini          0x0000000008003028        0x8 /opt/Atollic_TrueSTUDIO_for_STM32_x86_64_9.3.0/ARMTools/bin/../lib/gcc/arm-atollic-eabi/6.3.1/armv6-m/crtn.o
                0x0000000008003030                . = ALIGN (0x4)
                0x0000000008003030                _etext = .

.vfp11_veneer   0x0000000008003030        0x0
 .vfp11_veneer  0x0000000008003030        0x0 linker stubs

.v4_bx          0x0000000008003030        0x0
 .v4_bx         0x0000000008003030        0x0 linker stubs

.iplt           0x0000000008003030        0x0
 .iplt          0x0000000008003030        0x0 /opt/Atollic_TrueSTUDIO_for_STM32_x86_64_9.3.0/ARMTools/bin/../lib/gcc/arm-atollic-eabi/6.3.1/armv6-m/crtbegin.o

.rodata         0x0000000008003030       0x74
                0x0000000008003030                . = ALIGN (0x4)
 *(.rodata)
 *(.rodata*)
 .rodata._ZL8digitMap
                0x0000000008003030        0xa src/Classes/Lcd/Digit.o
 *fill*         0x000000000800303a        0x2 
 .rodata._ZN6CTimer13getFactor1000ENS_4UnitE
                0x000000000800303c       0x18 src/Classes/timer/timer.o
 .rodata._ZTV6Driver
                0x0000000008003054       0x10 src/main.o
                0x0000000008003054                vtable for Driver
 .rodata.AHBPrescTable
                0x0000000008003064       0x10 src/system_stm32l0xx.o
                0x0000000008003064                AHBPrescTable
 .rodata.PLLMulTable
                0x0000000008003074        0x9 src/system_stm32l0xx.o
                0x0000000008003074                PLLMulTable
 .rodata.__utoa.str1.1
                0x000000000800307d       0x25 /opt/Atollic_TrueSTUDIO_for_STM32_x86_64_9.3.0/ARMTools/bin/../lib/gcc/arm-atollic-eabi/6.3.1/../../../../arm-atollic-eabi/lib/armv6-m/libc_nano.a(lib_a-utoa.o)
                0x00000000080030a4                . = ALIGN (0x4)
 *fill*         0x00000000080030a2        0x2 

.rel.dyn        0x00000000080030a4        0x0
 .rel.iplt      0x00000000080030a4        0x0 /opt/Atollic_TrueSTUDIO_for_STM32_x86_64_9.3.0/ARMTools/bin/../lib/gcc/arm-atollic-eabi/6.3.1/armv6-m/crtbegin.o

.ARM.extab
 *(.ARM.extab* .gnu.linkonce.armextab.*)

.ARM            0x00000000080030a4        0x0
                0x00000000080030a4                __exidx_start = .
 *(.ARM.exidx*)
                0x00000000080030a4                __exidx_end = .

.preinit_array  0x00000000080030a4        0x0
                0x00000000080030a4                PROVIDE (__preinit_array_start, .)
 *(.preinit_array*)
                0x00000000080030a4                PROVIDE (__preinit_array_end, .)

.init_array     0x00000000080030a4        0x8
                0x00000000080030a4                PROVIDE (__init_array_start, .)
 *(SORT(.init_array.*))
 *(.init_array*)
 .init_array    0x00000000080030a4        0x4 /opt/Atollic_TrueSTUDIO_for_STM32_x86_64_9.3.0/ARMTools/bin/../lib/gcc/arm-atollic-eabi/6.3.1/armv6-m/crtbegin.o
 .init_array    0x00000000080030a8        0x4 src/ControlerInfo/CControlerInfo.o
                0x00000000080030ac                PROVIDE (__init_array_end, .)

.fini_array     0x00000000080030ac        0x4
                [!provide]                        PROVIDE (__fini_array_start, .)
 *(SORT(.fini_array.*))
 *(.fini_array*)
 .fini_array    0x00000000080030ac        0x4 /opt/Atollic_TrueSTUDIO_for_STM32_x86_64_9.3.0/ARMTools/bin/../lib/gcc/arm-atollic-eabi/6.3.1/armv6-m/crtbegin.o
                [!provide]                        PROVIDE (__fini_array_end, .)
                0x00000000080030b0                _sidata = LOADADDR (.data)

.data           0x0000000020000000       0x6c load address 0x00000000080030b0
                0x0000000020000000                . = ALIGN (0x4)
                0x0000000020000000                _sdata = .
 *(.data)
 *(.data*)
 .data._ZN6CTimer11getTickFuncE
                0x0000000020000000        0x4 src/Classes/timer/timer.o
                0x0000000020000000                CTimer::getTickFunc
 .data.SystemCoreClock
                0x0000000020000004        0x4 src/system_stm32l0xx.o
                0x0000000020000004                SystemCoreClock
 .data._impure_ptr
                0x0000000020000008        0x4 /opt/Atollic_TrueSTUDIO_for_STM32_x86_64_9.3.0/ARMTools/bin/../lib/gcc/arm-atollic-eabi/6.3.1/../../../../arm-atollic-eabi/lib/armv6-m/libc_nano.a(lib_a-impure.o)
                0x0000000020000008                _impure_ptr
 .data.impure_data
                0x000000002000000c       0x60 /opt/Atollic_TrueSTUDIO_for_STM32_x86_64_9.3.0/ARMTools/bin/../lib/gcc/arm-atollic-eabi/6.3.1/../../../../arm-atollic-eabi/lib/armv6-m/libc_nano.a(lib_a-impure.o)
                0x000000002000006c                . = ALIGN (0x4)
                0x000000002000006c                _edata = .

.igot.plt       0x000000002000006c        0x0 load address 0x000000000800311c
 .igot.plt      0x000000002000006c        0x0 /opt/Atollic_TrueSTUDIO_for_STM32_x86_64_9.3.0/ARMTools/bin/../lib/gcc/arm-atollic-eabi/6.3.1/armv6-m/crtbegin.o
                0x000000002000006c                . = ALIGN (0x4)

.bss            0x000000002000006c       0x6c load address 0x000000000800311c
                0x000000002000006c                _sbss = .
                0x000000002000006c                __bss_start__ = _sbss
 *(.bss)
 .bss           0x000000002000006c       0x1c /opt/Atollic_TrueSTUDIO_for_STM32_x86_64_9.3.0/ARMTools/bin/../lib/gcc/arm-atollic-eabi/6.3.1/armv6-m/crtbegin.o
 *(.bss*)
 .bss._ZN9EEPROMVar16m_currentAddressE
                0x0000000020000088        0x4 src/Classes/EepromVar/EEPROMVar.o
                0x0000000020000088                EEPROMVar::m_currentAddress
 .bss._ZN14CControlerInfo9m_cpuid_1E
                0x000000002000008c        0x4 src/ControlerInfo/CControlerInfo.o
                0x000000002000008c                CControlerInfo::m_cpuid_1
 .bss._ZN14CControlerInfo9m_cpuid_2E
                0x0000000020000090        0x4 src/ControlerInfo/CControlerInfo.o
                0x0000000020000090                CControlerInfo::m_cpuid_2
 .bss._ZN14CControlerInfo9m_cpuid_3E
                0x0000000020000094        0x4 src/ControlerInfo/CControlerInfo.o
                0x0000000020000094                CControlerInfo::m_cpuid_3
 .bss._ZN14CControlerInfo22m_eepromInitializationE
                0x0000000020000098        0x8 src/ControlerInfo/CControlerInfo.o
                0x0000000020000098                CControlerInfo::m_eepromInitialization
 .bss._ZN14CControlerInfo20m_eeppromMotominutesE
                0x00000000200000a0        0x8 src/ControlerInfo/CControlerInfo.o
                0x00000000200000a0                CControlerInfo::m_eeppromMotominutes
 .bss._ZN14CControlerInfo18m_eeppromMotohoursE
                0x00000000200000a8        0x8 src/ControlerInfo/CControlerInfo.o
                0x00000000200000a8                CControlerInfo::m_eeppromMotohours
 .bss._ZN14CControlerInfo21m_eeppromMaxMotohoursE
                0x00000000200000b0        0x8 src/ControlerInfo/CControlerInfo.o
                0x00000000200000b0                CControlerInfo::m_eeppromMaxMotohours
 .bss.__malloc_free_list
                0x00000000200000b8        0x4 /opt/Atollic_TrueSTUDIO_for_STM32_x86_64_9.3.0/ARMTools/bin/../lib/gcc/arm-atollic-eabi/6.3.1/../../../../arm-atollic-eabi/lib/armv6-m/libc_nano.a(lib_a-nano-mallocr.o)
                0x00000000200000b8                __malloc_free_list
 *(COMMON)
 COMMON         0x00000000200000bc        0x4 Drivers/STM32L0xx_HAL_Driver/Src/stm32l0xx_hal.o
                0x00000000200000bc                uwTick
 COMMON         0x00000000200000c0       0x18 Drivers/STM32L0xx_HAL_Driver/Src/stm32l0xx_hal_flash.o
                0x00000000200000c0                pFlash
                0x00000000200000d8                . = ALIGN (0x4)
                0x00000000200000d8                _ebss = .
                0x00000000200000d8                __bss_end__ = _ebss

._user_heap_stack
                0x00000000200000d8       0x80 load address 0x000000000800311c
                0x00000000200000d8                . = ALIGN (0x4)
                0x00000000200000d8                PROVIDE (end, .)
                [!provide]                        PROVIDE (_end, .)
                0x00000000200000d8                . = (. + _Min_Heap_Size)
                0x0000000020000158                . = (. + _Min_Stack_Size)
 *fill*         0x00000000200000d8       0x80 
                0x0000000020000158                . = ALIGN (0x4)

.memory_b1_text
 *(.mb1text)
 *(.mb1text*)
 *(.mb1rodata)
 *(.mb1rodata*)

/DISCARD/
 libc.a(*)
 libm.a(*)
 libgcc.a(*)

.ARM.attributes
                0x0000000000000000       0x28
 *(.ARM.attributes)
 .ARM.attributes
                0x0000000000000000       0x1e /opt/Atollic_TrueSTUDIO_for_STM32_x86_64_9.3.0/ARMTools/bin/../lib/gcc/arm-atollic-eabi/6.3.1/armv6-m/crti.o
 .ARM.attributes
                0x000000000000001e       0x2c /opt/Atollic_TrueSTUDIO_for_STM32_x86_64_9.3.0/ARMTools/bin/../lib/gcc/arm-atollic-eabi/6.3.1/armv6-m/crtbegin.o
 .ARM.attributes
                0x000000000000004a       0x32 Drivers/STM32L0xx_HAL_Driver/Src/stm32l0xx_hal.o
 .ARM.attributes
                0x000000000000007c       0x32 Drivers/STM32L0xx_HAL_Driver/Src/stm32l0xx_hal_cortex.o
 .ARM.attributes
                0x00000000000000ae       0x32 Drivers/STM32L0xx_HAL_Driver/Src/stm32l0xx_hal_flash.o
 .ARM.attributes
                0x00000000000000e0       0x32 Drivers/STM32L0xx_HAL_Driver/Src/stm32l0xx_hal_flash_ex.o
 .ARM.attributes
                0x0000000000000112       0x32 Drivers/STM32L0xx_HAL_Driver/Src/stm32l0xx_hal_gpio.o
 .ARM.attributes
                0x0000000000000144       0x32 Drivers/STM32L0xx_HAL_Driver/Src/stm32l0xx_hal_lcd.o
 .ARM.attributes
                0x0000000000000176       0x32 Drivers/STM32L0xx_HAL_Driver/Src/stm32l0xx_hal_msp_template.o
 .ARM.attributes
                0x00000000000001a8       0x32 Drivers/STM32L0xx_HAL_Driver/Src/stm32l0xx_hal_rcc.o
 .ARM.attributes
                0x00000000000001da       0x32 Drivers/STM32L0xx_HAL_Driver/Src/stm32l0xx_hal_rcc_ex.o
 .ARM.attributes
                0x000000000000020c       0x32 src/Classes/Alarm/Alarm.o
 .ARM.attributes
                0x000000000000023e       0x32 src/Classes/EepromVar/EEPROMVar.o
 .ARM.attributes
                0x0000000000000270       0x32 src/Classes/HardwareInterrupt/HardwareInterrupt.o
 .ARM.attributes
                0x00000000000002a2       0x32 src/Classes/Lcd/Digit.o
 .ARM.attributes
                0x00000000000002d4       0x32 src/Classes/Lcd/Lcd.o
 .ARM.attributes
                0x0000000000000306       0x32 src/Classes/VersionScreen/VersionScreen.o
 .ARM.attributes
                0x0000000000000338       0x32 src/Classes/timer/timer.o
 .ARM.attributes
                0x000000000000036a       0x32 src/ControlerInfo/CControlerInfo.o
 .ARM.attributes
                0x000000000000039c       0x32 src/Driver/Driver.o
 .ARM.attributes
                0x00000000000003ce       0x32 src/main.o
 .ARM.attributes
                0x0000000000000400       0x22 src/startup_stm32l053xx.o
 .ARM.attributes
                0x0000000000000422       0x32 src/system_stm32l0xx.o
 .ARM.attributes
                0x0000000000000454       0x2c /opt/Atollic_TrueSTUDIO_for_STM32_x86_64_9.3.0/ARMTools/bin/../lib/gcc/arm-atollic-eabi/6.3.1/../../../../arm-atollic-eabi/lib/armv6-m/libstdc++_nano.a(del_op.o)
 .ARM.attributes
                0x0000000000000480       0x2c /opt/Atollic_TrueSTUDIO_for_STM32_x86_64_9.3.0/ARMTools/bin/../lib/gcc/arm-atollic-eabi/6.3.1/../../../../arm-atollic-eabi/lib/armv6-m/libc_nano.a(lib_a-init.o)
 .ARM.attributes
                0x00000000000004ac       0x2c /opt/Atollic_TrueSTUDIO_for_STM32_x86_64_9.3.0/ARMTools/bin/../lib/gcc/arm-atollic-eabi/6.3.1/../../../../arm-atollic-eabi/lib/armv6-m/libc_nano.a(lib_a-itoa.o)
 .ARM.attributes
                0x00000000000004d8       0x2c /opt/Atollic_TrueSTUDIO_for_STM32_x86_64_9.3.0/ARMTools/bin/../lib/gcc/arm-atollic-eabi/6.3.1/../../../../arm-atollic-eabi/lib/armv6-m/libc_nano.a(lib_a-malloc.o)
 .ARM.attributes
                0x0000000000000504       0x2c /opt/Atollic_TrueSTUDIO_for_STM32_x86_64_9.3.0/ARMTools/bin/../lib/gcc/arm-atollic-eabi/6.3.1/../../../../arm-atollic-eabi/lib/armv6-m/libc_nano.a(lib_a-memset.o)
 .ARM.attributes
                0x0000000000000530       0x2c /opt/Atollic_TrueSTUDIO_for_STM32_x86_64_9.3.0/ARMTools/bin/../lib/gcc/arm-atollic-eabi/6.3.1/../../../../arm-atollic-eabi/lib/armv6-m/libc_nano.a(lib_a-nano-freer.o)
 .ARM.attributes
                0x000000000000055c       0x2c /opt/Atollic_TrueSTUDIO_for_STM32_x86_64_9.3.0/ARMTools/bin/../lib/gcc/arm-atollic-eabi/6.3.1/../../../../arm-atollic-eabi/lib/armv6-m/libc_nano.a(lib_a-nano-mallocr.o)
 .ARM.attributes
                0x0000000000000588       0x2c /opt/Atollic_TrueSTUDIO_for_STM32_x86_64_9.3.0/ARMTools/bin/../lib/gcc/arm-atollic-eabi/6.3.1/../../../../arm-atollic-eabi/lib/armv6-m/libc_nano.a(lib_a-utoa.o)
 .ARM.attributes
                0x00000000000005b4       0x2c /opt/Atollic_TrueSTUDIO_for_STM32_x86_64_9.3.0/ARMTools/bin/../lib/gcc/arm-atollic-eabi/6.3.1/../../../../arm-atollic-eabi/lib/armv6-m/libc_nano.a(lib_a-impure.o)
 .ARM.attributes
                0x00000000000005e0       0x2c /opt/Atollic_TrueSTUDIO_for_STM32_x86_64_9.3.0/ARMTools/bin/../lib/gcc/arm-atollic-eabi/6.3.1/../../../../arm-atollic-eabi/lib/armv6-m/libc_nano.a(lib_a-memcpy-stub.o)
 .ARM.attributes
                0x000000000000060c       0x2c /opt/Atollic_TrueSTUDIO_for_STM32_x86_64_9.3.0/ARMTools/bin/../lib/gcc/arm-atollic-eabi/6.3.1/../../../../arm-atollic-eabi/lib/armv6-m/libc_nano.a(lib_a-mlock.o)
 .ARM.attributes
                0x0000000000000638       0x1e /opt/Atollic_TrueSTUDIO_for_STM32_x86_64_9.3.0/ARMTools/bin/../lib/gcc/arm-atollic-eabi/6.3.1/armv6-m/libgcc.a(_udivsi3.o)
 .ARM.attributes
                0x0000000000000656       0x1e /opt/Atollic_TrueSTUDIO_for_STM32_x86_64_9.3.0/ARMTools/bin/../lib/gcc/arm-atollic-eabi/6.3.1/armv6-m/libgcc.a(_dvmd_tls.o)
 .ARM.attributes
                0x0000000000000674       0x1e /opt/Atollic_TrueSTUDIO_for_STM32_x86_64_9.3.0/ARMTools/bin/../lib/gcc/arm-atollic-eabi/6.3.1/armv6-m/crtn.o
OUTPUT(Licznik.elf elf32-littlearm)

.debug_info     0x0000000000000000     0xafa1
 .debug_info    0x0000000000000000      0x7ac Drivers/STM32L0xx_HAL_Driver/Src/stm32l0xx_hal.o
 .debug_info    0x00000000000007ac      0x8cf Drivers/STM32L0xx_HAL_Driver/Src/stm32l0xx_hal_cortex.o
 .debug_info    0x000000000000107b      0x5f7 Drivers/STM32L0xx_HAL_Driver/Src/stm32l0xx_hal_flash.o
 .debug_info    0x0000000000001672      0xa2f Drivers/STM32L0xx_HAL_Driver/Src/stm32l0xx_hal_flash_ex.o
 .debug_info    0x00000000000020a1      0x6c5 Drivers/STM32L0xx_HAL_Driver/Src/stm32l0xx_hal_gpio.o
 .debug_info    0x0000000000002766      0x56e Drivers/STM32L0xx_HAL_Driver/Src/stm32l0xx_hal_lcd.o
 .debug_info    0x0000000000002cd4      0x16b Drivers/STM32L0xx_HAL_Driver/Src/stm32l0xx_hal_msp_template.o
 .debug_info    0x0000000000002e3f      0x955 Drivers/STM32L0xx_HAL_Driver/Src/stm32l0xx_hal_rcc.o
 .debug_info    0x0000000000003794      0x813 Drivers/STM32L0xx_HAL_Driver/Src/stm32l0xx_hal_rcc_ex.o
 .debug_info    0x0000000000003fa7      0x390 src/Classes/Alarm/Alarm.o
 .debug_info    0x0000000000004337      0x421 src/Classes/EepromVar/EEPROMVar.o
 .debug_info    0x0000000000004758      0x1b9 src/Classes/HardwareInterrupt/HardwareInterrupt.o
 .debug_info    0x0000000000004911      0x2c8 src/Classes/Lcd/Digit.o
 .debug_info    0x0000000000004bd9      0xb30 src/Classes/Lcd/Lcd.o
 .debug_info    0x0000000000005709     0x12ae src/Classes/VersionScreen/VersionScreen.o
 .debug_info    0x00000000000069b7      0x9ce src/Classes/timer/timer.o
 .debug_info    0x0000000000007385      0x715 src/ControlerInfo/CControlerInfo.o
 .debug_info    0x0000000000007a9a     0x1c9e src/Driver/Driver.o
 .debug_info    0x0000000000009738     0x1481 src/main.o
 .debug_info    0x000000000000abb9       0x75 src/startup_stm32l053xx.o
 .debug_info    0x000000000000ac2e      0x373 src/system_stm32l0xx.o

.debug_abbrev   0x0000000000000000     0x2ce8
 .debug_abbrev  0x0000000000000000      0x214 Drivers/STM32L0xx_HAL_Driver/Src/stm32l0xx_hal.o
 .debug_abbrev  0x0000000000000214      0x25c Drivers/STM32L0xx_HAL_Driver/Src/stm32l0xx_hal_cortex.o
 .debug_abbrev  0x0000000000000470      0x29d Drivers/STM32L0xx_HAL_Driver/Src/stm32l0xx_hal_flash.o
 .debug_abbrev  0x000000000000070d      0x2df Drivers/STM32L0xx_HAL_Driver/Src/stm32l0xx_hal_flash_ex.o
 .debug_abbrev  0x00000000000009ec      0x1bb Drivers/STM32L0xx_HAL_Driver/Src/stm32l0xx_hal_gpio.o
 .debug_abbrev  0x0000000000000ba7      0x1bb Drivers/STM32L0xx_HAL_Driver/Src/stm32l0xx_hal_lcd.o
 .debug_abbrev  0x0000000000000d62       0x91 Drivers/STM32L0xx_HAL_Driver/Src/stm32l0xx_hal_msp_template.o
 .debug_abbrev  0x0000000000000df3      0x215 Drivers/STM32L0xx_HAL_Driver/Src/stm32l0xx_hal_rcc.o
 .debug_abbrev  0x0000000000001008      0x1e5 Drivers/STM32L0xx_HAL_Driver/Src/stm32l0xx_hal_rcc_ex.o
 .debug_abbrev  0x00000000000011ed      0x1d1 src/Classes/Alarm/Alarm.o
 .debug_abbrev  0x00000000000013be      0x1cf src/Classes/EepromVar/EEPROMVar.o
 .debug_abbrev  0x000000000000158d       0xa5 src/Classes/HardwareInterrupt/HardwareInterrupt.o
 .debug_abbrev  0x0000000000001632      0x169 src/Classes/Lcd/Digit.o
 .debug_abbrev  0x000000000000179b      0x256 src/Classes/Lcd/Lcd.o
 .debug_abbrev  0x00000000000019f1      0x372 src/Classes/VersionScreen/VersionScreen.o
 .debug_abbrev  0x0000000000001d63      0x2c6 src/Classes/timer/timer.o
 .debug_abbrev  0x0000000000002029      0x231 src/ControlerInfo/CControlerInfo.o
 .debug_abbrev  0x000000000000225a      0x4fb src/Driver/Driver.o
 .debug_abbrev  0x0000000000002755      0x484 src/main.o
 .debug_abbrev  0x0000000000002bd9       0x12 src/startup_stm32l053xx.o
 .debug_abbrev  0x0000000000002beb       0xfd src/system_stm32l0xx.o

.debug_aranges  0x0000000000000000      0x950
 .debug_aranges
                0x0000000000000000       0xf8 Drivers/STM32L0xx_HAL_Driver/Src/stm32l0xx_hal.o
 .debug_aranges
                0x00000000000000f8       0xd8 Drivers/STM32L0xx_HAL_Driver/Src/stm32l0xx_hal_cortex.o
 .debug_aranges
                0x00000000000001d0       0x80 Drivers/STM32L0xx_HAL_Driver/Src/stm32l0xx_hal_flash.o
 .debug_aranges
                0x0000000000000250       0xe0 Drivers/STM32L0xx_HAL_Driver/Src/stm32l0xx_hal_flash_ex.o
 .debug_aranges
                0x0000000000000330       0x58 Drivers/STM32L0xx_HAL_Driver/Src/stm32l0xx_hal_gpio.o
 .debug_aranges
                0x0000000000000388       0x68 Drivers/STM32L0xx_HAL_Driver/Src/stm32l0xx_hal_lcd.o
 .debug_aranges
                0x00000000000003f0       0x38 Drivers/STM32L0xx_HAL_Driver/Src/stm32l0xx_hal_msp_template.o
 .debug_aranges
                0x0000000000000428       0x80 Drivers/STM32L0xx_HAL_Driver/Src/stm32l0xx_hal_rcc.o
 .debug_aranges
                0x00000000000004a8       0xb0 Drivers/STM32L0xx_HAL_Driver/Src/stm32l0xx_hal_rcc_ex.o
 .debug_aranges
                0x0000000000000558       0x30 src/Classes/Alarm/Alarm.o
 .debug_aranges
                0x0000000000000588       0x50 src/Classes/EepromVar/EEPROMVar.o
 .debug_aranges
                0x00000000000005d8       0x60 src/Classes/HardwareInterrupt/HardwareInterrupt.o
 .debug_aranges
                0x0000000000000638       0x30 src/Classes/Lcd/Digit.o
 .debug_aranges
                0x0000000000000668       0x70 src/Classes/Lcd/Lcd.o
 .debug_aranges
                0x00000000000006d8       0x28 src/Classes/VersionScreen/VersionScreen.o
 .debug_aranges
                0x0000000000000700       0xe8 src/Classes/timer/timer.o
 .debug_aranges
                0x00000000000007e8       0x88 src/ControlerInfo/CControlerInfo.o
 .debug_aranges
                0x0000000000000870       0x40 src/Driver/Driver.o
 .debug_aranges
                0x00000000000008b0       0x50 src/main.o
 .debug_aranges
                0x0000000000000900       0x28 src/startup_stm32l053xx.o
 .debug_aranges
                0x0000000000000928       0x28 src/system_stm32l0xx.o

.debug_ranges   0x0000000000000000      0x808
 .debug_ranges  0x0000000000000000       0xe8 Drivers/STM32L0xx_HAL_Driver/Src/stm32l0xx_hal.o
 .debug_ranges  0x00000000000000e8       0xc8 Drivers/STM32L0xx_HAL_Driver/Src/stm32l0xx_hal_cortex.o
 .debug_ranges  0x00000000000001b0       0x70 Drivers/STM32L0xx_HAL_Driver/Src/stm32l0xx_hal_flash.o
 .debug_ranges  0x0000000000000220       0xd0 Drivers/STM32L0xx_HAL_Driver/Src/stm32l0xx_hal_flash_ex.o
 .debug_ranges  0x00000000000002f0       0x48 Drivers/STM32L0xx_HAL_Driver/Src/stm32l0xx_hal_gpio.o
 .debug_ranges  0x0000000000000338       0x58 Drivers/STM32L0xx_HAL_Driver/Src/stm32l0xx_hal_lcd.o
 .debug_ranges  0x0000000000000390       0x28 Drivers/STM32L0xx_HAL_Driver/Src/stm32l0xx_hal_msp_template.o
 .debug_ranges  0x00000000000003b8       0x70 Drivers/STM32L0xx_HAL_Driver/Src/stm32l0xx_hal_rcc.o
 .debug_ranges  0x0000000000000428       0xa0 Drivers/STM32L0xx_HAL_Driver/Src/stm32l0xx_hal_rcc_ex.o
 .debug_ranges  0x00000000000004c8       0x20 src/Classes/Alarm/Alarm.o
 .debug_ranges  0x00000000000004e8       0x40 src/Classes/EepromVar/EEPROMVar.o
 .debug_ranges  0x0000000000000528       0x50 src/Classes/HardwareInterrupt/HardwareInterrupt.o
 .debug_ranges  0x0000000000000578       0x20 src/Classes/Lcd/Digit.o
 .debug_ranges  0x0000000000000598       0x60 src/Classes/Lcd/Lcd.o
 .debug_ranges  0x00000000000005f8       0x18 src/Classes/VersionScreen/VersionScreen.o
 .debug_ranges  0x0000000000000610       0xd8 src/Classes/timer/timer.o
 .debug_ranges  0x00000000000006e8       0x78 src/ControlerInfo/CControlerInfo.o
 .debug_ranges  0x0000000000000760       0x30 src/Driver/Driver.o
 .debug_ranges  0x0000000000000790       0x40 src/main.o
 .debug_ranges  0x00000000000007d0       0x20 src/startup_stm32l053xx.o
 .debug_ranges  0x00000000000007f0       0x18 src/system_stm32l0xx.o

.debug_line     0x0000000000000000     0x453e
 .debug_line    0x0000000000000000      0x406 Drivers/STM32L0xx_HAL_Driver/Src/stm32l0xx_hal.o
 .debug_line    0x0000000000000406      0x441 Drivers/STM32L0xx_HAL_Driver/Src/stm32l0xx_hal_cortex.o
 .debug_line    0x0000000000000847      0x42f Drivers/STM32L0xx_HAL_Driver/Src/stm32l0xx_hal_flash.o
 .debug_line    0x0000000000000c76      0x542 Drivers/STM32L0xx_HAL_Driver/Src/stm32l0xx_hal_flash_ex.o
 .debug_line    0x00000000000011b8      0x381 Drivers/STM32L0xx_HAL_Driver/Src/stm32l0xx_hal_gpio.o
 .debug_line    0x0000000000001539      0x374 Drivers/STM32L0xx_HAL_Driver/Src/stm32l0xx_hal_lcd.o
 .debug_line    0x00000000000018ad      0x1ed Drivers/STM32L0xx_HAL_Driver/Src/stm32l0xx_hal_msp_template.o
 .debug_line    0x0000000000001a9a      0x4c8 Drivers/STM32L0xx_HAL_Driver/Src/stm32l0xx_hal_rcc.o
 .debug_line    0x0000000000001f62      0x508 Drivers/STM32L0xx_HAL_Driver/Src/stm32l0xx_hal_rcc_ex.o
 .debug_line    0x000000000000246a      0x1f6 src/Classes/Alarm/Alarm.o
 .debug_line    0x0000000000002660      0x22a src/Classes/EepromVar/EEPROMVar.o
 .debug_line    0x000000000000288a      0x244 src/Classes/HardwareInterrupt/HardwareInterrupt.o
 .debug_line    0x0000000000002ace      0x1d3 src/Classes/Lcd/Digit.o
 .debug_line    0x0000000000002ca1      0x36a src/Classes/Lcd/Lcd.o
 .debug_line    0x000000000000300b      0x42c src/Classes/VersionScreen/VersionScreen.o
 .debug_line    0x0000000000003437      0x34a src/Classes/timer/timer.o
 .debug_line    0x0000000000003781      0x2da src/ControlerInfo/CControlerInfo.o
 .debug_line    0x0000000000003a5b      0x514 src/Driver/Driver.o
 .debug_line    0x0000000000003f6f      0x387 src/main.o
 .debug_line    0x00000000000042f6       0x7f src/startup_stm32l053xx.o
 .debug_line    0x0000000000004375      0x1c9 src/system_stm32l0xx.o

.debug_str      0x0000000000000000     0x35ad
 .debug_str     0x0000000000000000      0x742 Drivers/STM32L0xx_HAL_Driver/Src/stm32l0xx_hal.o
                                        0x7af (size before relaxing)
 .debug_str     0x0000000000000742      0x30b Drivers/STM32L0xx_HAL_Driver/Src/stm32l0xx_hal_cortex.o
                                        0x75a (size before relaxing)
 .debug_str     0x0000000000000a4d      0x264 Drivers/STM32L0xx_HAL_Driver/Src/stm32l0xx_hal_flash.o
                                        0x4fb (size before relaxing)
 .debug_str     0x0000000000000cb1      0x42f Drivers/STM32L0xx_HAL_Driver/Src/stm32l0xx_hal_flash_ex.o
                                        0x7da (size before relaxing)
 .debug_str     0x00000000000010e0      0x172 Drivers/STM32L0xx_HAL_Driver/Src/stm32l0xx_hal_gpio.o
                                        0x4ab (size before relaxing)
 .debug_str     0x0000000000001252      0x1ea Drivers/STM32L0xx_HAL_Driver/Src/stm32l0xx_hal_lcd.o
                                        0x4af (size before relaxing)
 .debug_str     0x000000000000143c       0x63 Drivers/STM32L0xx_HAL_Driver/Src/stm32l0xx_hal_msp_template.o
                                        0x257 (size before relaxing)
 .debug_str     0x000000000000149f      0x2e9 Drivers/STM32L0xx_HAL_Driver/Src/stm32l0xx_hal_rcc.o
                                        0x6d5 (size before relaxing)
 .debug_str     0x0000000000001788      0x429 Drivers/STM32L0xx_HAL_Driver/Src/stm32l0xx_hal_rcc_ex.o
                                        0x7a1 (size before relaxing)
 .debug_str     0x0000000000001bb1      0x18f src/Classes/Alarm/Alarm.o
                                        0x354 (size before relaxing)
 .debug_str     0x0000000000001d40      0x15e src/Classes/EepromVar/EEPROMVar.o
                                        0x385 (size before relaxing)
 .debug_str     0x0000000000001e9e       0xc7 src/Classes/HardwareInterrupt/HardwareInterrupt.o
                                        0x2cb (size before relaxing)
 .debug_str     0x0000000000001f65       0xce src/Classes/Lcd/Digit.o
                                        0x2dc (size before relaxing)
 .debug_str     0x0000000000002033      0x1bf src/Classes/Lcd/Lcd.o
                                        0x75f (size before relaxing)
 .debug_str     0x00000000000021f2      0x549 src/Classes/VersionScreen/VersionScreen.o
                                        0xb7a (size before relaxing)
 .debug_str     0x000000000000273b      0x610 src/Classes/timer/timer.o
                                        0x7f6 (size before relaxing)
 .debug_str     0x0000000000002d4b      0x4ce src/ControlerInfo/CControlerInfo.o
                                        0x81d (size before relaxing)
 .debug_str     0x0000000000003219      0x1f5 src/Driver/Driver.o
                                       0x1757 (size before relaxing)
 .debug_str     0x000000000000340e      0x151 src/main.o
                                       0x15d5 (size before relaxing)
 .debug_str     0x000000000000355f       0x4e src/system_stm32l0xx.o
                                        0x2ea (size before relaxing)

.comment        0x0000000000000000       0x7c
 .comment       0x0000000000000000       0x7c Drivers/STM32L0xx_HAL_Driver/Src/stm32l0xx_hal.o
                                         0x7d (size before relaxing)
 .comment       0x000000000000007c       0x7d Drivers/STM32L0xx_HAL_Driver/Src/stm32l0xx_hal_cortex.o
 .comment       0x000000000000007c       0x7d Drivers/STM32L0xx_HAL_Driver/Src/stm32l0xx_hal_flash.o
 .comment       0x000000000000007c       0x7d Drivers/STM32L0xx_HAL_Driver/Src/stm32l0xx_hal_flash_ex.o
 .comment       0x000000000000007c       0x7d Drivers/STM32L0xx_HAL_Driver/Src/stm32l0xx_hal_gpio.o
 .comment       0x000000000000007c       0x7d Drivers/STM32L0xx_HAL_Driver/Src/stm32l0xx_hal_lcd.o
 .comment       0x000000000000007c       0x7d Drivers/STM32L0xx_HAL_Driver/Src/stm32l0xx_hal_msp_template.o
 .comment       0x000000000000007c       0x7d Drivers/STM32L0xx_HAL_Driver/Src/stm32l0xx_hal_rcc.o
 .comment       0x000000000000007c       0x7d Drivers/STM32L0xx_HAL_Driver/Src/stm32l0xx_hal_rcc_ex.o
 .comment       0x000000000000007c       0x7d src/Classes/Alarm/Alarm.o
 .comment       0x000000000000007c       0x7d src/Classes/EepromVar/EEPROMVar.o
 .comment       0x000000000000007c       0x7d src/Classes/HardwareInterrupt/HardwareInterrupt.o
 .comment       0x000000000000007c       0x7d src/Classes/Lcd/Digit.o
 .comment       0x000000000000007c       0x7d src/Classes/Lcd/Lcd.o
 .comment       0x000000000000007c       0x7d src/Classes/VersionScreen/VersionScreen.o
 .comment       0x000000000000007c       0x7d src/Classes/timer/timer.o
 .comment       0x000000000000007c       0x7d src/ControlerInfo/CControlerInfo.o
 .comment       0x000000000000007c       0x7d src/Driver/Driver.o
 .comment       0x000000000000007c       0x7d src/main.o
 .comment       0x000000000000007c       0x7d src/system_stm32l0xx.o

.debug_frame    0x0000000000000000     0x1f48
 .debug_frame   0x0000000000000000      0x338 Drivers/STM32L0xx_HAL_Driver/Src/stm32l0xx_hal.o
 .debug_frame   0x0000000000000338      0x300 Drivers/STM32L0xx_HAL_Driver/Src/stm32l0xx_hal_cortex.o
 .debug_frame   0x0000000000000638      0x1a0 Drivers/STM32L0xx_HAL_Driver/Src/stm32l0xx_hal_flash.o
 .debug_frame   0x00000000000007d8      0x314 Drivers/STM32L0xx_HAL_Driver/Src/stm32l0xx_hal_flash_ex.o
 .debug_frame   0x0000000000000aec      0x110 Drivers/STM32L0xx_HAL_Driver/Src/stm32l0xx_hal_gpio.o
 .debug_frame   0x0000000000000bfc      0x150 Drivers/STM32L0xx_HAL_Driver/Src/stm32l0xx_hal_lcd.o
 .debug_frame   0x0000000000000d4c       0x80 Drivers/STM32L0xx_HAL_Driver/Src/stm32l0xx_hal_msp_template.o
 .debug_frame   0x0000000000000dcc      0x198 Drivers/STM32L0xx_HAL_Driver/Src/stm32l0xx_hal_rcc.o
 .debug_frame   0x0000000000000f64      0x244 Drivers/STM32L0xx_HAL_Driver/Src/stm32l0xx_hal_rcc_ex.o
 .debug_frame   0x00000000000011a8       0x70 src/Classes/Alarm/Alarm.o
 .debug_frame   0x0000000000001218       0xf0 src/Classes/EepromVar/EEPROMVar.o
 .debug_frame   0x0000000000001308      0x10c src/Classes/HardwareInterrupt/HardwareInterrupt.o
 .debug_frame   0x0000000000001414       0x70 src/Classes/Lcd/Digit.o
 .debug_frame   0x0000000000001484      0x174 src/Classes/Lcd/Lcd.o
 .debug_frame   0x00000000000015f8       0x50 src/Classes/VersionScreen/VersionScreen.o
 .debug_frame   0x0000000000001648      0x348 src/Classes/timer/timer.o
 .debug_frame   0x0000000000001990      0x1c0 src/ControlerInfo/CControlerInfo.o
 .debug_frame   0x0000000000001b50       0xb0 src/Driver/Driver.o
 .debug_frame   0x0000000000001c00       0xf0 src/main.o
 .debug_frame   0x0000000000001cf0       0x4c src/system_stm32l0xx.o
 .debug_frame   0x0000000000001d3c       0x28 /opt/Atollic_TrueSTUDIO_for_STM32_x86_64_9.3.0/ARMTools/bin/../lib/gcc/arm-atollic-eabi/6.3.1/../../../../arm-atollic-eabi/lib/armv6-m/libstdc++_nano.a(del_op.o)
 .debug_frame   0x0000000000001d64       0x2c /opt/Atollic_TrueSTUDIO_for_STM32_x86_64_9.3.0/ARMTools/bin/../lib/gcc/arm-atollic-eabi/6.3.1/../../../../arm-atollic-eabi/lib/armv6-m/libc_nano.a(lib_a-init.o)
 .debug_frame   0x0000000000001d90       0x40 /opt/Atollic_TrueSTUDIO_for_STM32_x86_64_9.3.0/ARMTools/bin/../lib/gcc/arm-atollic-eabi/6.3.1/../../../../arm-atollic-eabi/lib/armv6-m/libc_nano.a(lib_a-itoa.o)
 .debug_frame   0x0000000000001dd0       0x40 /opt/Atollic_TrueSTUDIO_for_STM32_x86_64_9.3.0/ARMTools/bin/../lib/gcc/arm-atollic-eabi/6.3.1/../../../../arm-atollic-eabi/lib/armv6-m/libc_nano.a(lib_a-malloc.o)
 .debug_frame   0x0000000000001e10       0x20 /opt/Atollic_TrueSTUDIO_for_STM32_x86_64_9.3.0/ARMTools/bin/../lib/gcc/arm-atollic-eabi/6.3.1/../../../../arm-atollic-eabi/lib/armv6-m/libc_nano.a(lib_a-memset.o)
 .debug_frame   0x0000000000001e30       0x2c /opt/Atollic_TrueSTUDIO_for_STM32_x86_64_9.3.0/ARMTools/bin/../lib/gcc/arm-atollic-eabi/6.3.1/../../../../arm-atollic-eabi/lib/armv6-m/libc_nano.a(lib_a-nano-freer.o)
 .debug_frame   0x0000000000001e5c       0x2c /opt/Atollic_TrueSTUDIO_for_STM32_x86_64_9.3.0/ARMTools/bin/../lib/gcc/arm-atollic-eabi/6.3.1/../../../../arm-atollic-eabi/lib/armv6-m/libc_nano.a(lib_a-nano-mallocr.o)
 .debug_frame   0x0000000000001e88       0x48 /opt/Atollic_TrueSTUDIO_for_STM32_x86_64_9.3.0/ARMTools/bin/../lib/gcc/arm-atollic-eabi/6.3.1/../../../../arm-atollic-eabi/lib/armv6-m/libc_nano.a(lib_a-utoa.o)
 .debug_frame   0x0000000000001ed0       0x28 /opt/Atollic_TrueSTUDIO_for_STM32_x86_64_9.3.0/ARMTools/bin/../lib/gcc/arm-atollic-eabi/6.3.1/../../../../arm-atollic-eabi/lib/armv6-m/libc_nano.a(lib_a-memcpy-stub.o)
 .debug_frame   0x0000000000001ef8       0x30 /opt/Atollic_TrueSTUDIO_for_STM32_x86_64_9.3.0/ARMTools/bin/../lib/gcc/arm-atollic-eabi/6.3.1/../../../../arm-atollic-eabi/lib/armv6-m/libc_nano.a(lib_a-mlock.o)
 .debug_frame   0x0000000000001f28       0x20 /opt/Atollic_TrueSTUDIO_for_STM32_x86_64_9.3.0/ARMTools/bin/../lib/gcc/arm-atollic-eabi/6.3.1/armv6-m/libgcc.a(_udivsi3.o)

.stabstr        0x0000000000000000       0x3f
 .stabstr       0x0000000000000000       0x3f /opt/Atollic_TrueSTUDIO_for_STM32_x86_64_9.3.0/ARMTools/bin/../lib/gcc/arm-atollic-eabi/6.3.1/../../../../arm-atollic-eabi/lib/armv6-m/libnosys.a(write.o)

Cross Reference Table

Symbol                                            File
ADC1_COMP_IRQHandler                              src/startup_stm32l053xx.o
AHBPrescTable                                     src/system_stm32l0xx.o
                                                  Drivers/STM32L0xx_HAL_Driver/Src/stm32l0xx_ll_utils.o
                                                  Drivers/STM32L0xx_HAL_Driver/Src/stm32l0xx_hal_rcc.o
APBPrescTable                                     Drivers/STM32L0xx_HAL_Driver/Src/stm32l0xx_hal_rcc.o
Alarm::init(GPIO_TypeDef*, unsigned short)        src/Classes/Alarm/Alarm.o
                                                  src/Driver/Driver.o
Alarm::off()                                      src/Classes/Alarm/Alarm.o
                                                  src/Driver/Driver.o
Alarm::on()                                       src/Classes/Alarm/Alarm.o
                                                  src/Driver/Driver.o
BusFault_Handler                                  src/Classes/HardwareInterrupt/HardwareInterrupt.o
CButton::CButton()                                src/Classes/button/button.o
CButton::CButton()                                src/Classes/button/button.o
CButton::getImpulse(bool)                         src/Classes/button/button.o
CButton::getKeyPressed()                          src/Classes/button/button.o
CButton::init(GPIO_TypeDef*, unsigned short, bool) src/Classes/button/button.o
CButton::isKeyDown()                              src/Classes/button/button.o
CButton::loopStartRegister()                      src/Classes/button/button.o
CButton::update()                                 src/Classes/button/button.o
CControlerInfo::CControlerInfo()                  src/ControlerInfo/CControlerInfo.o
                                                  src/main.o
CControlerInfo::CControlerInfo()                  src/ControlerInfo/CControlerInfo.o
CControlerInfo::deinitialization()                src/ControlerInfo/CControlerInfo.o
CControlerInfo::getCpuId_1()                      src/ControlerInfo/CControlerInfo.o
CControlerInfo::getCpuId_2()                      src/ControlerInfo/CControlerInfo.o
CControlerInfo::getCpuId_3()                      src/ControlerInfo/CControlerInfo.o
CControlerInfo::getMaxMotohours()                 src/ControlerInfo/CControlerInfo.o
                                                  src/Driver/Driver.o
CControlerInfo::getMotohours()                    src/ControlerInfo/CControlerInfo.o
                                                  src/Driver/Driver.o
CControlerInfo::getMotominutes()                  src/ControlerInfo/CControlerInfo.o
                                                  src/Driver/Driver.o
CControlerInfo::getStatusInitialization()         src/ControlerInfo/CControlerInfo.o
CControlerInfo::m_cpuid_1                         src/ControlerInfo/CControlerInfo.o
CControlerInfo::m_cpuid_2                         src/ControlerInfo/CControlerInfo.o
CControlerInfo::m_cpuid_3                         src/ControlerInfo/CControlerInfo.o
CControlerInfo::m_eeppromMaxMotohours             src/ControlerInfo/CControlerInfo.o
CControlerInfo::m_eeppromMotohours                src/ControlerInfo/CControlerInfo.o
CControlerInfo::m_eeppromMotominutes              src/ControlerInfo/CControlerInfo.o
CControlerInfo::m_eepromInitialization            src/ControlerInfo/CControlerInfo.o
CControlerInfo::setMaxMotohours(unsigned short)   src/ControlerInfo/CControlerInfo.o
CControlerInfo::setMotohours(unsigned short)      src/ControlerInfo/CControlerInfo.o
                                                  src/Driver/Driver.o
CControlerInfo::setMotominutes(unsigned char)     src/ControlerInfo/CControlerInfo.o
                                                  src/Driver/Driver.o
CTimer::CTimer(CTimer::Unit)                      src/Classes/timer/timer.o
CTimer::CTimer(CTimer::Unit)                      src/Classes/timer/timer.o
                                                  src/main.o
CTimer::_getTimeSinceStart()                      src/Classes/timer/timer.o
CTimer::_isInDowncounterMode()                    src/Classes/timer/timer.o
CTimer::_isTimeElapsed(unsigned long)             src/Classes/timer/timer.o
CTimer::_ticks2timerUnits(unsigned long)          src/Classes/timer/timer.o
CTimer::_timerUnits2ticks(unsigned long)          src/Classes/timer/timer.o
CTimer::_updateDowncounter()                      src/Classes/timer/timer.o
CTimer::changeOverallTime(unsigned long)          src/Classes/timer/timer.o
CTimer::classInit1000(unsigned long (*)())        src/Classes/timer/timer.o
                                                  src/main.o
CTimer::defaultGetTickFunc()                      src/Classes/timer/timer.o
CTimer::getElapsedTime()                          src/Classes/timer/timer.o
CTimer::getFactor1000(CTimer::Unit)               src/Classes/timer/timer.o
CTimer::getOverallTime()                          src/Classes/timer/timer.o
CTimer::getRemainingTime()                        src/Classes/timer/timer.o
CTimer::getTick()                                 src/Classes/timer/timer.o
CTimer::getTickFunc                               src/Classes/timer/timer.o
CTimer::isElapsed()                               src/Classes/timer/timer.o
                                                  src/Driver/Driver.o
CTimer::isGoingOn()                               src/Classes/timer/timer.o
CTimer::isTurnedOn()                              src/Classes/timer/timer.o
CTimer::isZero()                                  src/Classes/timer/timer.o
CTimer::setCounterType(CTimer::Unit)              src/Classes/timer/timer.o
CTimer::setCounterUnit(CTimer::Unit)              src/Classes/timer/timer.o
CTimer::start(unsigned long)                      src/Classes/timer/timer.o
                                                  src/Driver/Driver.o
CTimer::startAligned(unsigned long)               src/Classes/timer/timer.o
CTimer::startFreeRun()                            src/Classes/timer/timer.o
CTimer::startStrictAligned(unsigned long)         src/Classes/timer/timer.o
CTimer::turnOff()                                 src/Classes/timer/timer.o
DMA1_Channel1_IRQHandler                          src/startup_stm32l053xx.o
DMA1_Channel2_3_IRQHandler                        src/startup_stm32l053xx.o
DMA1_Channel4_5_6_7_IRQHandler                    src/startup_stm32l053xx.o
DebugMon_Handler                                  src/Classes/HardwareInterrupt/HardwareInterrupt.o
Default_Handler                                   src/startup_stm32l053xx.o
Digit::getD1()                                    src/Classes/Lcd/Lcd.o
Digit::getD2()                                    src/Classes/Lcd/Lcd.o
Digit::getSegmentValue()                          src/Classes/Lcd/Digit.o
                                                  src/Classes/Lcd/Lcd.o
Digit::init(unsigned char, unsigned char)         src/Classes/Lcd/Digit.o
                                                  src/Classes/Lcd/Lcd.o
Digit::setNumber(unsigned char)                   src/Classes/Lcd/Digit.o
                                                  src/Classes/Lcd/Lcd.o
Driver::Driver()                                  src/main.o
Driver::Driver()                                  src/main.o
Driver::MINUTE                                    src/Driver/Driver.o
Driver::TIME_UPDATE_HOURS_EEPROM                  src/Driver/Driver.o
Driver::TIME_UPDATE_MINUTES_EEPROM                src/Driver/Driver.o
Driver::checkMotohours()                          src/Driver/Driver.o
Driver::init()                                    src/Driver/Driver.o
                                                  src/main.o
Driver::printMotohour()                           src/Driver/Driver.o
Driver::update()                                  src/Driver/Driver.o
                                                  src/main.o
Driver::updateMinutes()                           src/Driver/Driver.o
Driver::~Driver()                                 src/main.o
Driver::~Driver()                                 src/main.o
Driver::~Driver()                                 src/main.o
EEPROMVar::EEPROMVar(unsigned short)              src/Classes/EepromVar/EEPROMVar.o
EEPROMVar::EEPROMVar(unsigned short)              src/Classes/EepromVar/EEPROMVar.o
                                                  src/ControlerInfo/CControlerInfo.o
EEPROMVar::m_currentAddress                       src/Classes/EepromVar/EEPROMVar.o
EEPROMVar::operator unsigned char()               src/Classes/EepromVar/EEPROMVar.o
                                                  src/ControlerInfo/CControlerInfo.o
EEPROMVar::operator unsigned long()               src/Classes/EepromVar/EEPROMVar.o
EEPROMVar::operator unsigned short()              src/Classes/EepromVar/EEPROMVar.o
                                                  src/ControlerInfo/CControlerInfo.o
EEPROMVar::operator=(unsigned char)               src/Classes/EepromVar/EEPROMVar.o
                                                  src/ControlerInfo/CControlerInfo.o
EEPROMVar::operator=(unsigned long)               src/Classes/EepromVar/EEPROMVar.o
EEPROMVar::operator=(unsigned short)              src/Classes/EepromVar/EEPROMVar.o
                                                  src/ControlerInfo/CControlerInfo.o
EXTI0_1_IRQHandler                                src/startup_stm32l053xx.o
EXTI2_3_IRQHandler                                src/startup_stm32l053xx.o
EXTI4_15_IRQHandler                               src/startup_stm32l053xx.o
FLASH_IRQHandler                                  src/startup_stm32l053xx.o
FLASH_PageErase                                   Drivers/STM32L0xx_HAL_Driver/Src/stm32l0xx_hal_flash_ex.o
                                                  Drivers/STM32L0xx_HAL_Driver/Src/stm32l0xx_hal_flash.o
FLASH_WaitForLastOperation                        Drivers/STM32L0xx_HAL_Driver/Src/stm32l0xx_hal_flash.o
                                                  Drivers/STM32L0xx_HAL_Driver/Src/stm32l0xx_hal_flash_ex.o
HAL_ADCEx_Calibration_GetValue                    Drivers/STM32L0xx_HAL_Driver/Src/stm32l0xx_hal_adc_ex.o
HAL_ADCEx_Calibration_SetValue                    Drivers/STM32L0xx_HAL_Driver/Src/stm32l0xx_hal_adc_ex.o
HAL_ADCEx_Calibration_Start                       Drivers/STM32L0xx_HAL_Driver/Src/stm32l0xx_hal_adc_ex.o
HAL_ADCEx_DisableVREFINT                          Drivers/STM32L0xx_HAL_Driver/Src/stm32l0xx_hal_adc_ex.o
HAL_ADCEx_DisableVREFINTTempSensor                Drivers/STM32L0xx_HAL_Driver/Src/stm32l0xx_hal_adc_ex.o
HAL_ADCEx_EnableVREFINT                           Drivers/STM32L0xx_HAL_Driver/Src/stm32l0xx_hal_adc_ex.o
HAL_ADCEx_EnableVREFINTTempSensor                 Drivers/STM32L0xx_HAL_Driver/Src/stm32l0xx_hal_adc_ex.o
HAL_ADC_AnalogWDGConfig                           Drivers/STM32L0xx_HAL_Driver/Src/stm32l0xx_hal_adc.o
HAL_ADC_ConfigChannel                             Drivers/STM32L0xx_HAL_Driver/Src/stm32l0xx_hal_adc.o
HAL_ADC_ConvCpltCallback                          Drivers/STM32L0xx_HAL_Driver/Src/stm32l0xx_hal_adc.o
HAL_ADC_ConvHalfCpltCallback                      Drivers/STM32L0xx_HAL_Driver/Src/stm32l0xx_hal_adc.o
HAL_ADC_DeInit                                    Drivers/STM32L0xx_HAL_Driver/Src/stm32l0xx_hal_adc.o
HAL_ADC_ErrorCallback                             Drivers/STM32L0xx_HAL_Driver/Src/stm32l0xx_hal_adc.o
HAL_ADC_GetError                                  Drivers/STM32L0xx_HAL_Driver/Src/stm32l0xx_hal_adc.o
HAL_ADC_GetState                                  Drivers/STM32L0xx_HAL_Driver/Src/stm32l0xx_hal_adc.o
HAL_ADC_GetValue                                  Drivers/STM32L0xx_HAL_Driver/Src/stm32l0xx_hal_adc.o
HAL_ADC_IRQHandler                                Drivers/STM32L0xx_HAL_Driver/Src/stm32l0xx_hal_adc.o
HAL_ADC_Init                                      Drivers/STM32L0xx_HAL_Driver/Src/stm32l0xx_hal_adc.o
HAL_ADC_LevelOutOfWindowCallback                  Drivers/STM32L0xx_HAL_Driver/Src/stm32l0xx_hal_adc.o
HAL_ADC_MspDeInit                                 Drivers/STM32L0xx_HAL_Driver/Src/stm32l0xx_hal_adc.o
HAL_ADC_MspInit                                   Drivers/STM32L0xx_HAL_Driver/Src/stm32l0xx_hal_adc.o
HAL_ADC_PollForConversion                         Drivers/STM32L0xx_HAL_Driver/Src/stm32l0xx_hal_adc.o
HAL_ADC_PollForEvent                              Drivers/STM32L0xx_HAL_Driver/Src/stm32l0xx_hal_adc.o
HAL_ADC_Start                                     Drivers/STM32L0xx_HAL_Driver/Src/stm32l0xx_hal_adc.o
HAL_ADC_Start_DMA                                 Drivers/STM32L0xx_HAL_Driver/Src/stm32l0xx_hal_adc.o
HAL_ADC_Start_IT                                  Drivers/STM32L0xx_HAL_Driver/Src/stm32l0xx_hal_adc.o
HAL_ADC_Stop                                      Drivers/STM32L0xx_HAL_Driver/Src/stm32l0xx_hal_adc.o
HAL_ADC_Stop_DMA                                  Drivers/STM32L0xx_HAL_Driver/Src/stm32l0xx_hal_adc.o
HAL_ADC_Stop_IT                                   Drivers/STM32L0xx_HAL_Driver/Src/stm32l0xx_hal_adc.o
HAL_COMPEx_DisableVREFINT                         Drivers/STM32L0xx_HAL_Driver/Src/stm32l0xx_hal_comp_ex.o
HAL_COMPEx_EnableVREFINT                          Drivers/STM32L0xx_HAL_Driver/Src/stm32l0xx_hal_comp_ex.o
HAL_COMP_DeInit                                   Drivers/STM32L0xx_HAL_Driver/Src/stm32l0xx_hal_comp.o
HAL_COMP_GetError                                 Drivers/STM32L0xx_HAL_Driver/Src/stm32l0xx_hal_comp.o
HAL_COMP_GetOutputLevel                           Drivers/STM32L0xx_HAL_Driver/Src/stm32l0xx_hal_comp.o
HAL_COMP_GetState                                 Drivers/STM32L0xx_HAL_Driver/Src/stm32l0xx_hal_comp.o
HAL_COMP_IRQHandler                               Drivers/STM32L0xx_HAL_Driver/Src/stm32l0xx_hal_comp.o
HAL_COMP_Init                                     Drivers/STM32L0xx_HAL_Driver/Src/stm32l0xx_hal_comp.o
HAL_COMP_Lock                                     Drivers/STM32L0xx_HAL_Driver/Src/stm32l0xx_hal_comp.o
HAL_COMP_MspDeInit                                Drivers/STM32L0xx_HAL_Driver/Src/stm32l0xx_hal_comp.o
HAL_COMP_MspInit                                  Drivers/STM32L0xx_HAL_Driver/Src/stm32l0xx_hal_comp.o
HAL_COMP_Start                                    Drivers/STM32L0xx_HAL_Driver/Src/stm32l0xx_hal_comp.o
HAL_COMP_Stop                                     Drivers/STM32L0xx_HAL_Driver/Src/stm32l0xx_hal_comp.o
HAL_COMP_TriggerCallback                          Drivers/STM32L0xx_HAL_Driver/Src/stm32l0xx_hal_comp.o
HAL_CRCEx_Input_Data_Reverse                      Drivers/STM32L0xx_HAL_Driver/Src/stm32l0xx_hal_crc_ex.o
HAL_CRCEx_Output_Data_Reverse                     Drivers/STM32L0xx_HAL_Driver/Src/stm32l0xx_hal_crc_ex.o
HAL_CRCEx_Polynomial_Set                          Drivers/STM32L0xx_HAL_Driver/Src/stm32l0xx_hal_crc_ex.o
                                                  Drivers/STM32L0xx_HAL_Driver/Src/stm32l0xx_hal_crc.o
HAL_CRC_Accumulate                                Drivers/STM32L0xx_HAL_Driver/Src/stm32l0xx_hal_crc.o
HAL_CRC_Calculate                                 Drivers/STM32L0xx_HAL_Driver/Src/stm32l0xx_hal_crc.o
HAL_CRC_DeInit                                    Drivers/STM32L0xx_HAL_Driver/Src/stm32l0xx_hal_crc.o
HAL_CRC_GetState                                  Drivers/STM32L0xx_HAL_Driver/Src/stm32l0xx_hal_crc.o
HAL_CRC_Init                                      Drivers/STM32L0xx_HAL_Driver/Src/stm32l0xx_hal_crc.o
HAL_CRC_MspDeInit                                 Drivers/STM32L0xx_HAL_Driver/Src/stm32l0xx_hal_crc.o
HAL_CRC_MspInit                                   Drivers/STM32L0xx_HAL_Driver/Src/stm32l0xx_hal_crc.o
HAL_DACEx_NoiseWaveGenerate                       Drivers/STM32L0xx_HAL_Driver/Src/stm32l0xx_hal_dac_ex.o
HAL_DACEx_TriangleWaveGenerate                    Drivers/STM32L0xx_HAL_Driver/Src/stm32l0xx_hal_dac_ex.o
HAL_DAC_ConfigChannel                             Drivers/STM32L0xx_HAL_Driver/Src/stm32l0xx_hal_dac.o
HAL_DAC_ConvCpltCallbackCh1                       Drivers/STM32L0xx_HAL_Driver/Src/stm32l0xx_hal_dac.o
                                                  Drivers/STM32L0xx_HAL_Driver/Src/stm32l0xx_hal_dac_ex.o
HAL_DAC_ConvHalfCpltCallbackCh1                   Drivers/STM32L0xx_HAL_Driver/Src/stm32l0xx_hal_dac.o
                                                  Drivers/STM32L0xx_HAL_Driver/Src/stm32l0xx_hal_dac_ex.o
HAL_DAC_DMAUnderrunCallbackCh1                    Drivers/STM32L0xx_HAL_Driver/Src/stm32l0xx_hal_dac.o
                                                  Drivers/STM32L0xx_HAL_Driver/Src/stm32l0xx_hal_dac_ex.o
HAL_DAC_DeInit                                    Drivers/STM32L0xx_HAL_Driver/Src/stm32l0xx_hal_dac.o
HAL_DAC_ErrorCallbackCh1                          Drivers/STM32L0xx_HAL_Driver/Src/stm32l0xx_hal_dac.o
                                                  Drivers/STM32L0xx_HAL_Driver/Src/stm32l0xx_hal_dac_ex.o
HAL_DAC_GetError                                  Drivers/STM32L0xx_HAL_Driver/Src/stm32l0xx_hal_dac.o
HAL_DAC_GetState                                  Drivers/STM32L0xx_HAL_Driver/Src/stm32l0xx_hal_dac.o
HAL_DAC_GetValue                                  Drivers/STM32L0xx_HAL_Driver/Src/stm32l0xx_hal_dac_ex.o
                                                  Drivers/STM32L0xx_HAL_Driver/Src/stm32l0xx_hal_dac.o
HAL_DAC_IRQHandler                                Drivers/STM32L0xx_HAL_Driver/Src/stm32l0xx_hal_dac_ex.o
                                                  Drivers/STM32L0xx_HAL_Driver/Src/stm32l0xx_hal_dac.o
HAL_DAC_Init                                      Drivers/STM32L0xx_HAL_Driver/Src/stm32l0xx_hal_dac.o
HAL_DAC_MspDeInit                                 Drivers/STM32L0xx_HAL_Driver/Src/stm32l0xx_hal_dac.o
HAL_DAC_MspInit                                   Drivers/STM32L0xx_HAL_Driver/Src/stm32l0xx_hal_dac.o
HAL_DAC_SetValue                                  Drivers/STM32L0xx_HAL_Driver/Src/stm32l0xx_hal_dac_ex.o
                                                  Drivers/STM32L0xx_HAL_Driver/Src/stm32l0xx_hal_dac.o
HAL_DAC_Start                                     Drivers/STM32L0xx_HAL_Driver/Src/stm32l0xx_hal_dac_ex.o
                                                  Drivers/STM32L0xx_HAL_Driver/Src/stm32l0xx_hal_dac.o
HAL_DAC_Start_DMA                                 Drivers/STM32L0xx_HAL_Driver/Src/stm32l0xx_hal_dac_ex.o
                                                  Drivers/STM32L0xx_HAL_Driver/Src/stm32l0xx_hal_dac.o
HAL_DAC_Stop                                      Drivers/STM32L0xx_HAL_Driver/Src/stm32l0xx_hal_dac.o
HAL_DAC_Stop_DMA                                  Drivers/STM32L0xx_HAL_Driver/Src/stm32l0xx_hal_dac_ex.o
                                                  Drivers/STM32L0xx_HAL_Driver/Src/stm32l0xx_hal_dac.o
HAL_DBGMCU_DBG_DisableLowPowerConfig              Drivers/STM32L0xx_HAL_Driver/Src/stm32l0xx_hal.o
HAL_DBGMCU_DBG_EnableLowPowerConfig               Drivers/STM32L0xx_HAL_Driver/Src/stm32l0xx_hal.o
HAL_DBGMCU_DisableDBGSleepMode                    Drivers/STM32L0xx_HAL_Driver/Src/stm32l0xx_hal.o
HAL_DBGMCU_DisableDBGStandbyMode                  Drivers/STM32L0xx_HAL_Driver/Src/stm32l0xx_hal.o
HAL_DBGMCU_DisableDBGStopMode                     Drivers/STM32L0xx_HAL_Driver/Src/stm32l0xx_hal.o
HAL_DBGMCU_EnableDBGSleepMode                     Drivers/STM32L0xx_HAL_Driver/Src/stm32l0xx_hal.o
HAL_DBGMCU_EnableDBGStandbyMode                   Drivers/STM32L0xx_HAL_Driver/Src/stm32l0xx_hal.o
HAL_DBGMCU_EnableDBGStopMode                      Drivers/STM32L0xx_HAL_Driver/Src/stm32l0xx_hal.o
HAL_DMA_Abort                                     Drivers/STM32L0xx_HAL_Driver/Src/stm32l0xx_hal_dma.o
                                                  Drivers/STM32L0xx_HAL_Driver/Src/stm32l0xx_hal_usart.o
                                                  Drivers/STM32L0xx_HAL_Driver/Src/stm32l0xx_hal_uart.o
                                                  Drivers/STM32L0xx_HAL_Driver/Src/stm32l0xx_hal_spi.o
                                                  Drivers/STM32L0xx_HAL_Driver/Src/stm32l0xx_hal_smartcard.o
                                                  Drivers/STM32L0xx_HAL_Driver/Src/stm32l0xx_hal_irda.o
                                                  Drivers/STM32L0xx_HAL_Driver/Src/stm32l0xx_hal_i2s.o
                                                  Drivers/STM32L0xx_HAL_Driver/Src/stm32l0xx_hal_dac_ex.o
                                                  Drivers/STM32L0xx_HAL_Driver/Src/stm32l0xx_hal_adc.o
HAL_DMA_Abort_IT                                  Drivers/STM32L0xx_HAL_Driver/Src/stm32l0xx_hal_dma.o
                                                  Drivers/STM32L0xx_HAL_Driver/Src/stm32l0xx_hal_usart.o
                                                  Drivers/STM32L0xx_HAL_Driver/Src/stm32l0xx_hal_uart.o
                                                  Drivers/STM32L0xx_HAL_Driver/Src/stm32l0xx_hal_tim.o
                                                  Drivers/STM32L0xx_HAL_Driver/Src/stm32l0xx_hal_spi.o
                                                  Drivers/STM32L0xx_HAL_Driver/Src/stm32l0xx_hal_smartcard.o
                                                  Drivers/STM32L0xx_HAL_Driver/Src/stm32l0xx_hal_irda.o
                                                  Drivers/STM32L0xx_HAL_Driver/Src/stm32l0xx_hal_i2c.o
HAL_DMA_DeInit                                    Drivers/STM32L0xx_HAL_Driver/Src/stm32l0xx_hal_dma.o
HAL_DMA_GetError                                  Drivers/STM32L0xx_HAL_Driver/Src/stm32l0xx_hal_dma.o
                                                  Drivers/STM32L0xx_HAL_Driver/Src/stm32l0xx_hal_usart.o
                                                  Drivers/STM32L0xx_HAL_Driver/Src/stm32l0xx_hal_uart.o
                                                  Drivers/STM32L0xx_HAL_Driver/Src/stm32l0xx_hal_smartcard.o
                                                  Drivers/STM32L0xx_HAL_Driver/Src/stm32l0xx_hal_irda.o
HAL_DMA_GetState                                  Drivers/STM32L0xx_HAL_Driver/Src/stm32l0xx_hal_dma.o
HAL_DMA_IRQHandler                                Drivers/STM32L0xx_HAL_Driver/Src/stm32l0xx_hal_dma.o
HAL_DMA_Init                                      Drivers/STM32L0xx_HAL_Driver/Src/stm32l0xx_hal_dma.o
HAL_DMA_PollForTransfer                           Drivers/STM32L0xx_HAL_Driver/Src/stm32l0xx_hal_dma.o
HAL_DMA_RegisterCallback                          Drivers/STM32L0xx_HAL_Driver/Src/stm32l0xx_hal_dma.o
HAL_DMA_Start                                     Drivers/STM32L0xx_HAL_Driver/Src/stm32l0xx_hal_dma.o
HAL_DMA_Start_IT                                  Drivers/STM32L0xx_HAL_Driver/Src/stm32l0xx_hal_dma.o
                                                  Drivers/STM32L0xx_HAL_Driver/Src/stm32l0xx_hal_usart.o
                                                  Drivers/STM32L0xx_HAL_Driver/Src/stm32l0xx_hal_uart.o
                                                  Drivers/STM32L0xx_HAL_Driver/Src/stm32l0xx_hal_tim.o
                                                  Drivers/STM32L0xx_HAL_Driver/Src/stm32l0xx_hal_spi.o
                                                  Drivers/STM32L0xx_HAL_Driver/Src/stm32l0xx_hal_smartcard.o
                                                  Drivers/STM32L0xx_HAL_Driver/Src/stm32l0xx_hal_irda.o
                                                  Drivers/STM32L0xx_HAL_Driver/Src/stm32l0xx_hal_i2s.o
                                                  Drivers/STM32L0xx_HAL_Driver/Src/stm32l0xx_hal_i2c.o
                                                  Drivers/STM32L0xx_HAL_Driver/Src/stm32l0xx_hal_dac_ex.o
                                                  Drivers/STM32L0xx_HAL_Driver/Src/stm32l0xx_hal_adc.o
HAL_DMA_UnRegisterCallback                        Drivers/STM32L0xx_HAL_Driver/Src/stm32l0xx_hal_dma.o
HAL_DeInit                                        Drivers/STM32L0xx_HAL_Driver/Src/stm32l0xx_hal.o
HAL_Delay                                         Drivers/STM32L0xx_HAL_Driver/Src/stm32l0xx_hal.o
                                                  Drivers/STM32L0xx_HAL_Driver/Src/stm32l0xx_hal_pcd_ex.o
HAL_FIREWALL_Config                               Drivers/STM32L0xx_HAL_Driver/Src/stm32l0xx_hal_firewall.o
HAL_FIREWALL_DisablePreArmFlag                    Drivers/STM32L0xx_HAL_Driver/Src/stm32l0xx_hal_firewall.o
HAL_FIREWALL_EnableFirewall                       Drivers/STM32L0xx_HAL_Driver/Src/stm32l0xx_hal_firewall.o
HAL_FIREWALL_EnablePreArmFlag                     Drivers/STM32L0xx_HAL_Driver/Src/stm32l0xx_hal_firewall.o
HAL_FIREWALL_GetConfig                            Drivers/STM32L0xx_HAL_Driver/Src/stm32l0xx_hal_firewall.o
HAL_FLASHEx_AdvOBGetConfig                        Drivers/STM32L0xx_HAL_Driver/Src/stm32l0xx_hal_flash_ex.o
HAL_FLASHEx_AdvOBProgram                          Drivers/STM32L0xx_HAL_Driver/Src/stm32l0xx_hal_flash_ex.o
HAL_FLASHEx_DATAEEPROM_DisableFixedTimeProgram    Drivers/STM32L0xx_HAL_Driver/Src/stm32l0xx_hal_flash_ex.o
HAL_FLASHEx_DATAEEPROM_EnableFixedTimeProgram     Drivers/STM32L0xx_HAL_Driver/Src/stm32l0xx_hal_flash_ex.o
HAL_FLASHEx_DATAEEPROM_Erase                      Drivers/STM32L0xx_HAL_Driver/Src/stm32l0xx_hal_flash_ex.o
HAL_FLASHEx_DATAEEPROM_Lock                       Drivers/STM32L0xx_HAL_Driver/Src/stm32l0xx_hal_flash_ex.o
                                                  src/Classes/EepromVar/EEPROMVar.o
HAL_FLASHEx_DATAEEPROM_Program                    Drivers/STM32L0xx_HAL_Driver/Src/stm32l0xx_hal_flash_ex.o
                                                  src/Classes/EepromVar/EEPROMVar.o
HAL_FLASHEx_DATAEEPROM_Unlock                     Drivers/STM32L0xx_HAL_Driver/Src/stm32l0xx_hal_flash_ex.o
                                                  src/Classes/EepromVar/EEPROMVar.o
HAL_FLASHEx_DisableRunPowerDown                   Drivers/STM32L0xx_HAL_Driver/Src/stm32l0xx_hal_flash_ramfunc.o
HAL_FLASHEx_EnableRunPowerDown                    Drivers/STM32L0xx_HAL_Driver/Src/stm32l0xx_hal_flash_ramfunc.o
HAL_FLASHEx_Erase                                 Drivers/STM32L0xx_HAL_Driver/Src/stm32l0xx_hal_flash_ex.o
HAL_FLASHEx_Erase_IT                              Drivers/STM32L0xx_HAL_Driver/Src/stm32l0xx_hal_flash_ex.o
HAL_FLASHEx_GetError                              Drivers/STM32L0xx_HAL_Driver/Src/stm32l0xx_hal_flash_ramfunc.o
HAL_FLASHEx_HalfPageProgram                       Drivers/STM32L0xx_HAL_Driver/Src/stm32l0xx_hal_flash_ramfunc.o
HAL_FLASHEx_OBGetConfig                           Drivers/STM32L0xx_HAL_Driver/Src/stm32l0xx_hal_flash_ex.o
HAL_FLASHEx_OBProgram                             Drivers/STM32L0xx_HAL_Driver/Src/stm32l0xx_hal_flash_ex.o
HAL_FLASHEx_OB_DeSelectPCROP                      Drivers/STM32L0xx_HAL_Driver/Src/stm32l0xx_hal_flash_ex.o
HAL_FLASHEx_OB_SelectPCROP                        Drivers/STM32L0xx_HAL_Driver/Src/stm32l0xx_hal_flash_ex.o
HAL_FLASH_EndOfOperationCallback                  Drivers/STM32L0xx_HAL_Driver/Src/stm32l0xx_hal_flash.o
HAL_FLASH_GetError                                Drivers/STM32L0xx_HAL_Driver/Src/stm32l0xx_hal_flash.o
HAL_FLASH_IRQHandler                              Drivers/STM32L0xx_HAL_Driver/Src/stm32l0xx_hal_flash.o
HAL_FLASH_Lock                                    Drivers/STM32L0xx_HAL_Driver/Src/stm32l0xx_hal_flash.o
HAL_FLASH_OB_Launch                               Drivers/STM32L0xx_HAL_Driver/Src/stm32l0xx_hal_flash.o
HAL_FLASH_OB_Lock                                 Drivers/STM32L0xx_HAL_Driver/Src/stm32l0xx_hal_flash.o
HAL_FLASH_OB_Unlock                               Drivers/STM32L0xx_HAL_Driver/Src/stm32l0xx_hal_flash.o
HAL_FLASH_OperationErrorCallback                  Drivers/STM32L0xx_HAL_Driver/Src/stm32l0xx_hal_flash.o
HAL_FLASH_Program                                 Drivers/STM32L0xx_HAL_Driver/Src/stm32l0xx_hal_flash.o
HAL_FLASH_Program_IT                              Drivers/STM32L0xx_HAL_Driver/Src/stm32l0xx_hal_flash.o
HAL_FLASH_Unlock                                  Drivers/STM32L0xx_HAL_Driver/Src/stm32l0xx_hal_flash.o
HAL_GPIO_DeInit                                   Drivers/STM32L0xx_HAL_Driver/Src/stm32l0xx_hal_gpio.o
HAL_GPIO_EXTI_Callback                            Drivers/STM32L0xx_HAL_Driver/Src/stm32l0xx_hal_gpio.o
HAL_GPIO_EXTI_IRQHandler                          Drivers/STM32L0xx_HAL_Driver/Src/stm32l0xx_hal_gpio.o
HAL_GPIO_Init                                     Drivers/STM32L0xx_HAL_Driver/Src/stm32l0xx_hal_gpio.o
                                                  src/Classes/button/button.o
                                                  src/Classes/Lcd/Lcd.o
                                                  src/Classes/Alarm/Alarm.o
                                                  Drivers/STM32L0xx_HAL_Driver/Src/stm32l0xx_hal_rcc.o
HAL_GPIO_LockPin                                  Drivers/STM32L0xx_HAL_Driver/Src/stm32l0xx_hal_gpio.o
HAL_GPIO_ReadPin                                  Drivers/STM32L0xx_HAL_Driver/Src/stm32l0xx_hal_gpio.o
                                                  src/Classes/button/button.o
HAL_GPIO_TogglePin                                Drivers/STM32L0xx_HAL_Driver/Src/stm32l0xx_hal_gpio.o
HAL_GPIO_WritePin                                 Drivers/STM32L0xx_HAL_Driver/Src/stm32l0xx_hal_gpio.o
                                                  src/Classes/Alarm/Alarm.o
HAL_GetDEVID                                      Drivers/STM32L0xx_HAL_Driver/Src/stm32l0xx_hal.o
                                                  Drivers/STM32L0xx_HAL_Driver/Src/stm32l0xx_hal_comp.o
HAL_GetHalVersion                                 Drivers/STM32L0xx_HAL_Driver/Src/stm32l0xx_hal.o
HAL_GetREVID                                      Drivers/STM32L0xx_HAL_Driver/Src/stm32l0xx_hal.o
                                                  Drivers/STM32L0xx_HAL_Driver/Src/stm32l0xx_hal_comp.o
HAL_GetTick                                       Drivers/STM32L0xx_HAL_Driver/Src/stm32l0xx_hal.o
                                                  src/main.o
                                                  Drivers/STM32L0xx_HAL_Driver/Src/stm32l0xx_hal_usart.o
                                                  Drivers/STM32L0xx_HAL_Driver/Src/stm32l0xx_hal_uart_ex.o
                                                  Drivers/STM32L0xx_HAL_Driver/Src/stm32l0xx_hal_uart.o
                                                  Drivers/STM32L0xx_HAL_Driver/Src/stm32l0xx_hal_spi.o
                                                  Drivers/STM32L0xx_HAL_Driver/Src/stm32l0xx_hal_smbus.o
                                                  Drivers/STM32L0xx_HAL_Driver/Src/stm32l0xx_hal_smartcard.o
                                                  Drivers/STM32L0xx_HAL_Driver/Src/stm32l0xx_hal_rtc_ex.o
                                                  Drivers/STM32L0xx_HAL_Driver/Src/stm32l0xx_hal_rtc.o
                                                  Drivers/STM32L0xx_HAL_Driver/Src/stm32l0xx_hal_rng.o
                                                  Drivers/STM32L0xx_HAL_Driver/Src/stm32l0xx_hal_rcc_ex.o