Archive member included to satisfy reference by file (symbol)

/opt/Atollic_TrueSTUDIO_for_STM32_x86_64_9.3.0/ARMTools/bin/../lib/gcc/arm-atollic-eabi/6.3.1/../../../../arm-atollic-eabi/lib/armv6-m/libstdc++_nano.a(del_op.o)
                              src/Classes/MotoCounter/MotoCounter.o (operator delete(void*))
/opt/Atollic_TrueSTUDIO_for_STM32_x86_64_9.3.0/ARMTools/bin/../lib/gcc/arm-atollic-eabi/6.3.1/../../../../arm-atollic-eabi/lib/armv6-m/libstdc++_nano.a(pure.o)
                              src/Classes/MotoCounter/MotoCounter.o (__cxa_pure_virtual)
/opt/Atollic_TrueSTUDIO_for_STM32_x86_64_9.3.0/ARMTools/bin/../lib/gcc/arm-atollic-eabi/6.3.1/../../../../arm-atollic-eabi/lib/armv6-m/libstdc++_nano.a(eh_terminate.o)
                              /opt/Atollic_TrueSTUDIO_for_STM32_x86_64_9.3.0/ARMTools/bin/../lib/gcc/arm-atollic-eabi/6.3.1/../../../../arm-atollic-eabi/lib/armv6-m/libstdc++_nano.a(pure.o) (std::terminate())
/opt/Atollic_TrueSTUDIO_for_STM32_x86_64_9.3.0/ARMTools/bin/../lib/gcc/arm-atollic-eabi/6.3.1/../../../../arm-atollic-eabi/lib/armv6-m/libstdc++_nano.a(eh_term_handler.o)
                              /opt/Atollic_TrueSTUDIO_for_STM32_x86_64_9.3.0/ARMTools/bin/../lib/gcc/arm-atollic-eabi/6.3.1/../../../../arm-atollic-eabi/lib/armv6-m/libstdc++_nano.a(eh_terminate.o) (__cxxabiv1::__terminate_handler)
/opt/Atollic_TrueSTUDIO_for_STM32_x86_64_9.3.0/ARMTools/bin/../lib/gcc/arm-atollic-eabi/6.3.1/../../../../arm-atollic-eabi/lib/armv6-m/libstdc++_nano.a(eh_unex_handler.o)
                              /opt/Atollic_TrueSTUDIO_for_STM32_x86_64_9.3.0/ARMTools/bin/../lib/gcc/arm-atollic-eabi/6.3.1/../../../../arm-atollic-eabi/lib/armv6-m/libstdc++_nano.a(eh_terminate.o) (__cxxabiv1::__unexpected_handler)
/opt/Atollic_TrueSTUDIO_for_STM32_x86_64_9.3.0/ARMTools/bin/../lib/gcc/arm-atollic-eabi/6.3.1/../../../../arm-atollic-eabi/lib/armv6-m/libc_nano.a(lib_a-abort.o)
                              /opt/Atollic_TrueSTUDIO_for_STM32_x86_64_9.3.0/ARMTools/bin/../lib/gcc/arm-atollic-eabi/6.3.1/../../../../arm-atollic-eabi/lib/armv6-m/libstdc++_nano.a(eh_terminate.o) (abort)
/opt/Atollic_TrueSTUDIO_for_STM32_x86_64_9.3.0/ARMTools/bin/../lib/gcc/arm-atollic-eabi/6.3.1/../../../../arm-atollic-eabi/lib/armv6-m/libc_nano.a(lib_a-init.o)
                              src/startup_stm32l053xx.o (__libc_init_array)
/opt/Atollic_TrueSTUDIO_for_STM32_x86_64_9.3.0/ARMTools/bin/../lib/gcc/arm-atollic-eabi/6.3.1/../../../../arm-atollic-eabi/lib/armv6-m/libc_nano.a(lib_a-itoa.o)
                              src/Classes/VersionScreen/VersionScreen.o (itoa)
/opt/Atollic_TrueSTUDIO_for_STM32_x86_64_9.3.0/ARMTools/bin/../lib/gcc/arm-atollic-eabi/6.3.1/../../../../arm-atollic-eabi/lib/armv6-m/libc_nano.a(lib_a-malloc.o)
                              /opt/Atollic_TrueSTUDIO_for_STM32_x86_64_9.3.0/ARMTools/bin/../lib/gcc/arm-atollic-eabi/6.3.1/../../../../arm-atollic-eabi/lib/armv6-m/libstdc++_nano.a(del_op.o) (free)
/opt/Atollic_TrueSTUDIO_for_STM32_x86_64_9.3.0/ARMTools/bin/../lib/gcc/arm-atollic-eabi/6.3.1/../../../../arm-atollic-eabi/lib/armv6-m/libc_nano.a(lib_a-memcpy-stub.o)
                              src/wtp3conf/rfm22profiles.o (memcpy)
/opt/Atollic_TrueSTUDIO_for_STM32_x86_64_9.3.0/ARMTools/bin/../lib/gcc/arm-atollic-eabi/6.3.1/../../../../arm-atollic-eabi/lib/armv6-m/libc_nano.a(lib_a-memset.o)
                              Drivers/STM32L0xx_HAL_Driver/Src/stm32l0xx_hal_rcc.o (memset)
/opt/Atollic_TrueSTUDIO_for_STM32_x86_64_9.3.0/ARMTools/bin/../lib/gcc/arm-atollic-eabi/6.3.1/../../../../arm-atollic-eabi/lib/armv6-m/libc_nano.a(lib_a-nano-freer.o)
                              /opt/Atollic_TrueSTUDIO_for_STM32_x86_64_9.3.0/ARMTools/bin/../lib/gcc/arm-atollic-eabi/6.3.1/../../../../arm-atollic-eabi/lib/armv6-m/libc_nano.a(lib_a-malloc.o) (_free_r)
/opt/Atollic_TrueSTUDIO_for_STM32_x86_64_9.3.0/ARMTools/bin/../lib/gcc/arm-atollic-eabi/6.3.1/../../../../arm-atollic-eabi/lib/armv6-m/libc_nano.a(lib_a-nano-mallocr.o)
                              /opt/Atollic_TrueSTUDIO_for_STM32_x86_64_9.3.0/ARMTools/bin/../lib/gcc/arm-atollic-eabi/6.3.1/../../../../arm-atollic-eabi/lib/armv6-m/libc_nano.a(lib_a-malloc.o) (_malloc_r)
/opt/Atollic_TrueSTUDIO_for_STM32_x86_64_9.3.0/ARMTools/bin/../lib/gcc/arm-atollic-eabi/6.3.1/../../../../arm-atollic-eabi/lib/armv6-m/libc_nano.a(lib_a-sbrkr.o)
                              /opt/Atollic_TrueSTUDIO_for_STM32_x86_64_9.3.0/ARMTools/bin/../lib/gcc/arm-atollic-eabi/6.3.1/../../../../arm-atollic-eabi/lib/armv6-m/libc_nano.a(lib_a-nano-mallocr.o) (_sbrk_r)
/opt/Atollic_TrueSTUDIO_for_STM32_x86_64_9.3.0/ARMTools/bin/../lib/gcc/arm-atollic-eabi/6.3.1/../../../../arm-atollic-eabi/lib/armv6-m/libc_nano.a(lib_a-signal.o)
                              /opt/Atollic_TrueSTUDIO_for_STM32_x86_64_9.3.0/ARMTools/bin/../lib/gcc/arm-atollic-eabi/6.3.1/../../../../arm-atollic-eabi/lib/armv6-m/libc_nano.a(lib_a-abort.o) (raise)
[...]
Memory Configuration

Name             Origin             Length             Attributes
FLASH            0x0000000008000000 0x0000000000010000 xr
RAM              0x0000000020000000 0x0000000000002000 xrw
MEMORY_B1        0x0000000060000000 0x0000000000000000 xr
*default*        0x0000000000000000 0xffffffffffffffff

Linker script and memory map

LOAD /opt/Atollic_TrueSTUDIO_for_STM32_x86_64_9.3.0/ARMTools/bin/../lib/gcc/arm-atollic-eabi/6.3.1/armv6-m/crti.o
LOAD /opt/Atollic_TrueSTUDIO_for_STM32_x86_64_9.3.0/ARMTools/bin/../lib/gcc/arm-atollic-eabi/6.3.1/armv6-m/crtbegin.o
LOAD Drivers/STM32L0xx_HAL_Driver/Src/stm32l0xx_hal.o
LOAD Drivers/STM32L0xx_HAL_Driver/Src/stm32l0xx_hal_adc.o
LOAD Drivers/STM32L0xx_HAL_Driver/Src/stm32l0xx_hal_adc_ex.o
LOAD Drivers/STM32L0xx_HAL_Driver/Src/stm32l0xx_hal_comp.o
LOAD Drivers/STM32L0xx_HAL_Driver/Src/stm32l0xx_hal_comp_ex.o
LOAD Drivers/STM32L0xx_HAL_Driver/Src/stm32l0xx_hal_cortex.o
LOAD Drivers/STM32L0xx_HAL_Driver/Src/stm32l0xx_hal_crc.o
LOAD Drivers/STM32L0xx_HAL_Driver/Src/stm32l0xx_hal_crc_ex.o
LOAD Drivers/STM32L0xx_HAL_Driver/Src/stm32l0xx_hal_cryp.o
LOAD Drivers/STM32L0xx_HAL_Driver/Src/stm32l0xx_hal_cryp_ex.o
LOAD Drivers/STM32L0xx_HAL_Driver/Src/stm32l0xx_hal_dac.o
LOAD Drivers/STM32L0xx_HAL_Driver/Src/stm32l0xx_hal_dac_ex.o
LOAD Drivers/STM32L0xx_HAL_Driver/Src/stm32l0xx_hal_dma.o
LOAD Drivers/STM32L0xx_HAL_Driver/Src/stm32l0xx_hal_firewall.o
LOAD Drivers/STM32L0xx_HAL_Driver/Src/stm32l0xx_hal_flash.o
LOAD Drivers/STM32L0xx_HAL_Driver/Src/stm32l0xx_hal_flash_ex.o
LOAD Drivers/STM32L0xx_HAL_Driver/Src/stm32l0xx_hal_flash_ramfunc.o
LOAD Drivers/STM32L0xx_HAL_Driver/Src/stm32l0xx_hal_gpio.o
LOAD Drivers/STM32L0xx_HAL_Driver/Src/stm32l0xx_hal_i2c.o
LOAD Drivers/STM32L0xx_HAL_Driver/Src/stm32l0xx_hal_i2c_ex.o
LOAD Drivers/STM32L0xx_HAL_Driver/Src/stm32l0xx_hal_i2s.o
LOAD Drivers/STM32L0xx_HAL_Driver/Src/stm32l0xx_hal_irda.o
LOAD Drivers/STM32L0xx_HAL_Driver/Src/stm32l0xx_hal_iwdg.o
LOAD Drivers/STM32L0xx_HAL_Driver/Src/stm32l0xx_hal_lcd.o
LOAD Drivers/STM32L0xx_HAL_Driver/Src/stm32l0xx_hal_lptim.o
LOAD Drivers/STM32L0xx_HAL_Driver/Src/stm32l0xx_hal_msp_template.o
LOAD Drivers/STM32L0xx_HAL_Driver/Src/stm32l0xx_hal_pcd.o
LOAD Drivers/STM32L0xx_HAL_Driver/Src/stm32l0xx_hal_pcd_ex.o
LOAD Drivers/STM32L0xx_HAL_Driver/Src/stm32l0xx_hal_pwr.o
LOAD Drivers/STM32L0xx_HAL_Driver/Src/stm32l0xx_hal_pwr_ex.o
LOAD Drivers/STM32L0xx_HAL_Driver/Src/stm32l0xx_hal_rcc.o
LOAD Drivers/STM32L0xx_HAL_Driver/Src/stm32l0xx_hal_rcc_ex.o
LOAD Drivers/STM32L0xx_HAL_Driver/Src/stm32l0xx_hal_rng.o
LOAD Drivers/STM32L0xx_HAL_Driver/Src/stm32l0xx_hal_rtc.o
LOAD Drivers/STM32L0xx_HAL_Driver/Src/stm32l0xx_hal_rtc_ex.o
LOAD Drivers/STM32L0xx_HAL_Driver/Src/stm32l0xx_hal_smartcard.o
LOAD Drivers/STM32L0xx_HAL_Driver/Src/stm32l0xx_hal_smartcard_ex.o
LOAD Drivers/STM32L0xx_HAL_Driver/Src/stm32l0xx_hal_smbus.o
LOAD Drivers/STM32L0xx_HAL_Driver/Src/stm32l0xx_hal_spi.o
LOAD Drivers/STM32L0xx_HAL_Driver/Src/stm32l0xx_hal_tim.o
LOAD Drivers/STM32L0xx_HAL_Driver/Src/stm32l0xx_hal_tim_ex.o
LOAD Drivers/STM32L0xx_HAL_Driver/Src/stm32l0xx_hal_tsc.o
LOAD Drivers/STM32L0xx_HAL_Driver/Src/stm32l0xx_hal_uart.o
LOAD Drivers/STM32L0xx_HAL_Driver/Src/stm32l0xx_hal_uart_ex.o
LOAD Drivers/STM32L0xx_HAL_Driver/Src/stm32l0xx_hal_usart.o
LOAD Drivers/STM32L0xx_HAL_Driver/Src/stm32l0xx_hal_wwdg.o
LOAD Drivers/STM32L0xx_HAL_Driver/Src/stm32l0xx_ll_adc.o
LOAD Drivers/STM32L0xx_HAL_Driver/Src/stm32l0xx_ll_comp.o
LOAD Drivers/STM32L0xx_HAL_Driver/Src/stm32l0xx_ll_crc.o
LOAD Drivers/STM32L0xx_HAL_Driver/Src/stm32l0xx_ll_crs.o
LOAD Drivers/STM32L0xx_HAL_Driver/Src/stm32l0xx_ll_dac.o
LOAD Drivers/STM32L0xx_HAL_Driver/Src/stm32l0xx_ll_dma.o
LOAD Drivers/STM32L0xx_HAL_Driver/Src/stm32l0xx_ll_exti.o
LOAD Drivers/STM32L0xx_HAL_Driver/Src/stm32l0xx_ll_gpio.o
LOAD Drivers/STM32L0xx_HAL_Driver/Src/stm32l0xx_ll_i2c.o
LOAD Drivers/STM32L0xx_HAL_Driver/Src/stm32l0xx_ll_lptim.o
LOAD Drivers/STM32L0xx_HAL_Driver/Src/stm32l0xx_ll_lpuart.o
LOAD Drivers/STM32L0xx_HAL_Driver/Src/stm32l0xx_ll_pwr.o
LOAD Drivers/STM32L0xx_HAL_Driver/Src/stm32l0xx_ll_rcc.o
LOAD Drivers/STM32L0xx_HAL_Driver/Src/stm32l0xx_ll_rng.o
LOAD Drivers/STM32L0xx_HAL_Driver/Src/stm32l0xx_ll_rtc.o
LOAD Drivers/STM32L0xx_HAL_Driver/Src/stm32l0xx_ll_spi.o
LOAD Drivers/STM32L0xx_HAL_Driver/Src/stm32l0xx_ll_tim.o
LOAD Drivers/STM32L0xx_HAL_Driver/Src/stm32l0xx_ll_usart.o
LOAD Drivers/STM32L0xx_HAL_Driver/Src/stm32l0xx_ll_usb.o
LOAD Drivers/STM32L0xx_HAL_Driver/Src/stm32l0xx_ll_utils.o
LOAD lib/wtp/crc32_basic_table.o
LOAD lib/wtp/crc_tools.o
LOAD lib/wtp/frame_tools.o
LOAD lib/wtp/prot3buff.o
LOAD lib/wtp/rfm22bands.o
LOAD lib/wtp/rfm22driver.o
LOAD lib/wtp/rfm22frame.o
LOAD lib/wtp/scrambler.o
LOAD lib/wtp/wtp3driver.o
LOAD lib/wtp/wtp_address_gen.o
LOAD src/Classes/Alarm/Alarm.o
LOAD src/Classes/EepromVar/EEPROMVar.o
LOAD src/Classes/HardwareInterrupt/HardwareInterrupt.o
LOAD src/Classes/Lcd/Digit.o
LOAD src/Classes/Lcd/Lcd.o
LOAD src/Classes/MotoCounter/MotoCounter.o
LOAD src/Classes/VersionScreen/VersionScreen.o
LOAD src/Classes/button/button.o
LOAD src/Classes/timer/timer.o
LOAD src/ControlerInfo/CControlerInfo.o
LOAD src/Driver/Driver.o
LOAD src/main.o
LOAD src/startup_stm32l053xx.o
LOAD src/system_stm32l0xx.o
LOAD src/tiny_printf.o
LOAD src/wtp3conf/rfm22callbacks.o
LOAD src/wtp3conf/rfm22ports.o
LOAD src/wtp3conf/rfm22profiles.o
LOAD src/wtp3conf/wtp3drivercalls.o
LOAD src/wtp3conf/wtp_address_srv.o
                0x0000000000001000                malloc_getpagesize_P = 0x1000
START GROUP
LOAD /opt/Atollic_TrueSTUDIO_for_STM32_x86_64_9.3.0/ARMTools/bin/../lib/gcc/arm-atollic-eabi/6.3.1/../../../../arm-atollic-eabi/lib/armv6-m/libstdc++_nano.a
LOAD /opt/Atollic_TrueSTUDIO_for_STM32_x86_64_9.3.0/ARMTools/bin/../lib/gcc/arm-atollic-eabi/6.3.1/../../../../arm-atollic-eabi/lib/armv6-m/libsupc++_nano.a
END GROUP
LOAD /opt/Atollic_TrueSTUDIO_for_STM32_x86_64_9.3.0/ARMTools/bin/../lib/gcc/arm-atollic-eabi/6.3.1/../../../../arm-atollic-eabi/lib/armv6-m/libstdc++_nano.a
LOAD /opt/Atollic_TrueSTUDIO_for_STM32_x86_64_9.3.0/ARMTools/bin/../lib/gcc/arm-atollic-eabi/6.3.1/../../../../arm-atollic-eabi/lib/armv6-m/libm.a
LOAD /opt/Atollic_TrueSTUDIO_for_STM32_x86_64_9.3.0/ARMTools/bin/../lib/gcc/arm-atollic-eabi/6.3.1/../../../../arm-atollic-eabi/lib/armv6-m/libc_nano.a
START GROUP
LOAD /opt/Atollic_TrueSTUDIO_for_STM32_x86_64_9.3.0/ARMTools/bin/../lib/gcc/arm-atollic-eabi/6.3.1/armv6-m/libgcc.a
LOAD /opt/Atollic_TrueSTUDIO_for_STM32_x86_64_9.3.0/ARMTools/bin/../lib/gcc/arm-atollic-eabi/6.3.1/../../../../arm-atollic-eabi/lib/armv6-m/libc_nano.a
END GROUP
START GROUP
LOAD /opt/Atollic_TrueSTUDIO_for_STM32_x86_64_9.3.0/ARMTools/bin/../lib/gcc/arm-atollic-eabi/6.3.1/armv6-m/libgcc.a
LOAD /opt/Atollic_TrueSTUDIO_for_STM32_x86_64_9.3.0/ARMTools/bin/../lib/gcc/arm-atollic-eabi/6.3.1/../../../../arm-atollic-eabi/lib/armv6-m/libc_nano.a
LOAD /opt/Atollic_TrueSTUDIO_for_STM32_x86_64_9.3.0/ARMTools/bin/../lib/gcc/arm-atollic-eabi/6.3.1/../../../../arm-atollic-eabi/lib/armv6-m/libnosys.a
END GROUP
START GROUP
LOAD /opt/Atollic_TrueSTUDIO_for_STM32_x86_64_9.3.0/ARMTools/bin/../lib/gcc/arm-atollic-eabi/6.3.1/armv6-m/libgcc.a
LOAD /opt/Atollic_TrueSTUDIO_for_STM32_x86_64_9.3.0/ARMTools/bin/../lib/gcc/arm-atollic-eabi/6.3.1/../../../../arm-atollic-eabi/lib/armv6-m/libc_nano.a
LOAD /opt/Atollic_TrueSTUDIO_for_STM32_x86_64_9.3.0/ARMTools/bin/../lib/gcc/arm-atollic-eabi/6.3.1/../../../../arm-atollic-eabi/lib/armv6-m/libnosys.a
END GROUP
LOAD /opt/Atollic_TrueSTUDIO_for_STM32_x86_64_9.3.0/ARMTools/bin/../lib/gcc/arm-atollic-eabi/6.3.1/armv6-m/crtend.o
LOAD /opt/Atollic_TrueSTUDIO_for_STM32_x86_64_9.3.0/ARMTools/bin/../lib/gcc/arm-atollic-eabi/6.3.1/armv6-m/crtn.o
                0x0000000020002000                _estack = 0x20002000
                0x0000000000000000                _Min_Heap_Size = 0x0
                0x0000000000000080                _Min_Stack_Size = 0x80

.isr_vector     0x0000000008000000       0xc0
                0x0000000008000000                . = ALIGN (0x4)
 *(.isr_vector)
 .isr_vector    0x0000000008000000       0xc0 src/startup_stm32l053xx.o
                0x0000000008000000                g_pfnVectors
                0x00000000080000c0                . = ALIGN (0x4)

.text           0x00000000080000c0     0x5510
                0x00000000080000c0                . = ALIGN (0x4)
 *(.text)
 .text          0x00000000080000c0       0x48 /opt/Atollic_TrueSTUDIO_for_STM32_x86_64_9.3.0/ARMTools/bin/../lib/gcc/arm-atollic-eabi/6.3.1/armv6-m/crtbegin.o
 .text          0x0000000008000108      0x114 /opt/Atollic_TrueSTUDIO_for_STM32_x86_64_9.3.0/ARMTools/bin/../lib/gcc/arm-atollic-eabi/6.3.1/armv6-m/libgcc.a(_udivsi3.o)
                0x0000000008000108                __udivsi3
                0x0000000008000108                __aeabi_uidiv
                0x0000000008000214                __aeabi_uidivmod
 .text          0x000000000800021c        0x4 /opt/Atollic_TrueSTUDIO_for_STM32_x86_64_9.3.0/ARMTools/bin/../lib/gcc/arm-atollic-eabi/6.3.1/armv6-m/libgcc.a(_dvmd_tls.o)
                0x000000000800021c                __aeabi_ldiv0
                0x000000000800021c                __aeabi_idiv0
 *(.text*)
 .text.HAL_Init
                0x0000000008000220       0x40 Drivers/STM32L0xx_HAL_Driver/Src/stm32l0xx_hal.o
                0x0000000008000220                HAL_Init
 .text.HAL_InitTick
                0x0000000008000260       0x54 Drivers/STM32L0xx_HAL_Driver/Src/stm32l0xx_hal.o
                0x0000000008000260                HAL_InitTick
 .text.HAL_IncTick
                0x00000000080002b4       0x18 Drivers/STM32L0xx_HAL_Driver/Src/stm32l0xx_hal.o
                0x00000000080002b4                HAL_IncTick
 .text.HAL_GetTick
                0x00000000080002cc       0x14 Drivers/STM32L0xx_HAL_Driver/Src/stm32l0xx_hal.o
                0x00000000080002cc                HAL_GetTick
 .text.HAL_Delay
                0x00000000080002e0       0x3a Drivers/STM32L0xx_HAL_Driver/Src/stm32l0xx_hal.o
                0x00000000080002e0                HAL_Delay
 *fill*         0x000000000800031a        0x2 
 .text.NVIC_EnableIRQ
                0x000000000800031c       0x2c Drivers/STM32L0xx_HAL_Driver/Src/stm32l0xx_hal_cortex.o
 .text.NVIC_ClearPendingIRQ
                0x0000000008000348       0x30 Drivers/STM32L0xx_HAL_Driver/Src/stm32l0xx_hal_cortex.o
 .text.NVIC_SetPriority
                0x0000000008000378       0xdc Drivers/STM32L0xx_HAL_Driver/Src/stm32l0xx_hal_cortex.o
 .text.SysTick_Config
                0x0000000008000454       0x48 Drivers/STM32L0xx_HAL_Driver/Src/stm32l0xx_hal_cortex.o
 .text.HAL_NVIC_SetPriority
                0x000000000800049c       0x2c Drivers/STM32L0xx_HAL_Driver/Src/stm32l0xx_hal_cortex.o
                0x000000000800049c                HAL_NVIC_SetPriority
 .text.HAL_NVIC_EnableIRQ
                0x00000000080004c8       0x20 Drivers/STM32L0xx_HAL_Driver/Src/stm32l0xx_hal_cortex.o
                0x00000000080004c8                HAL_NVIC_EnableIRQ
 .text.HAL_SYSTICK_Config
                0x00000000080004e8       0x1a Drivers/STM32L0xx_HAL_Driver/Src/stm32l0xx_hal_cortex.o
                0x00000000080004e8                HAL_SYSTICK_Config
 .text.HAL_NVIC_ClearPendingIRQ
                0x0000000008000502       0x20 Drivers/STM32L0xx_HAL_Driver/Src/stm32l0xx_hal_cortex.o
                0x0000000008000502                HAL_NVIC_ClearPendingIRQ
 *fill*         0x0000000008000522        0x2 
 .text.FLASH_WaitForLastOperation
                0x0000000008000524       0xe4 Drivers/STM32L0xx_HAL_Driver/Src/stm32l0xx_hal_flash.o
                0x0000000008000524                FLASH_WaitForLastOperation
 .text.FLASH_SetErrorCode
                0x0000000008000608      0x138 Drivers/STM32L0xx_HAL_Driver/Src/stm32l0xx_hal_flash.o
 .text.HAL_FLASHEx_DATAEEPROM_Unlock
                0x0000000008000740       0x58 Drivers/STM32L0xx_HAL_Driver/Src/stm32l0xx_hal_flash_ex.o
                0x0000000008000740                HAL_FLASHEx_DATAEEPROM_Unlock
 .text.HAL_FLASHEx_DATAEEPROM_Lock
                0x0000000008000798       0x1c Drivers/STM32L0xx_HAL_Driver/Src/stm32l0xx_hal_flash_ex.o
                0x0000000008000798                HAL_FLASHEx_DATAEEPROM_Lock
 .text.HAL_FLASHEx_DATAEEPROM_Program
                0x00000000080007b4       0xb4 Drivers/STM32L0xx_HAL_Driver/Src/stm32l0xx_hal_flash_ex.o
                0x00000000080007b4                HAL_FLASHEx_DATAEEPROM_Program
 .text.HAL_GPIO_Init
                0x0000000008000868      0x2ec Drivers/STM32L0xx_HAL_Driver/Src/stm32l0xx_hal_gpio.o
                0x0000000008000868                HAL_GPIO_Init
 .text.HAL_GPIO_WritePin
                0x0000000008000b54       0x3a Drivers/STM32L0xx_HAL_Driver/Src/stm32l0xx_hal_gpio.o
                0x0000000008000b54                HAL_GPIO_WritePin
 *fill*         0x0000000008000b8e        0x2 
 .text.HAL_LCD_Init
                0x0000000008000b90      0x1a0 Drivers/STM32L0xx_HAL_Driver/Src/stm32l0xx_hal_lcd.o
                0x0000000008000b90                HAL_LCD_Init
 .text.HAL_LCD_MspInit
                0x0000000008000d30       0x10 Drivers/STM32L0xx_HAL_Driver/Src/stm32l0xx_hal_lcd.o
                0x0000000008000d30                HAL_LCD_MspInit
 .text.HAL_LCD_Write
                0x0000000008000d40       0xc6 Drivers/STM32L0xx_HAL_Driver/Src/stm32l0xx_hal_lcd.o
                0x0000000008000d40                HAL_LCD_Write
 .text.HAL_LCD_Clear
                0x0000000008000e06       0xbc Drivers/STM32L0xx_HAL_Driver/Src/stm32l0xx_hal_lcd.o
                0x0000000008000e06                HAL_LCD_Clear
 .text.HAL_LCD_UpdateDisplayRequest
                0x0000000008000ec2       0x7a Drivers/STM32L0xx_HAL_Driver/Src/stm32l0xx_hal_lcd.o
                0x0000000008000ec2                HAL_LCD_UpdateDisplayRequest
 .text.LCD_WaitForSynchro
                0x0000000008000f3c       0x4a Drivers/STM32L0xx_HAL_Driver/Src/stm32l0xx_hal_lcd.o
                0x0000000008000f3c                LCD_WaitForSynchro
 .text.HAL_MspInit
                0x0000000008000f86        0xa Drivers/STM32L0xx_HAL_Driver/Src/stm32l0xx_hal_msp_template.o
                0x0000000008000f86                HAL_MspInit
 .text.HAL_RCC_OscConfig
                0x0000000008000f90      0x778 Drivers/STM32L0xx_HAL_Driver/Src/stm32l0xx_hal_rcc.o
                0x0000000008000f90                HAL_RCC_OscConfig
 .text.HAL_RCC_ClockConfig
                0x0000000008001708      0x254 Drivers/STM32L0xx_HAL_Driver/Src/stm32l0xx_hal_rcc.o
                0x0000000008001708                HAL_RCC_ClockConfig
 .text.HAL_RCC_GetSysClockFreq
                0x000000000800195c       0xe4 Drivers/STM32L0xx_HAL_Driver/Src/stm32l0xx_hal_rcc.o
                0x000000000800195c                HAL_RCC_GetSysClockFreq
 .text.HAL_RCCEx_PeriphCLKConfig
                0x0000000008001a40      0x2bc Drivers/STM32L0xx_HAL_Driver/Src/stm32l0xx_hal_rcc_ex.o
                0x0000000008001a40                HAL_RCCEx_PeriphCLKConfig
 .text.HAL_SPI_Init
                0x0000000008001cfc       0xe0 Drivers/STM32L0xx_HAL_Driver/Src/stm32l0xx_hal_spi.o
                0x0000000008001cfc                HAL_SPI_Init
 .text.HAL_SPI_DeInit
                0x0000000008001ddc       0x52 Drivers/STM32L0xx_HAL_Driver/Src/stm32l0xx_hal_spi.o
                0x0000000008001ddc                HAL_SPI_DeInit
 .text.HAL_SPI_MspInit
                0x0000000008001e2e       0x10 Drivers/STM32L0xx_HAL_Driver/Src/stm32l0xx_hal_spi.o
                0x0000000008001e2e                HAL_SPI_MspInit
 .text.HAL_SPI_MspDeInit
                0x0000000008001e3e       0x10 Drivers/STM32L0xx_HAL_Driver/Src/stm32l0xx_hal_spi.o
                0x0000000008001e3e                HAL_SPI_MspDeInit
 *fill*         0x0000000008001e4e        0x2 
 .text.HAL_SPI_TransmitReceive
                0x0000000008001e50      0x46c Drivers/STM32L0xx_HAL_Driver/Src/stm32l0xx_hal_spi.o
                0x0000000008001e50                HAL_SPI_TransmitReceive
 .text.SPI_WaitFlagStateUntilTimeout
                0x00000000080022bc       0xe0 Drivers/STM32L0xx_HAL_Driver/Src/stm32l0xx_hal_spi.o
 .text.SPI_EndRxTxTransaction
                0x000000000800239c       0x7a Drivers/STM32L0xx_HAL_Driver/Src/stm32l0xx_hal_spi.o
 *fill*         0x0000000008002416        0x2 
 .text._Z18crc32_basic_updatemh
                0x0000000008002418       0x34 lib/wtp/crc32_basic_table.o
                0x0000000008002418                crc32_basic_update(unsigned long, unsigned char)
 .text._Z30crc_tools_32_get_initial_valuev
                0x000000000800244c        0xe lib/wtp/crc_tools.o
                0x000000000800244c                crc_tools_32_get_initial_value()
 .text._Z22crc_tools_32_final_xorm
                0x000000000800245a       0x14 lib/wtp/crc_tools.o
                0x000000000800245a                crc_tools_32_final_xor(unsigned long)
 .text._Z22crc_tools_32_calculatePhth
                0x000000000800246e       0x50 lib/wtp/crc_tools.o
                0x000000000800246e                crc_tools_32_calculate(unsigned char*, unsigned short, unsigned char)
 .text._Z30crc_tools_32_partial_calculatemPht
                0x00000000080024be       0x58 lib/wtp/crc_tools.o
                0x00000000080024be                crc_tools_32_partial_calculate(unsigned long, unsigned char*, unsigned short)
 .text._Z24crc_tools_ibutton_updatehh
                0x0000000008002516       0x78 lib/wtp/crc_tools.o
                0x0000000008002516                crc_tools_ibutton_update(unsigned char, unsigned char)
 .text._Z35crc_tools_ibutton_get_initial_valuev
                0x000000000800258e        0xc lib/wtp/crc_tools.o
                0x000000000800258e                crc_tools_ibutton_get_initial_value()
 .text._Z27crc_tools_ibutton_calculatePhh
                0x000000000800259a       0x70 lib/wtp/crc_tools.o
                0x000000000800259a                crc_tools_ibutton_calculate(unsigned char*, unsigned char)
 .text._Z14prot3buff_initP11prot3buff_tPht
                0x000000000800260a       0x30 lib/wtp/prot3buff.o
                0x000000000800260a                prot3buff_init(prot3buff_t*, unsigned char*, unsigned short)
 .text._Z22prot3buff_getWriterPosP11prot3buff_t
                0x000000000800263a       0x14 lib/wtp/prot3buff.o
                0x000000000800263a                prot3buff_getWriterPos(prot3buff_t*)
 .text._Z24prot3buff_setWriterToPosP11prot3buff_tt
                0x000000000800264e       0x2a lib/wtp/prot3buff.o
                0x000000000800264e                prot3buff_setWriterToPos(prot3buff_t*, unsigned short)
 .text._Z24prot3buff_setReaderToPosP11prot3buff_tt
                0x0000000008002678       0x2a lib/wtp/prot3buff.o
                0x0000000008002678                prot3buff_setReaderToPos(prot3buff_t*, unsigned short)
 .text._Z26prot3buff_getCapacityAvailP11prot3buff_t
                0x00000000080026a2       0x1c lib/wtp/prot3buff.o
                0x00000000080026a2                prot3buff_getCapacityAvail(prot3buff_t*)
 .text._Z18prot3buff_putBytesP11prot3buff_tPht
                0x00000000080026be       0x72 lib/wtp/prot3buff.o
                0x00000000080026be                prot3buff_putBytes(prot3buff_t*, unsigned char*, unsigned short)
 .text._Z23prot3buff_getBytesAvailP11prot3buff_t
                0x0000000008002730       0x1c lib/wtp/prot3buff.o
                0x0000000008002730                prot3buff_getBytesAvail(prot3buff_t*)
 .text._Z19prot3buff_readBytesP11prot3buff_tPht
                0x000000000800274c       0xba lib/wtp/prot3buff.o
                0x000000000800274c                prot3buff_readBytes(prot3buff_t*, unsigned char*, unsigned short)
 .text._Z31prot3buff_replaceLastNReadBytesP11prot3buff_tPht
                0x0000000008002806       0x70 lib/wtp/prot3buff.o
                0x0000000008002806                prot3buff_replaceLastNReadBytes(prot3buff_t*, unsigned char*, unsigned short)
 .text._Z15rfm22bands_initv
                0x0000000008002876       0x88 lib/wtp/rfm22bands.o
                0x0000000008002876                rfm22bands_init()
 .text._Z37rfm22bands_update_profile_for_channelhs
                0x00000000080028fe       0x42 lib/wtp/rfm22bands.o
                0x00000000080028fe                rfm22bands_update_profile_for_channel(unsigned char, short)
 .text._Z25rfm22bands_update_profileh
                0x0000000008002940       0x24 lib/wtp/rfm22bands.o
                0x0000000008002940                rfm22bands_update_profile(unsigned char)
 .text._Z28rfm22bands_fill_profile_regsP20rfm22profiles_regs_t
                0x0000000008002964       0x18 lib/wtp/rfm22bands.o
                0x0000000008002964                rfm22bands_fill_profile_regs(rfm22profiles_regs_t*)
 .text._Z32rfm22bands_send_profile_regs_spiPK20rfm22profiles_regs_t
                0x000000000800297c      0x124 lib/wtp/rfm22bands.o
                0x000000000800297c                rfm22bands_send_profile_regs_spi(rfm22profiles_regs_t const*)
 .text._Z31rfm22bands_validate_abs_channelh
                0x0000000008002aa0       0x22 lib/wtp/rfm22bands.o
                0x0000000008002aa0                rfm22bands_validate_abs_channel(unsigned char)
 .text._Z25rfm22bands_validate_powerh
                0x0000000008002ac2       0x26 lib/wtp/rfm22bands.o
                0x0000000008002ac2                rfm22bands_validate_power(unsigned char)
 .text._Z44rfm22bands_set_abs_channel_carrier_frequencyh
                0x0000000008002ae8       0x54 lib/wtp/rfm22bands.o
                0x0000000008002ae8                rfm22bands_set_abs_channel_carrier_frequency(unsigned char)
 .text._Z20rfm22bands_freq2regsm
                0x0000000008002b3c       0x30 lib/wtp/rfm22bands.o
                0x0000000008002b3c                rfm22bands_freq2regs(unsigned long)
 .text._Z24rfm22bands_send_freq_spit
                0x0000000008002b6c       0x46 lib/wtp/rfm22bands.o
                0x0000000008002b6c                rfm22bands_send_freq_spi(unsigned short)
 *fill*         0x0000000008002bb2        0x2 
 .text._Z35rfm22bands_frequency_of_abs_channelh
                0x0000000008002bb4       0x84 lib/wtp/rfm22bands.o
                0x0000000008002bb4                rfm22bands_frequency_of_abs_channel(unsigned char)
 .text._Z24rfm2bands_send_power_spih
                0x0000000008002c38       0x3c lib/wtp/rfm22bands.o
                0x0000000008002c38                rfm2bands_send_power_spi(unsigned char)
 .text._Z22rfm22driver_trans_readh
                0x0000000008002c74       0x22 lib/wtp/rfm22driver.o
                0x0000000008002c74                rfm22driver_trans_read(unsigned char)
 .text._Z23rfm22driver_trans_writehh
                0x0000000008002c96       0x32 lib/wtp/rfm22driver.o
                0x0000000008002c96                rfm22driver_trans_write(unsigned char, unsigned char)
 .text._Z22rfm22driver_burst_readhhPh
                0x0000000008002cc8       0x2c lib/wtp/rfm22driver.o
                0x0000000008002cc8                rfm22driver_burst_read(unsigned char, unsigned char, unsigned char*)
 .text._Z23rfm22driver_burst_writehhPh
                0x0000000008002cf4       0x34 lib/wtp/rfm22driver.o
                0x0000000008002cf4                rfm22driver_burst_write(unsigned char, unsigned char, unsigned char*)
 .text._Z16rfm22driver_inith
                0x0000000008002d28       0x44 lib/wtp/rfm22driver.o
                0x0000000008002d28                rfm22driver_init(unsigned char)
 .text._Z20rfm22driver_reset_onv
                0x0000000008002d6c       0x4c lib/wtp/rfm22driver.o
                0x0000000008002d6c                rfm22driver_reset_on()
 .text._Z21rfm22driver_reset_offv
                0x0000000008002db8       0x30 lib/wtp/rfm22driver.o
                0x0000000008002db8                rfm22driver_reset_off()
 .text._Z24rfm22driver_module_setupv
                0x0000000008002de8       0xa4 lib/wtp/rfm22driver.o
                0x0000000008002de8                rfm22driver_module_setup()
 .text._Z22rfm22driver_clear_fifov
                0x0000000008002e8c       0x1a lib/wtp/rfm22driver.o
                0x0000000008002e8c                rfm22driver_clear_fifo()
 .text._Z28rfm22driver_interrupt_enablehh
                0x0000000008002ea6       0x32 lib/wtp/rfm22driver.o
                0x0000000008002ea6                rfm22driver_interrupt_enable(unsigned char, unsigned char)
 .text._Z15rfm22frame_inithPFtvEt
                0x0000000008002ed8       0x88 lib/wtp/rfm22frame.o
                0x0000000008002ed8                rfm22frame_init(unsigned char, unsigned short (*)(), unsigned short)
 .text._Z22rfm22frame_get_tx_buffv
                0x0000000008002f60       0x10 lib/wtp/rfm22frame.o
                0x0000000008002f60                rfm22frame_get_tx_buff()
 .text._Z22rfm22frame_get_rx_buffv
                0x0000000008002f70       0x10 lib/wtp/rfm22frame.o
                0x0000000008002f70                rfm22frame_get_rx_buff()
 .text._Z20rfm22frame_get_statev
                0x0000000008002f80       0x14 lib/wtp/rfm22frame.o
                0x0000000008002f80                rfm22frame_get_state()
 .text._Z28rfm22frame_clear_error_flagsv
                0x0000000008002f94       0x1a lib/wtp/rfm22frame.o
                0x0000000008002f94                rfm22frame_clear_error_flags()
 *fill*         0x0000000008002fae        0x2 
 .text._Z31rfm22frame_clear_tx_error_flagsv
                0x0000000008002fb0       0x28 lib/wtp/rfm22frame.o
                0x0000000008002fb0                rfm22frame_clear_tx_error_flags()
 .text._Z31rfm22frame_clear_rx_error_flagsv
                0x0000000008002fd8       0x28 lib/wtp/rfm22frame.o
                0x0000000008002fd8                rfm22frame_clear_rx_error_flags()
 .text._Z40rfm22frame_clear_rx_callback_error_flagsv
                0x0000000008003000       0x14 lib/wtp/rfm22frame.o
                0x0000000008003000                rfm22frame_clear_rx_callback_error_flags()
 .text._Z36rfm22frame_clear_general_error_flagsv
                0x0000000008003014       0x14 lib/wtp/rfm22frame.o
                0x0000000008003014                rfm22frame_clear_general_error_flags()
 .text._Z27rfm22frame_start_rx_waitingh
                0x0000000008003028       0xb0 lib/wtp/rfm22frame.o
                0x0000000008003028                rfm22frame_start_rx_waiting(unsigned char)
 .text._Z14rfm22frame_isrv
                0x00000000080030d8       0x38 lib/wtp/rfm22frame.o
                0x00000000080030d8                rfm22frame_isr()
 .text._Z17rfm22frame_isr_txv
                0x0000000008003110       0xec lib/wtp/rfm22frame.o
                0x0000000008003110                rfm22frame_isr_tx()
 .text._Z17rfm22frame_isr_rxv
                0x00000000080031fc      0x254 lib/wtp/rfm22frame.o
                0x00000000080031fc                rfm22frame_isr_rx()
 .text._Z23rfm22frame_put_tx_bytesh
                0x0000000008003450       0xbc lib/wtp/rfm22frame.o
                0x0000000008003450                rfm22frame_put_tx_bytes(unsigned char)
 .text._Z23rfm22frame_get_rx_bytesh
                0x000000000800350c      0x10c lib/wtp/rfm22frame.o
                0x000000000800350c                rfm22frame_get_rx_bytes(unsigned char)
 .text._Z24scrambler_get_init_valuev
                0x0000000008003618        0xc lib/wtp/scrambler.o
                0x0000000008003618                scrambler_get_init_value()
 .text._Z21scrambler_reset_stateP11scrambler_t
                0x0000000008003624       0x1c lib/wtp/scrambler.o
                0x0000000008003624                scrambler_reset_state(scrambler_t*)
 .text._Z18descrambler_updateP11scrambler_th
                0x0000000008003640       0xae lib/wtp/scrambler.o
                0x0000000008003640                descrambler_update(scrambler_t*, unsigned char)
 *fill*         0x00000000080036ee        0x2 
 .text._ZN10Wtp3DriverC2Ev
                0x00000000080036f0       0x24 lib/wtp/wtp3driver.o
                0x00000000080036f0                Wtp3Driver::Wtp3Driver()
                0x00000000080036f0                Wtp3Driver::Wtp3Driver()
 .text._ZN10Wtp3Driver4initEPP11IWtp3Devicetmt12EReceiveModeh
                0x0000000008003714      0x108 lib/wtp/wtp3driver.o
                0x0000000008003714                Wtp3Driver::init(IWtp3Device**, unsigned short, unsigned long, unsigned short, EReceiveMode, unsigned char)
 .text._ZN10Wtp3Driver15checkSizeHeaderEh
                0x000000000800381c      0x114 lib/wtp/wtp3driver.o
                0x000000000800381c                Wtp3Driver::checkSizeHeader(unsigned char)
 .text._ZN10Wtp3Driver20sizeHeaderFirstCheckEv
                0x0000000008003930       0x1c lib/wtp/wtp3driver.o
                0x0000000008003930                Wtp3Driver::sizeHeaderFirstCheck()
 .text._Z20wtp_address_gen_initv
                0x000000000800394c       0x26 lib/wtp/wtp_address_gen.o
                0x000000000800394c                wtp_address_gen_init()
 .text._Z27wtp_address_gen_get_addressv
                0x0000000008003972       0x10 lib/wtp/wtp_address_gen.o
                0x0000000008003972                wtp_address_gen_get_address()
 .text._Z24wtp_address_gen_generatev
                0x0000000008003982       0x7e lib/wtp/wtp_address_gen.o
                0x0000000008003982                wtp_address_gen_generate()
 .text._Z28wtp_address_gen_copy_chip_idPhh
                0x0000000008003a00       0x7c lib/wtp/wtp_address_gen.o
                0x0000000008003a00                wtp_address_gen_copy_chip_id(unsigned char*, unsigned char)
 .text._ZN5Alarm4initEP12GPIO_TypeDeft
                0x0000000008003a7c       0x5c src/Classes/Alarm/Alarm.o
                0x0000000008003a7c                Alarm::init(GPIO_TypeDef*, unsigned short)
 .text._ZN5Alarm3offEv
                0x0000000008003ad8       0x20 src/Classes/Alarm/Alarm.o
                0x0000000008003ad8                Alarm::off()
 .text._ZN9EEPROMVarC2Et
                0x0000000008003af8       0x3c src/Classes/EepromVar/EEPROMVar.o
                0x0000000008003af8                EEPROMVar::EEPROMVar(unsigned short)
                0x0000000008003af8                EEPROMVar::EEPROMVar(unsigned short)
 .text._ZN9EEPROMVaraSEh
                0x0000000008003b34       0x40 src/Classes/EepromVar/EEPROMVar.o
                0x0000000008003b34                EEPROMVar::operator=(unsigned char)
 .text._ZN9EEPROMVaraSEt
                0x0000000008003b74       0x40 src/Classes/EepromVar/EEPROMVar.o
                0x0000000008003b74                EEPROMVar::operator=(unsigned short)
 .text._ZN9EEPROMVarcvhEv
                0x0000000008003bb4       0x38 src/Classes/EepromVar/EEPROMVar.o
                0x0000000008003bb4                EEPROMVar::operator unsigned char()
 .text._ZN9EEPROMVarcvtEv
                0x0000000008003bec       0x38 src/Classes/EepromVar/EEPROMVar.o
                0x0000000008003bec                EEPROMVar::operator unsigned short()
 .text.NMI_Handler
                0x0000000008003c24        0xa src/Classes/HardwareInterrupt/HardwareInterrupt.o
                0x0000000008003c24                NMI_Handler
 .text.HardFault_Handler
                0x0000000008003c2e        0x6 src/Classes/HardwareInterrupt/HardwareInterrupt.o
                0x0000000008003c2e                HardFault_Handler
 .text.SVC_Handler
                0x0000000008003c34        0xa src/Classes/HardwareInterrupt/HardwareInterrupt.o
                0x0000000008003c34                SVC_Handler
 .text.PendSV_Handler
                0x0000000008003c3e        0xa src/Classes/HardwareInterrupt/HardwareInterrupt.o
                0x0000000008003c3e                PendSV_Handler
 .text.SysTick_Handler
                0x0000000008003c48        0xe src/Classes/HardwareInterrupt/HardwareInterrupt.o
                0x0000000008003c48                SysTick_Handler
 *fill*         0x0000000008003c56        0x2 
 .text.EXTI4_15_IRQHandler
                0x0000000008003c58       0x30 src/Classes/HardwareInterrupt/HardwareInterrupt.o
                0x0000000008003c58                EXTI4_15_IRQHandler
 .text._ZN5Digit4initEhh
                0x0000000008003c88       0x30 src/Classes/Lcd/Digit.o
                0x0000000008003c88                Digit::init(unsigned char, unsigned char)
 .text._ZN5Digit9setNumberEh
                0x0000000008003cb8       0x1e src/Classes/Lcd/Digit.o
                0x0000000008003cb8                Digit::setNumber(unsigned char)
 *fill*         0x0000000008003cd6        0x2 
 .text._ZN5Digit15getSegmentValueEv
                0x0000000008003cd8       0x20 src/Classes/Lcd/Digit.o
                0x0000000008003cd8                Digit::getSegmentValue()
 .text._ZN5Digit5getD1Ev
                0x0000000008003cf8       0x14 src/Classes/Lcd/Lcd.o
                0x0000000008003cf8                Digit::getD1()
 .text._ZN5Digit5getD2Ev
                0x0000000008003d0c       0x14 src/Classes/Lcd/Lcd.o
                0x0000000008003d0c                Digit::getD2()
 .text._ZN3Lcd4initEv
                0x0000000008003d20      0x108 src/Classes/Lcd/Lcd.o
                0x0000000008003d20                Lcd::init()
 .text._ZN3Lcd7pinInitEv
                0x0000000008003e28      0x26c src/Classes/Lcd/Lcd.o
                0x0000000008003e28                Lcd::pinInit()
 .text._ZN3Lcd5clearEv
                0x0000000008004094       0x18 src/Classes/Lcd/Lcd.o
                0x0000000008004094                Lcd::clear()
 .text._ZN3Lcd9writeCharEPhh
                0x00000000080040ac      0x2f8 src/Classes/Lcd/Lcd.o
                0x00000000080040ac                Lcd::writeChar(unsigned char*, unsigned char)
 .text._ZN3Lcd13print2ndColonEb
                0x00000000080043a4       0x42 src/Classes/Lcd/Lcd.o
                0x00000000080043a4                Lcd::print2ndColon(bool)
 .text._ZN3Lcd8printDotEb
                0x00000000080043e6       0x42 src/Classes/Lcd/Lcd.o
                0x00000000080043e6                Lcd::printDot(bool)
 .text._ZN11MotoCounter4initEv
                0x0000000008004428       0x10 src/Classes/MotoCounter/MotoCounter.o
                0x0000000008004428                MotoCounter::init()
 .text._ZN11MotoCounter6updateEv
                0x0000000008004438       0x10 src/Classes/MotoCounter/MotoCounter.o
                0x0000000008004438                MotoCounter::update()
 .text._ZN11MotoCounter15getDeviceNumberEv
                0x0000000008004448       0x12 src/Classes/MotoCounter/MotoCounter.o
                0x0000000008004448                MotoCounter::getDeviceNumber()
 .text._ZN11MotoCounter10sendNeededEv
                0x000000000800445a       0x12 src/Classes/MotoCounter/MotoCounter.o
                0x000000000800445a                MotoCounter::sendNeeded()
 .text._ZN11MotoCounter11createFrameEP10Wtp3Driver
                0x000000000800446c       0x12 src/Classes/MotoCounter/MotoCounter.o
                0x000000000800446c                MotoCounter::createFrame(Wtp3Driver*)
 .text._ZN11MotoCounter12receiveFrameEP10Wtp3Driver
                0x000000000800447e       0x14 src/Classes/MotoCounter/MotoCounter.o
                0x000000000800447e                MotoCounter::receiveFrame(Wtp3Driver*)
 *fill*         0x0000000008004492        0x2 
 .text._ZN11IWtp3DeviceC2Ev
                0x0000000008004494       0x1c src/Classes/MotoCounter/MotoCounter.o
                0x0000000008004494                IWtp3Device::IWtp3Device()
                0x0000000008004494                IWtp3Device::IWtp3Device()
 .text._ZN11MotoCounterC2Ev
                0x00000000080044b0       0x24 src/Classes/MotoCounter/MotoCounter.o
                0x00000000080044b0                MotoCounter::MotoCounter()
                0x00000000080044b0                MotoCounter::MotoCounter()
 .text._ZN11MotoCounterD2Ev
                0x00000000080044d4       0x1c src/Classes/MotoCounter/MotoCounter.o
                0x00000000080044d4                MotoCounter::~MotoCounter()
                0x00000000080044d4                MotoCounter::~MotoCounter()
 .text._ZN11MotoCounterD0Ev
                0x00000000080044f0       0x22 src/Classes/MotoCounter/MotoCounter.o
                0x00000000080044f0                MotoCounter::~MotoCounter()
 .text._ZN13VersionScreen4initEP3Lcd
                0x0000000008004512       0x18 src/Classes/VersionScreen/VersionScreen.o
                0x0000000008004512                VersionScreen::init(Lcd*)
 .text._ZN13VersionScreen12printVerisonEv
                0x000000000800452a       0x8e src/Classes/VersionScreen/VersionScreen.o
                0x000000000800452a                VersionScreen::printVerison()
 .text._ZN6CTimer13classInit1000EPFmvE
                0x00000000080045b8       0x1c src/Classes/timer/timer.o
                0x00000000080045b8                CTimer::classInit1000(unsigned long (*)())
 .text._ZN6CTimer18defaultGetTickFuncEv
                0x00000000080045d4        0xc src/Classes/timer/timer.o
                0x00000000080045d4                CTimer::defaultGetTickFunc()
 .text._ZN6CTimer7getTickEv
                0x00000000080045e0       0x18 src/Classes/timer/timer.o
                0x00000000080045e0                CTimer::getTick()
 .text._ZN6CTimerC2ENS_4UnitE
                0x00000000080045f8       0x26 src/Classes/timer/timer.o
                0x00000000080045f8                CTimer::CTimer(CTimer::Unit)
                0x00000000080045f8                CTimer::CTimer(CTimer::Unit)
 .text._ZN6CTimer14setCounterUnitENS_4UnitE
                0x000000000800461e       0x26 src/Classes/timer/timer.o
                0x000000000800461e                CTimer::setCounterUnit(CTimer::Unit)
 .text._ZN6CTimer5startEm
                0x0000000008004644       0x28 src/Classes/timer/timer.o
                0x0000000008004644                CTimer::start(unsigned long)
 .text._ZN6CTimer7turnOffEv
                0x000000000800466c       0x16 src/Classes/timer/timer.o
                0x000000000800466c                CTimer::turnOff()
 .text._ZN6CTimer9isElapsedEv
                0x0000000008004682       0x42 src/Classes/timer/timer.o
                0x0000000008004682                CTimer::isElapsed()
 .text._ZN6CTimer18_getTimeSinceStartEv
                0x00000000080046c4       0x30 src/Classes/timer/timer.o
                0x00000000080046c4                CTimer::_getTimeSinceStart()
 .text._ZN6CTimer18_updateDowncounterEv
                0x00000000080046f4       0x50 src/Classes/timer/timer.o
                0x00000000080046f4                CTimer::_updateDowncounter()
 .text._ZN6CTimer14_isTimeElapsedEm
                0x0000000008004744       0x20 src/Classes/timer/timer.o
                0x0000000008004744                CTimer::_isTimeElapsed(unsigned long)
 .text._ZN6CTimer13getFactor1000ENS_4UnitE
                0x0000000008004764       0x60 src/Classes/timer/timer.o
                0x0000000008004764                CTimer::getFactor1000(CTimer::Unit)
 .text._ZN6CTimer17_ticks2timerUnitsEm
                0x00000000080047c4       0x28 src/Classes/timer/timer.o
                0x00000000080047c4                CTimer::_ticks2timerUnits(unsigned long)
 .text._ZN14CControlerInfoC2Ev
                0x00000000080047ec       0x64 src/ControlerInfo/CControlerInfo.o
                0x00000000080047ec                CControlerInfo::CControlerInfo()
                0x00000000080047ec                CControlerInfo::CControlerInfo()
 .text._ZN14CControlerInfo23getStatusInitializationEv
                0x0000000008004850       0x2c src/ControlerInfo/CControlerInfo.o
                0x0000000008004850                CControlerInfo::getStatusInitialization()
 .text._ZN14CControlerInfo12getMotohoursEv
                0x000000000800487c       0x2c src/ControlerInfo/CControlerInfo.o
                0x000000000800487c                CControlerInfo::getMotohours()
 .text._ZN14CControlerInfo12setMotohoursEt
                0x00000000080048a8       0x28 src/ControlerInfo/CControlerInfo.o
                0x00000000080048a8                CControlerInfo::setMotohours(unsigned short)
 .text._ZN14CControlerInfo14getMotominutesEv
                0x00000000080048d0       0x2c src/ControlerInfo/CControlerInfo.o
                0x00000000080048d0                CControlerInfo::getMotominutes()
 .text._ZN14CControlerInfo14setMotominutesEh
                0x00000000080048fc       0x28 src/ControlerInfo/CControlerInfo.o
                0x00000000080048fc                CControlerInfo::setMotominutes(unsigned char)
 .text._Z41__static_initialization_and_destruction_0ii
                0x0000000008004924       0x8c src/ControlerInfo/CControlerInfo.o
 .text._GLOBAL__sub_I__ZN14CControlerInfo9m_cpuid_1E
                0x00000000080049b0       0x18 src/ControlerInfo/CControlerInfo.o
 .text._ZN6Driver4initEv
                0x00000000080049c8       0xbc src/Driver/Driver.o
                0x00000000080049c8                Driver::init()
 .text._ZN6Driver6updateEv
                0x0000000008004a84       0x20 src/Driver/Driver.o
                0x0000000008004a84                Driver::update()
 .text._ZN6Driver13printMotohourEv
                0x0000000008004aa4       0x78 src/Driver/Driver.o
                0x0000000008004aa4                Driver::printMotohour()
 .text._ZN6Driver13updateMinutesEv
                0x0000000008004b1c       0x84 src/Driver/Driver.o
                0x0000000008004b1c                Driver::updateMinutes()
 .text._ZN6Driver12updateScreenEv
                0x0000000008004ba0       0x38 src/Driver/Driver.o
                0x0000000008004ba0                Driver::updateScreen()
 .text._ZN6DriverC2Ev
                0x0000000008004bd8       0x48 src/main.o
                0x0000000008004bd8                Driver::Driver()
                0x0000000008004bd8                Driver::Driver()
 .text._ZN6DriverD2Ev
                0x0000000008004c20       0x28 src/main.o
                0x0000000008004c20                Driver::~Driver()
                0x0000000008004c20                Driver::~Driver()
 .text._ZN6DriverD0Ev
                0x0000000008004c48       0x22 src/main.o
                0x0000000008004c48                Driver::~Driver()
 *fill*         0x0000000008004c6a        0x2 
 .text.main     0x0000000008004c6c       0x38 src/main.o
                0x0000000008004c6c                main
 .text._Z18SystemClock_Configv
                0x0000000008004ca4       0xc0 src/main.o
                0x0000000008004ca4                SystemClock_Config()
 .text._Z18TurnOnWorkingClockv
                0x0000000008004d64       0x74 src/main.o
                0x0000000008004d64                TurnOnWorkingClock()
 .text.Reset_Handler
                0x0000000008004dd8       0x50 src/startup_stm32l053xx.o
                0x0000000008004dd8                Reset_Handler
 .text.Default_Handler
                0x0000000008004e28        0x2 src/startup_stm32l053xx.o
                0x0000000008004e28                TSC_IRQHandler
                0x0000000008004e28                ADC1_COMP_IRQHandler
                0x0000000008004e28                PVD_IRQHandler
                0x0000000008004e28                I2C1_IRQHandler
                0x0000000008004e28                RCC_CRS_IRQHandler
                0x0000000008004e28                SPI1_IRQHandler
                0x0000000008004e28                TIM6_DAC_IRQHandler
                0x0000000008004e28                EXTI2_3_IRQHandler
                0x0000000008004e28                I2C2_IRQHandler
                0x0000000008004e28                RTC_IRQHandler
                0x0000000008004e28                LCD_IRQHandler
                0x0000000008004e28                DMA1_Channel4_5_6_7_IRQHandler
                0x0000000008004e28                DMA1_Channel1_IRQHandler
                0x0000000008004e28                Default_Handler
                0x0000000008004e28                TIM22_IRQHandler
                0x0000000008004e28                EXTI0_1_IRQHandler
                0x0000000008004e28                USB_IRQHandler
                0x0000000008004e28                SPI2_IRQHandler
                0x0000000008004e28                TIM21_IRQHandler
                0x0000000008004e28                WWDG_IRQHandler
                0x0000000008004e28                TIM2_IRQHandler
                0x0000000008004e28                DMA1_Channel2_3_IRQHandler
                0x0000000008004e28                USART2_IRQHandler
                0x0000000008004e28                FLASH_IRQHandler
                0x0000000008004e28                USART1_IRQHandler
                0x0000000008004e28                RNG_LPUART1_IRQHandler
                0x0000000008004e28                LPTIM1_IRQHandler
 *fill*         0x0000000008004e2a        0x2 
 .text.SystemInit
                0x0000000008004e2c       0x7c src/system_stm32l0xx.o
                0x0000000008004e2c                SystemInit
 .text._Z26rfm22callbacks_set_channelh
                0x0000000008004ea8       0x14 src/wtp3conf/rfm22callbacks.o
                0x0000000008004ea8                rfm22callbacks_set_channel(unsigned char)
 .text._Z26rfm22callbacks_get_channelv
                0x0000000008004ebc        0xc src/wtp3conf/rfm22callbacks.o
                0x0000000008004ebc                rfm22callbacks_get_channel()
 .text._Z24rfm22callbacks_set_powerh
                0x0000000008004ec8       0x14 src/wtp3conf/rfm22callbacks.o
                0x0000000008004ec8                rfm22callbacks_set_power(unsigned char)
 .text._Z24rfm22callbacks_get_powerv
                0x0000000008004edc        0xc src/wtp3conf/rfm22callbacks.o
                0x0000000008004edc                rfm22callbacks_get_power()
 .text._Z23rfm22callbacks_delay_mst
                0x0000000008004ee8       0x1e src/wtp3conf/rfm22callbacks.o
                0x0000000008004ee8                rfm22callbacks_delay_ms(unsigned short)
 *fill*         0x0000000008004f06        0x2 
 .text._Z23rfm22ports_clearIntFlagv
                0x0000000008004f08       0x1c src/wtp3conf/rfm22ports.o
                0x0000000008004f08                rfm22ports_clearIntFlag()
 .text._Z22rfm22ports_activateIntv
                0x0000000008004f24       0x14 src/wtp3conf/rfm22ports.o
                0x0000000008004f24                rfm22ports_activateInt()
 .text._Z22rfm22ports_initIntPortv
                0x0000000008004f38       0x68 src/wtp3conf/rfm22ports.o
                0x0000000008004f38                rfm22ports_initIntPort()
 .text._Z22rfm22ports_initVccPortv
                0x0000000008004fa0        0xa src/wtp3conf/rfm22ports.o
                0x0000000008004fa0                rfm22ports_initVccPort()
 .text._Z17rfm22ports_setVcch
                0x0000000008004faa       0x14 src/wtp3conf/rfm22ports.o
                0x0000000008004faa                rfm22ports_setVcc(unsigned char)
 *fill*         0x0000000008004fbe        0x2 
 .text._Z22rfm22ports_initSDNPortv
                0x0000000008004fc0       0x58 src/wtp3conf/rfm22ports.o
                0x0000000008004fc0                rfm22ports_initSDNPort()
 .text._Z17rfm22ports_setSDNh
                0x0000000008005018       0x30 src/wtp3conf/rfm22ports.o
                0x0000000008005018                rfm22ports_setSDN(unsigned char)
 .text._Z25rfm22ports_getResetMethodv
                0x0000000008005048        0xc src/wtp3conf/rfm22ports.o
                0x0000000008005048                rfm22ports_getResetMethod()
 .text._Z18rfm22ports_initSPIv
                0x0000000008005054       0x68 src/wtp3conf/rfm22ports.o
                0x0000000008005054                rfm22ports_initSPI()
 .text._Z20rfm22ports_deinitSPIv
                0x00000000080050bc       0x18 src/wtp3conf/rfm22ports.o
                0x00000000080050bc                rfm22ports_deinitSPI()
 .text._Z16rfm22ports_transhh
                0x00000000080050d4       0x78 src/wtp3conf/rfm22ports.o
                0x00000000080050d4                rfm22ports_trans(unsigned char, unsigned char)
 .text._Z16rfm22ports_bursthhPh
                0x000000000800514c       0x68 src/wtp3conf/rfm22ports.o
                0x000000000800514c                rfm22ports_burst(unsigned char, unsigned char, unsigned char*)
 .text._Z39rfm22profiles_internal2external_profilePK20rfm22profiles_regs_tPS_
                0x00000000080051b4       0x1e src/wtp3conf/rfm22profiles.o
                0x00000000080051b4                rfm22profiles_internal2external_profile(rfm22profiles_regs_t const*, rfm22profiles_regs_t*)
 *fill*         0x00000000080051d2        0x2 
 .text._Z35rfm22profiles_fill_standard_profileP20rfm22profiles_regs_t
                0x00000000080051d4       0x20 src/wtp3conf/rfm22profiles.o
                0x00000000080051d4                rfm22profiles_fill_standard_profile(rfm22profiles_regs_t*)
 .text._Z24wtp3drivercalls_setTimerhm
                0x00000000080051f4       0x34 src/wtp3conf/wtp3drivercalls.o
                0x00000000080051f4                wtp3drivercalls_setTimer(unsigned char, unsigned long)
 .text._Z41__static_initialization_and_destruction_0ii
                0x0000000008005228       0x48 src/wtp3conf/wtp3drivercalls.o
 .text._GLOBAL__sub_I__Z24wtp3drivercalls_setTimerhm
                0x0000000008005270       0x18 src/wtp3conf/wtp3drivercalls.o
 .text._Z27wtp_address_srv_get_addressv
                0x0000000008005288       0x14 src/wtp3conf/wtp_address_srv.o
                0x0000000008005288                wtp_address_srv_get_address()
 .text._Z27wtp_address_srv_set_addressm
                0x000000000800529c       0x1c src/wtp3conf/wtp_address_srv.o
                0x000000000800529c                wtp_address_srv_set_address(unsigned long)
 .text._Z27wtp_address_srv_get_chip_idh
                0x00000000080052b8       0x4c src/wtp3conf/wtp_address_srv.o
                0x00000000080052b8                wtp_address_srv_get_chip_id(unsigned char)
 .text._ZdlPv   0x0000000008005304        0x8 /opt/Atollic_TrueSTUDIO_for_STM32_x86_64_9.3.0/ARMTools/bin/../lib/gcc/arm-atollic-eabi/6.3.1/../../../../arm-atollic-eabi/lib/armv6-m/libstdc++_nano.a(del_op.o)
                0x0000000008005304                operator delete(void*)
 .text.__cxa_pure_virtual
                0x000000000800530c        0x6 /opt/Atollic_TrueSTUDIO_for_STM32_x86_64_9.3.0/ARMTools/bin/../lib/gcc/arm-atollic-eabi/6.3.1/../../../../arm-atollic-eabi/lib/armv6-m/libstdc++_nano.a(pure.o)
                0x000000000800530c                __cxa_pure_virtual
 .text._ZN10__cxxabiv111__terminateEPFvvE
                0x0000000008005312        0x8 /opt/Atollic_TrueSTUDIO_for_STM32_x86_64_9.3.0/ARMTools/bin/../lib/gcc/arm-atollic-eabi/6.3.1/../../../../arm-atollic-eabi/lib/armv6-m/libstdc++_nano.a(eh_terminate.o)
                0x0000000008005312                __cxxabiv1::__terminate(void (*)())
 *fill*         0x000000000800531a        0x2 
 .text._ZSt9terminatev
                0x000000000800531c       0x10 /opt/Atollic_TrueSTUDIO_for_STM32_x86_64_9.3.0/ARMTools/bin/../lib/gcc/arm-atollic-eabi/6.3.1/../../../../arm-atollic-eabi/lib/armv6-m/libstdc++_nano.a(eh_terminate.o)
                0x000000000800531c                std::terminate()
 .text.abort    0x000000000800532c        0xe /opt/Atollic_TrueSTUDIO_for_STM32_x86_64_9.3.0/ARMTools/bin/../lib/gcc/arm-atollic-eabi/6.3.1/../../../../arm-atollic-eabi/lib/armv6-m/libc_nano.a(lib_a-abort.o)
                0x000000000800532c                abort
 *fill*         0x000000000800533a        0x2 
 .text.__libc_init_array
                0x000000000800533c       0x48 /opt/Atollic_TrueSTUDIO_for_STM32_x86_64_9.3.0/ARMTools/bin/../lib/gcc/arm-atollic-eabi/6.3.1/../../../../arm-atollic-eabi/lib/armv6-m/libc_nano.a(lib_a-init.o)
                0x000000000800533c                __libc_init_array
 .text.__itoa   0x0000000008005384       0x30 /opt/Atollic_TrueSTUDIO_for_STM32_x86_64_9.3.0/ARMTools/bin/../lib/gcc/arm-atollic-eabi/6.3.1/../../../../arm-atollic-eabi/lib/armv6-m/libc_nano.a(lib_a-itoa.o)
                0x0000000008005384                __itoa
 .text.itoa     0x00000000080053b4        0x8 /opt/Atollic_TrueSTUDIO_for_STM32_x86_64_9.3.0/ARMTools/bin/../lib/gcc/arm-atollic-eabi/6.3.1/../../../../arm-atollic-eabi/lib/armv6-m/libc_nano.a(lib_a-itoa.o)
                0x00000000080053b4                itoa
 .text.free     0x00000000080053bc       0x14 /opt/Atollic_TrueSTUDIO_for_STM32_x86_64_9.3.0/ARMTools/bin/../lib/gcc/arm-atollic-eabi/6.3.1/../../../../arm-atollic-eabi/lib/armv6-m/libc_nano.a(lib_a-malloc.o)
                0x00000000080053bc                free
 .text.memcpy   0x00000000080053d0       0x12 /opt/Atollic_TrueSTUDIO_for_STM32_x86_64_9.3.0/ARMTools/bin/../lib/gcc/arm-atollic-eabi/6.3.1/../../../../arm-atollic-eabi/lib/armv6-m/libc_nano.a(lib_a-memcpy-stub.o)
                0x00000000080053d0                memcpy
 .text.memset   0x00000000080053e2       0x10 /opt/Atollic_TrueSTUDIO_for_STM32_x86_64_9.3.0/ARMTools/bin/../lib/gcc/arm-atollic-eabi/6.3.1/../../../../arm-atollic-eabi/lib/armv6-m/libc_nano.a(lib_a-memset.o)
                0x00000000080053e2                memset
 *fill*         0x00000000080053f2        0x2 
 .text._free_r  0x00000000080053f4       0x94 /opt/Atollic_TrueSTUDIO_for_STM32_x86_64_9.3.0/ARMTools/bin/../lib/gcc/arm-atollic-eabi/6.3.1/../../../../arm-atollic-eabi/lib/armv6-m/libc_nano.a(lib_a-nano-freer.o)
                0x00000000080053f4                _free_r
 .text._raise_r
                0x0000000008005488       0x54 /opt/Atollic_TrueSTUDIO_for_STM32_x86_64_9.3.0/ARMTools/bin/../lib/gcc/arm-atollic-eabi/6.3.1/../../../../arm-atollic-eabi/lib/armv6-m/libc_nano.a(lib_a-signal.o)
                0x0000000008005488                _raise_r
 .text.raise    0x00000000080054dc       0x14 /opt/Atollic_TrueSTUDIO_for_STM32_x86_64_9.3.0/ARMTools/bin/../lib/gcc/arm-atollic-eabi/6.3.1/../../../../arm-atollic-eabi/lib/armv6-m/libc_nano.a(lib_a-signal.o)
                0x00000000080054dc                raise
 .text._kill_r  0x00000000080054f0       0x24 /opt/Atollic_TrueSTUDIO_for_STM32_x86_64_9.3.0/ARMTools/bin/../lib/gcc/arm-atollic-eabi/6.3.1/../../../../arm-atollic-eabi/lib/armv6-m/libc_nano.a(lib_a-signalr.o)
                0x00000000080054f0                _kill_r
 .text._getpid_r
                0x0000000008005514        0x8 /opt/Atollic_TrueSTUDIO_for_STM32_x86_64_9.3.0/ARMTools/bin/../lib/gcc/arm-atollic-eabi/6.3.1/../../../../arm-atollic-eabi/lib/armv6-m/libc_nano.a(lib_a-signalr.o)
                0x0000000008005514                _getpid_r
 .text.__utoa   0x000000000800551c       0x74 /opt/Atollic_TrueSTUDIO_for_STM32_x86_64_9.3.0/ARMTools/bin/../lib/gcc/arm-atollic-eabi/6.3.1/../../../../arm-atollic-eabi/lib/armv6-m/libc_nano.a(lib_a-utoa.o)
                0x000000000800551c                __utoa
 .text.__malloc_lock
                0x0000000008005590        0x2 /opt/Atollic_TrueSTUDIO_for_STM32_x86_64_9.3.0/ARMTools/bin/../lib/gcc/arm-atollic-eabi/6.3.1/../../../../arm-atollic-eabi/lib/armv6-m/libc_nano.a(lib_a-mlock.o)
                0x0000000008005590                __malloc_lock
 .text.__malloc_unlock
                0x0000000008005592        0x2 /opt/Atollic_TrueSTUDIO_for_STM32_x86_64_9.3.0/ARMTools/bin/../lib/gcc/arm-atollic-eabi/6.3.1/../../../../arm-atollic-eabi/lib/armv6-m/libc_nano.a(lib_a-mlock.o)
                0x0000000008005592                __malloc_unlock
 .text._getpid  0x0000000008005594       0x10 /opt/Atollic_TrueSTUDIO_for_STM32_x86_64_9.3.0/ARMTools/bin/../lib/gcc/arm-atollic-eabi/6.3.1/../../../../arm-atollic-eabi/lib/armv6-m/libnosys.a(getpid.o)
                0x0000000008005594                _getpid
 .text._kill    0x00000000080055a4       0x10 /opt/Atollic_TrueSTUDIO_for_STM32_x86_64_9.3.0/ARMTools/bin/../lib/gcc/arm-atollic-eabi/6.3.1/../../../../arm-atollic-eabi/lib/armv6-m/libnosys.a(kill.o)
                0x00000000080055a4                _kill
 .text._exit    0x00000000080055b4        0x2 /opt/Atollic_TrueSTUDIO_for_STM32_x86_64_9.3.0/ARMTools/bin/../lib/gcc/arm-atollic-eabi/6.3.1/../../../../arm-atollic-eabi/lib/armv6-m/libnosys.a(_exit.o)
                0x00000000080055b4                _exit
 *(.glue_7)
 .glue_7        0x00000000080055b6        0x0 linker stubs
 *(.glue_7t)
 .glue_7t       0x00000000080055b6        0x0 linker stubs
 *(.eh_frame)
 *fill*         0x00000000080055b6        0x2 
 .eh_frame      0x00000000080055b8        0x0 /opt/Atollic_TrueSTUDIO_for_STM32_x86_64_9.3.0/ARMTools/bin/../lib/gcc/arm-atollic-eabi/6.3.1/armv6-m/crtbegin.o
 *(.init)
 .init          0x00000000080055b8        0x4 /opt/Atollic_TrueSTUDIO_for_STM32_x86_64_9.3.0/ARMTools/bin/../lib/gcc/arm-atollic-eabi/6.3.1/armv6-m/crti.o
                0x00000000080055b8                _init
 .init          0x00000000080055bc        0x8 /opt/Atollic_TrueSTUDIO_for_STM32_x86_64_9.3.0/ARMTools/bin/../lib/gcc/arm-atollic-eabi/6.3.1/armv6-m/crtn.o
 *(.fini)
 .fini          0x00000000080055c4        0x4 /opt/Atollic_TrueSTUDIO_for_STM32_x86_64_9.3.0/ARMTools/bin/../lib/gcc/arm-atollic-eabi/6.3.1/armv6-m/crti.o
                0x00000000080055c4                _fini
 .fini          0x00000000080055c8        0x8 /opt/Atollic_TrueSTUDIO_for_STM32_x86_64_9.3.0/ARMTools/bin/../lib/gcc/arm-atollic-eabi/6.3.1/armv6-m/crtn.o
                0x00000000080055d0                . = ALIGN (0x4)
                0x00000000080055d0                _etext = .

.vfp11_veneer   0x00000000080055d0        0x0
 .vfp11_veneer  0x00000000080055d0        0x0 linker stubs

.v4_bx          0x00000000080055d0        0x0
 .v4_bx         0x00000000080055d0        0x0 linker stubs

.iplt           0x00000000080055d0        0x0
 .iplt          0x00000000080055d0        0x0 /opt/Atollic_TrueSTUDIO_for_STM32_x86_64_9.3.0/ARMTools/bin/../lib/gcc/arm-atollic-eabi/6.3.1/armv6-m/crtbegin.o

.rodata         0x00000000080055d0      0x4d8
                0x00000000080055d0                . = ALIGN (0x4)
 *(.rodata)
 *(.rodata*)
 .rodata._ZL23crc32_basic_table_table
                0x00000000080055d0      0x400 lib/wtp/crc32_basic_table.o
 .rodata._ZL8digitMap
                0x00000000080059d0        0xa src/Classes/Lcd/Digit.o
 *fill*         0x00000000080059da        0x2 
 .rodata._ZTV11MotoCounter
                0x00000000080059dc       0x28 src/Classes/MotoCounter/MotoCounter.o
                0x00000000080059dc                vtable for MotoCounter
 .rodata._ZTV11IWtp3Device
                0x0000000008005a04       0x20 src/Classes/MotoCounter/MotoCounter.o
                0x0000000008005a04                vtable for IWtp3Device
 .rodata._ZN6CTimer13getFactor1000ENS_4UnitE
                0x0000000008005a24       0x18 src/Classes/timer/timer.o
 .rodata._ZTV6Driver
                0x0000000008005a3c       0x10 src/main.o
                0x0000000008005a3c                vtable for Driver
 .rodata.AHBPrescTable
                0x0000000008005a4c       0x10 src/system_stm32l0xx.o
                0x0000000008005a4c                AHBPrescTable
 .rodata.PLLMulTable
                0x0000000008005a5c        0x9 src/system_stm32l0xx.o
                0x0000000008005a5c                PLLMulTable
 *fill*         0x0000000008005a65        0x3 
 .rodata._ZL30rfm22profiles_standard_profile
                0x0000000008005a68       0x18 src/wtp3conf/rfm22profiles.o
 .rodata.__utoa.str1.1
                0x0000000008005a80       0x25 /opt/Atollic_TrueSTUDIO_for_STM32_x86_64_9.3.0/ARMTools/bin/../lib/gcc/arm-atollic-eabi/6.3.1/../../../../arm-atollic-eabi/lib/armv6-m/libc_nano.a(lib_a-utoa.o)
                0x0000000008005aa8                . = ALIGN (0x4)
 *fill*         0x0000000008005aa5        0x3 

.rel.dyn        0x0000000008005aa8        0x0
 .rel.iplt      0x0000000008005aa8        0x0 /opt/Atollic_TrueSTUDIO_for_STM32_x86_64_9.3.0/ARMTools/bin/../lib/gcc/arm-atollic-eabi/6.3.1/armv6-m/crtbegin.o

.ARM.extab
 *(.ARM.extab* .gnu.linkonce.armextab.*)

.ARM            0x0000000008005aa8        0x0
                0x0000000008005aa8                __exidx_start = .
 *(.ARM.exidx*)
                0x0000000008005aa8                __exidx_end = .

.preinit_array  0x0000000008005aa8        0x0
                0x0000000008005aa8                PROVIDE (__preinit_array_start, .)
 *(.preinit_array*)
                0x0000000008005aa8                PROVIDE (__preinit_array_end, .)

.init_array     0x0000000008005aa8        0xc
                0x0000000008005aa8                PROVIDE (__init_array_start, .)
 *(SORT(.init_array.*))
 *(.init_array*)
 .init_array    0x0000000008005aa8        0x4 /opt/Atollic_TrueSTUDIO_for_STM32_x86_64_9.3.0/ARMTools/bin/../lib/gcc/arm-atollic-eabi/6.3.1/armv6-m/crtbegin.o
 .init_array    0x0000000008005aac        0x4 src/ControlerInfo/CControlerInfo.o
 .init_array    0x0000000008005ab0        0x4 src/wtp3conf/wtp3drivercalls.o
                0x0000000008005ab4                PROVIDE (__init_array_end, .)

.fini_array     0x0000000008005ab4        0x4
                [!provide]                        PROVIDE (__fini_array_start, .)
 *(SORT(.fini_array.*))
 *(.fini_array*)
 .fini_array    0x0000000008005ab4        0x4 /opt/Atollic_TrueSTUDIO_for_STM32_x86_64_9.3.0/ARMTools/bin/../lib/gcc/arm-atollic-eabi/6.3.1/armv6-m/crtbegin.o
                [!provide]                        PROVIDE (__fini_array_end, .)
                0x0000000008005ab8                _sidata = LOADADDR (.data)

.data           0x0000000020000000       0x70 load address 0x0000000008005ab8
                0x0000000020000000                . = ALIGN (0x4)
                0x0000000020000000                _sdata = .
 *(.data)
 *(.data*)
 .data._ZN6CTimer11getTickFuncE
                0x0000000020000000        0x4 src/Classes/timer/timer.o
                0x0000000020000000                CTimer::getTickFunc
 .data.SystemCoreClock
                0x0000000020000004        0x4 src/system_stm32l0xx.o
                0x0000000020000004                SystemCoreClock
 .data._ZN10__cxxabiv119__terminate_handlerE
                0x0000000020000008        0x4 /opt/Atollic_TrueSTUDIO_for_STM32_x86_64_9.3.0/ARMTools/bin/../lib/gcc/arm-atollic-eabi/6.3.1/../../../../arm-atollic-eabi/lib/armv6-m/libstdc++_nano.a(eh_term_handler.o)
                0x0000000020000008                __cxxabiv1::__terminate_handler
 .data._impure_ptr
                0x000000002000000c        0x4 /opt/Atollic_TrueSTUDIO_for_STM32_x86_64_9.3.0/ARMTools/bin/../lib/gcc/arm-atollic-eabi/6.3.1/../../../../arm-atollic-eabi/lib/armv6-m/libc_nano.a(lib_a-impure.o)
                0x000000002000000c                _impure_ptr
 .data.impure_data
                0x0000000020000010       0x60 /opt/Atollic_TrueSTUDIO_for_STM32_x86_64_9.3.0/ARMTools/bin/../lib/gcc/arm-atollic-eabi/6.3.1/../../../../arm-atollic-eabi/lib/armv6-m/libc_nano.a(lib_a-impure.o)
                0x0000000020000070                . = ALIGN (0x4)
                0x0000000020000070                _edata = .

.igot.plt       0x0000000020000070        0x0 load address 0x0000000008005b28
 .igot.plt      0x0000000020000070        0x0 /opt/Atollic_TrueSTUDIO_for_STM32_x86_64_9.3.0/ARMTools/bin/../lib/gcc/arm-atollic-eabi/6.3.1/armv6-m/crtbegin.o
                0x0000000020000070                . = ALIGN (0x4)

.bss            0x0000000020000070      0x27c load address 0x0000000008005b28
                0x0000000020000070                _sbss = .
                0x0000000020000070                __bss_start__ = _sbss
 *(.bss)
 .bss           0x0000000020000070       0x1c /opt/Atollic_TrueSTUDIO_for_STM32_x86_64_9.3.0/ARMTools/bin/../lib/gcc/arm-atollic-eabi/6.3.1/armv6-m/crtbegin.o
 *(.bss*)
 .bss._ZL18rfm22frame_tx_buff
                0x000000002000008c        0xc lib/wtp/rfm22frame.o
 .bss._ZL24rfm22frame_tx_buff_array
                0x0000000020000098       0xaa lib/wtp/rfm22frame.o
 *fill*         0x0000000020000142        0x2 
 .bss._ZL18rfm22frame_rx_buff
                0x0000000020000144        0xc lib/wtp/rfm22frame.o
 .bss._ZL24rfm22frame_rx_buff_array
                0x0000000020000150       0xaa lib/wtp/rfm22frame.o
 .bss._ZL23rfm22frame_preamble_len
                0x00000000200001fa        0x2 lib/wtp/rfm22frame.o
 .bss._ZL16rfm22frame_state
                0x00000000200001fc        0x1 lib/wtp/rfm22frame.o
 .bss._ZL28rfm22frame_tx_last_interrupt
                0x00000000200001fd        0x1 lib/wtp/rfm22frame.o
 .bss._ZL27rfm22frame_tx_err_underflow
                0x00000000200001fe        0x1 lib/wtp/rfm22frame.o
 .bss._ZL33rfm22frame_tx_err_no_almost_empty
                0x00000000200001ff        0x1 lib/wtp/rfm22frame.o
 .bss._ZL34rfm22frame_tx_err_channel_occupied
                0x0000000020000200        0x1 lib/wtp/rfm22frame.o
 *fill*         0x0000000020000201        0x3 
 .bss._ZL33rfm22frame_rx_package_size_getter
                0x0000000020000204        0x4 lib/wtp/rfm22frame.o
 .bss._ZL36rfm22frame_rx_package_size_threshold
                0x0000000020000208        0x2 lib/wtp/rfm22frame.o
 .bss._ZL26rfm22frame_rx_package_size
                0x000000002000020a        0x2 lib/wtp/rfm22frame.o
 .bss._ZL25rfm22frame_rx_err_no_sync
                0x000000002000020c        0x1 lib/wtp/rfm22frame.o
 .bss._ZL26rfm22frame_rx_err_overflow
                0x000000002000020d        0x1 lib/wtp/rfm22frame.o
 .bss._ZL32rfm22frame_rx_err_no_almost_full
                0x000000002000020e        0x1 lib/wtp/rfm22frame.o
 .bss._ZL31rfm22frame_rx_callback_err_size
                0x000000002000020f        0x1 lib/wtp/rfm22frame.o
 .bss._ZL30rfm22frame_general_err_blowout
                0x0000000020000210        0x1 lib/wtp/rfm22frame.o
 .bss.rfm22frame_signal_strength
                0x0000000020000211        0x1 lib/wtp/rfm22frame.o
                0x0000000020000211                rfm22frame_signal_strength
 *fill*         0x0000000020000212        0x2 
 .bss._ZN10Wtp3Driver9singletonE
                0x0000000020000214        0x4 lib/wtp/wtp3driver.o
                0x0000000020000214                Wtp3Driver::singleton
 .bss._ZN9EEPROMVar16m_currentAddressE
                0x0000000020000218        0x4 src/Classes/EepromVar/EEPROMVar.o
                0x0000000020000218                EEPROMVar::m_currentAddress
 .bss._ZN14CControlerInfo9m_cpuid_1E
                0x000000002000021c        0x4 src/ControlerInfo/CControlerInfo.o
                0x000000002000021c                CControlerInfo::m_cpuid_1
 .bss._ZN14CControlerInfo9m_cpuid_2E
                0x0000000020000220        0x4 src/ControlerInfo/CControlerInfo.o
                0x0000000020000220                CControlerInfo::m_cpuid_2
 .bss._ZN14CControlerInfo9m_cpuid_3E
                0x0000000020000224        0x4 src/ControlerInfo/CControlerInfo.o
                0x0000000020000224                CControlerInfo::m_cpuid_3
 .bss._ZN14CControlerInfo22m_eepromInitializationE
                0x0000000020000228        0x8 src/ControlerInfo/CControlerInfo.o
                0x0000000020000228                CControlerInfo::m_eepromInitialization
 .bss._ZN14CControlerInfo20m_eeppromMotominutesE
                0x0000000020000230        0x8 src/ControlerInfo/CControlerInfo.o
                0x0000000020000230                CControlerInfo::m_eeppromMotominutes
 .bss._ZN14CControlerInfo18m_eeppromMotohoursE
                0x0000000020000238        0x8 src/ControlerInfo/CControlerInfo.o
                0x0000000020000238                CControlerInfo::m_eeppromMotohours
 .bss._ZN14CControlerInfo21m_eeppromMaxMotohoursE
                0x0000000020000240        0x8 src/ControlerInfo/CControlerInfo.o
                0x0000000020000240                CControlerInfo::m_eeppromMaxMotohours
 .bss.hspi1     0x0000000020000248       0x58 src/wtp3conf/rfm22ports.o
                0x0000000020000248                hspi1
 .bss._ZL10wtp4timers
                0x00000000200002a0       0x24 src/wtp3conf/wtp3drivercalls.o
 .bss._ZL20wtp_address_srv_addr
                0x00000000200002c4        0x4 src/wtp3conf/wtp_address_srv.o
 .bss.__malloc_free_list
                0x00000000200002c8        0x4 /opt/Atollic_TrueSTUDIO_for_STM32_x86_64_9.3.0/ARMTools/bin/../lib/gcc/arm-atollic-eabi/6.3.1/../../../../arm-atollic-eabi/lib/armv6-m/libc_nano.a(lib_a-nano-mallocr.o)
                0x00000000200002c8                __malloc_free_list
 *(COMMON)
 COMMON         0x00000000200002cc        0x4 Drivers/STM32L0xx_HAL_Driver/Src/stm32l0xx_hal.o
                0x00000000200002cc                uwTick
 COMMON         0x00000000200002d0       0x18 Drivers/STM32L0xx_HAL_Driver/Src/stm32l0xx_hal_flash.o
                0x00000000200002d0                pFlash
 COMMON         0x00000000200002e8        0x4 /opt/Atollic_TrueSTUDIO_for_STM32_x86_64_9.3.0/ARMTools/bin/../lib/gcc/arm-atollic-eabi/6.3.1/../../../../arm-atollic-eabi/lib/armv6-m/libc_nano.a(lib_a-reent.o)
                0x00000000200002e8                errno
                0x00000000200002ec                . = ALIGN (0x4)
                0x00000000200002ec                _ebss = .
                0x00000000200002ec                __bss_end__ = _ebss

._user_heap_stack
                0x00000000200002ec       0x80 load address 0x0000000008005b28
                0x00000000200002ec                . = ALIGN (0x4)
                0x00000000200002ec                PROVIDE (end, .)
                [!provide]                        PROVIDE (_end, .)
                0x00000000200002ec                . = (. + _Min_Heap_Size)
                0x000000002000036c                . = (. + _Min_Stack_Size)
 *fill*         0x00000000200002ec       0x80 
                0x000000002000036c                . = ALIGN (0x4)

.memory_b1_text
 *(.mb1text)
 *(.mb1text*)
 *(.mb1rodata)
 *(.mb1rodata*)

/DISCARD/
 libc.a(*)
 libm.a(*)
 libgcc.a(*)

.ARM.attributes
                0x0000000000000000       0x28
 *(.ARM.attributes)
 .ARM.attributes
                0x0000000000000000       0x1e /opt/Atollic_TrueSTUDIO_for_STM32_x86_64_9.3.0/ARMTools/bin/../lib/gcc/arm-atollic-eabi/6.3.1/armv6-m/crti.o
 .ARM.attributes
                0x000000000000001e       0x2c /opt/Atollic_TrueSTUDIO_for_STM32_x86_64_9.3.0/ARMTools/bin/../lib/gcc/arm-atollic-eabi/6.3.1/armv6-m/crtbegin.o
 .ARM.attributes
                0x000000000000004a       0x32 Drivers/STM32L0xx_HAL_Driver/Src/stm32l0xx_hal.o
 .ARM.attributes
                0x000000000000007c       0x32 Drivers/STM32L0xx_HAL_Driver/Src/stm32l0xx_hal_cortex.o
 .ARM.attributes
                0x00000000000000ae       0x32 Drivers/STM32L0xx_HAL_Driver/Src/stm32l0xx_hal_flash.o
 .ARM.attributes
                0x00000000000000e0       0x32 Drivers/STM32L0xx_HAL_Driver/Src/stm32l0xx_hal_flash_ex.o
 .ARM.attributes
                0x0000000000000112       0x32 Drivers/STM32L0xx_HAL_Driver/Src/stm32l0xx_hal_gpio.o
 .ARM.attributes
                0x0000000000000144       0x32 Drivers/STM32L0xx_HAL_Driver/Src/stm32l0xx_hal_lcd.o
 .ARM.attributes
                0x0000000000000176       0x32 Drivers/STM32L0xx_HAL_Driver/Src/stm32l0xx_hal_msp_template.o
 .ARM.attributes
                0x00000000000001a8       0x32 Drivers/STM32L0xx_HAL_Driver/Src/stm32l0xx_hal_rcc.o
 .ARM.attributes
                0x00000000000001da       0x32 Drivers/STM32L0xx_HAL_Driver/Src/stm32l0xx_hal_rcc_ex.o
 .ARM.attributes
                0x000000000000020c       0x32 Drivers/STM32L0xx_HAL_Driver/Src/stm32l0xx_hal_spi.o
 .ARM.attributes
                0x000000000000023e       0x32 lib/wtp/crc32_basic_table.o
 .ARM.attributes
                0x0000000000000270       0x32 lib/wtp/crc_tools.o
 .ARM.attributes
                0x00000000000002a2       0x32 lib/wtp/prot3buff.o
 .ARM.attributes
                0x00000000000002d4       0x32 lib/wtp/rfm22bands.o
 .ARM.attributes
                0x0000000000000306       0x32 lib/wtp/rfm22driver.o
 .ARM.attributes
                0x0000000000000338       0x32 lib/wtp/rfm22frame.o
 .ARM.attributes
                0x000000000000036a       0x32 lib/wtp/scrambler.o
 .ARM.attributes
                0x000000000000039c       0x32 lib/wtp/wtp3driver.o
 .ARM.attributes
                0x00000000000003ce       0x32 lib/wtp/wtp_address_gen.o
 .ARM.attributes
                0x0000000000000400       0x32 src/Classes/Alarm/Alarm.o
 .ARM.attributes
                0x0000000000000432       0x32 src/Classes/EepromVar/EEPROMVar.o
 .ARM.attributes
                0x0000000000000464       0x32 src/Classes/HardwareInterrupt/HardwareInterrupt.o
 .ARM.attributes
                0x0000000000000496       0x32 src/Classes/Lcd/Digit.o
 .ARM.attributes
                0x00000000000004c8       0x32 src/Classes/Lcd/Lcd.o
 .ARM.attributes
                0x00000000000004fa       0x32 src/Classes/MotoCounter/MotoCounter.o
 .ARM.attributes
                0x000000000000052c       0x32 src/Classes/VersionScreen/VersionScreen.o
 .ARM.attributes
                0x000000000000055e       0x32 src/Classes/timer/timer.o
 .ARM.attributes
                0x0000000000000590       0x32 src/ControlerInfo/CControlerInfo.o
 .ARM.attributes
                0x00000000000005c2       0x32 src/Driver/Driver.o
 .ARM.attributes
                0x00000000000005f4       0x32 src/main.o
 .ARM.attributes
                0x0000000000000626       0x22 src/startup_stm32l053xx.o
 .ARM.attributes
                0x0000000000000648       0x32 src/system_stm32l0xx.o
 .ARM.attributes
                0x000000000000067a       0x32 src/wtp3conf/rfm22callbacks.o
 .ARM.attributes
                0x00000000000006ac       0x32 src/wtp3conf/rfm22ports.o
 .ARM.attributes
                0x00000000000006de       0x32 src/wtp3conf/rfm22profiles.o
 .ARM.attributes
                0x0000000000000710       0x32 src/wtp3conf/wtp3drivercalls.o
 .ARM.attributes
                0x0000000000000742       0x32 src/wtp3conf/wtp_address_srv.o
 .ARM.attributes
                0x0000000000000774       0x2c /opt/Atollic_TrueSTUDIO_for_STM32_x86_64_9.3.0/ARMTools/bin/../lib/gcc/arm-atollic-eabi/6.3.1/../../../../arm-atollic-eabi/lib/armv6-m/libstdc++_nano.a(del_op.o)
 .ARM.attributes
                0x00000000000007a0       0x2c /opt/Atollic_TrueSTUDIO_for_STM32_x86_64_9.3.0/ARMTools/bin/../lib/gcc/arm-atollic-eabi/6.3.1/../../../../arm-atollic-eabi/lib/armv6-m/libstdc++_nano.a(pure.o)
 .ARM.attributes
                0x00000000000007cc       0x2c /opt/Atollic_TrueSTUDIO_for_STM32_x86_64_9.3.0/ARMTools/bin/../lib/gcc/arm-atollic-eabi/6.3.1/../../../../arm-atollic-eabi/lib/armv6-m/libstdc++_nano.a(eh_terminate.o)
 .ARM.attributes
                0x00000000000007f8       0x2c /opt/Atollic_TrueSTUDIO_for_STM32_x86_64_9.3.0/ARMTools/bin/../lib/gcc/arm-atollic-eabi/6.3.1/../../../../arm-atollic-eabi/lib/armv6-m/libstdc++_nano.a(eh_term_handler.o)
 .ARM.attributes
                0x0000000000000824       0x2c /opt/Atollic_TrueSTUDIO_for_STM32_x86_64_9.3.0/ARMTools/bin/../lib/gcc/arm-atollic-eabi/6.3.1/../../../../arm-atollic-eabi/lib/armv6-m/libc_nano.a(lib_a-abort.o)
 .ARM.attributes
                0x0000000000000850       0x2c /opt/Atollic_TrueSTUDIO_for_STM32_x86_64_9.3.0/ARMTools/bin/../lib/gcc/arm-atollic-eabi/6.3.1/../../../../arm-atollic-eabi/lib/armv6-m/libc_nano.a(lib_a-init.o)
 .ARM.attributes
                0x000000000000087c       0x2c /opt/Atollic_TrueSTUDIO_for_STM32_x86_64_9.3.0/ARMTools/bin/../lib/gcc/arm-atollic-eabi/6.3.1/../../../../arm-atollic-eabi/lib/armv6-m/libc_nano.a(lib_a-itoa.o)
 .ARM.attributes
                0x00000000000008a8       0x2c /opt/Atollic_TrueSTUDIO_for_STM32_x86_64_9.3.0/ARMTools/bin/../lib/gcc/arm-atollic-eabi/6.3.1/../../../../arm-atollic-eabi/lib/armv6-m/libc_nano.a(lib_a-malloc.o)
 .ARM.attributes
                0x00000000000008d4       0x2c /opt/Atollic_TrueSTUDIO_for_STM32_x86_64_9.3.0/ARMTools/bin/../lib/gcc/arm-atollic-eabi/6.3.1/../../../../arm-atollic-eabi/lib/armv6-m/libc_nano.a(lib_a-memcpy-stub.o)
 .ARM.attributes
                0x0000000000000900       0x2c /opt/Atollic_TrueSTUDIO_for_STM32_x86_64_9.3.0/ARMTools/bin/../lib/gcc/arm-atollic-eabi/6.3.1/../../../../arm-atollic-eabi/lib/armv6-m/libc_nano.a(lib_a-memset.o)
 .ARM.attributes
                0x000000000000092c       0x2c /opt/Atollic_TrueSTUDIO_for_STM32_x86_64_9.3.0/ARMTools/bin/../lib/gcc/arm-atollic-eabi/6.3.1/../../../../arm-atollic-eabi/lib/armv6-m/libc_nano.a(lib_a-nano-freer.o)
 .ARM.attributes
                0x0000000000000958       0x2c /opt/Atollic_TrueSTUDIO_for_STM32_x86_64_9.3.0/ARMTools/bin/../lib/gcc/arm-atollic-eabi/6.3.1/../../../../arm-atollic-eabi/lib/armv6-m/libc_nano.a(lib_a-nano-mallocr.o)
 .ARM.attributes
                0x0000000000000984       0x2c /opt/Atollic_TrueSTUDIO_for_STM32_x86_64_9.3.0/ARMTools/bin/../lib/gcc/arm-atollic-eabi/6.3.1/../../../../arm-atollic-eabi/lib/armv6-m/libc_nano.a(lib_a-signal.o)
 .ARM.attributes
                0x00000000000009b0       0x2c /opt/Atollic_TrueSTUDIO_for_STM32_x86_64_9.3.0/ARMTools/bin/../lib/gcc/arm-atollic-eabi/6.3.1/../../../../arm-atollic-eabi/lib/armv6-m/libc_nano.a(lib_a-signalr.o)
 .ARM.attributes
                0x00000000000009dc       0x2c /opt/Atollic_TrueSTUDIO_for_STM32_x86_64_9.3.0/ARMTools/bin/../lib/gcc/arm-atollic-eabi/6.3.1/../../../../arm-atollic-eabi/lib/armv6-m/libc_nano.a(lib_a-utoa.o)
 .ARM.attributes
                0x0000000000000a08       0x2c /opt/Atollic_TrueSTUDIO_for_STM32_x86_64_9.3.0/ARMTools/bin/../lib/gcc/arm-atollic-eabi/6.3.1/../../../../arm-atollic-eabi/lib/armv6-m/libc_nano.a(lib_a-impure.o)
 .ARM.attributes
                0x0000000000000a34       0x2c /opt/Atollic_TrueSTUDIO_for_STM32_x86_64_9.3.0/ARMTools/bin/../lib/gcc/arm-atollic-eabi/6.3.1/../../../../arm-atollic-eabi/lib/armv6-m/libc_nano.a(lib_a-mlock.o)
 .ARM.attributes
                0x0000000000000a60       0x2c /opt/Atollic_TrueSTUDIO_for_STM32_x86_64_9.3.0/ARMTools/bin/../lib/gcc/arm-atollic-eabi/6.3.1/../../../../arm-atollic-eabi/lib/armv6-m/libc_nano.a(lib_a-reent.o)
 .ARM.attributes
                0x0000000000000a8c       0x1e /opt/Atollic_TrueSTUDIO_for_STM32_x86_64_9.3.0/ARMTools/bin/../lib/gcc/arm-atollic-eabi/6.3.1/armv6-m/libgcc.a(_udivsi3.o)
 .ARM.attributes
                0x0000000000000aaa       0x1e /opt/Atollic_TrueSTUDIO_for_STM32_x86_64_9.3.0/ARMTools/bin/../lib/gcc/arm-atollic-eabi/6.3.1/armv6-m/libgcc.a(_dvmd_tls.o)
 .ARM.attributes
                0x0000000000000ac8       0x2c /opt/Atollic_TrueSTUDIO_for_STM32_x86_64_9.3.0/ARMTools/bin/../lib/gcc/arm-atollic-eabi/6.3.1/../../../../arm-atollic-eabi/lib/armv6-m/libnosys.a(getpid.o)
 .ARM.attributes
                0x0000000000000af4       0x2c /opt/Atollic_TrueSTUDIO_for_STM32_x86_64_9.3.0/ARMTools/bin/../lib/gcc/arm-atollic-eabi/6.3.1/../../../../arm-atollic-eabi/lib/armv6-m/libnosys.a(kill.o)
 .ARM.attributes
                0x0000000000000b20       0x2c /opt/Atollic_TrueSTUDIO_for_STM32_x86_64_9.3.0/ARMTools/bin/../lib/gcc/arm-atollic-eabi/6.3.1/../../../../arm-atollic-eabi/lib/armv6-m/libnosys.a(_exit.o)
 .ARM.attributes
                0x0000000000000b4c       0x1e /opt/Atollic_TrueSTUDIO_for_STM32_x86_64_9.3.0/ARMTools/bin/../lib/gcc/arm-atollic-eabi/6.3.1/armv6-m/crtn.o
OUTPUT(Licznik.elf elf32-littlearm)

.debug_info     0x0000000000000000    0x1481f
 .debug_info    0x0000000000000000      0x7ac Drivers/STM32L0xx_HAL_Driver/Src/stm32l0xx_hal.o
 .debug_info    0x00000000000007ac      0x8cf Drivers/STM32L0xx_HAL_Driver/Src/stm32l0xx_hal_cortex.o
 .debug_info    0x000000000000107b      0x5f7 Drivers/STM32L0xx_HAL_Driver/Src/stm32l0xx_hal_flash.o
 .debug_info    0x0000000000001672      0xa2f Drivers/STM32L0xx_HAL_Driver/Src/stm32l0xx_hal_flash_ex.o
 .debug_info    0x00000000000020a1      0x6c5 Drivers/STM32L0xx_HAL_Driver/Src/stm32l0xx_hal_gpio.o
 .debug_info    0x0000000000002766      0x56e Drivers/STM32L0xx_HAL_Driver/Src/stm32l0xx_hal_lcd.o
 .debug_info    0x0000000000002cd4      0x16b Drivers/STM32L0xx_HAL_Driver/Src/stm32l0xx_hal_msp_template.o
 .debug_info    0x0000000000002e3f      0x955 Drivers/STM32L0xx_HAL_Driver/Src/stm32l0xx_hal_rcc.o
 .debug_info    0x0000000000003794      0x813 Drivers/STM32L0xx_HAL_Driver/Src/stm32l0xx_hal_rcc_ex.o
 .debug_info    0x0000000000003fa7     0x1633 Drivers/STM32L0xx_HAL_Driver/Src/stm32l0xx_hal_spi.o
 .debug_info    0x00000000000055da      0x100 lib/wtp/crc32_basic_table.o
 .debug_info    0x00000000000056da      0x39e lib/wtp/crc_tools.o
 .debug_info    0x0000000000005a78     0x1179 lib/wtp/prot3buff.o
 .debug_info    0x0000000000006bf1      0x747 lib/wtp/rfm22bands.o
 .debug_info    0x0000000000007338      0x2f0 lib/wtp/rfm22driver.o
 .debug_info    0x0000000000007628      0x6a8 lib/wtp/rfm22frame.o
 .debug_info    0x0000000000007cd0      0x192 lib/wtp/scrambler.o
 .debug_info    0x0000000000007e62     0x1d2c lib/wtp/wtp3driver.o
 .debug_info    0x0000000000009b8e      0x1a1 lib/wtp/wtp_address_gen.o
 .debug_info    0x0000000000009d2f      0x390 src/Classes/Alarm/Alarm.o
 .debug_info    0x000000000000a0bf      0x421 src/Classes/EepromVar/EEPROMVar.o
 .debug_info    0x000000000000a4e0      0x345 src/Classes/HardwareInterrupt/HardwareInterrupt.o
 .debug_info    0x000000000000a825      0x2c8 src/Classes/Lcd/Digit.o
 .debug_info    0x000000000000aaed      0xb30 src/Classes/Lcd/Lcd.o
 .debug_info    0x000000000000b61d      0xc20 src/Classes/MotoCounter/MotoCounter.o
 .debug_info    0x000000000000c23d     0x12ae src/Classes/VersionScreen/VersionScreen.o
 .debug_info    0x000000000000d4eb      0x9ce src/Classes/timer/timer.o
 .debug_info    0x000000000000deb9      0x715 src/ControlerInfo/CControlerInfo.o
 .debug_info    0x000000000000e5ce     0x2382 src/Driver/Driver.o
 .debug_info    0x0000000000010950     0x1acc src/main.o
 .debug_info    0x000000000001241c       0x75 src/startup_stm32l053xx.o
 .debug_info    0x0000000000012491      0x373 src/system_stm32l0xx.o
 .debug_info    0x0000000000012804      0x2b5 src/wtp3conf/rfm22callbacks.o
 .debug_info    0x0000000000012ab9      0xc82 src/wtp3conf/rfm22ports.o
 .debug_info    0x000000000001373b      0xa57 src/wtp3conf/rfm22profiles.o
 .debug_info    0x0000000000014192      0x54a src/wtp3conf/wtp3drivercalls.o
 .debug_info    0x00000000000146dc      0x143 src/wtp3conf/wtp_address_srv.o

.debug_abbrev   0x0000000000000000     0x48d0
 .debug_abbrev  0x0000000000000000      0x214 Drivers/STM32L0xx_HAL_Driver/Src/stm32l0xx_hal.o
 .debug_abbrev  0x0000000000000214      0x25c Drivers/STM32L0xx_HAL_Driver/Src/stm32l0xx_hal_cortex.o
 .debug_abbrev  0x0000000000000470      0x29d Drivers/STM32L0xx_HAL_Driver/Src/stm32l0xx_hal_flash.o
 .debug_abbrev  0x000000000000070d      0x2df Drivers/STM32L0xx_HAL_Driver/Src/stm32l0xx_hal_flash_ex.o
 .debug_abbrev  0x00000000000009ec      0x1bb Drivers/STM32L0xx_HAL_Driver/Src/stm32l0xx_hal_gpio.o
 .debug_abbrev  0x0000000000000ba7      0x1bb Drivers/STM32L0xx_HAL_Driver/Src/stm32l0xx_hal_lcd.o
 .debug_abbrev  0x0000000000000d62       0x91 Drivers/STM32L0xx_HAL_Driver/Src/stm32l0xx_hal_msp_template.o
 .debug_abbrev  0x0000000000000df3      0x215 Drivers/STM32L0xx_HAL_Driver/Src/stm32l0xx_hal_rcc.o
 .debug_abbrev  0x0000000000001008      0x1e5 Drivers/STM32L0xx_HAL_Driver/Src/stm32l0xx_hal_rcc_ex.o
 .debug_abbrev  0x00000000000011ed      0x23b Drivers/STM32L0xx_HAL_Driver/Src/stm32l0xx_hal_spi.o
 .debug_abbrev  0x0000000000001428       0x97 lib/wtp/crc32_basic_table.o
 .debug_abbrev  0x00000000000014bf       0xd9 lib/wtp/crc_tools.o
 .debug_abbrev  0x0000000000001598      0x2b2 lib/wtp/prot3buff.o
 .debug_abbrev  0x000000000000184a      0x14e lib/wtp/rfm22bands.o
 .debug_abbrev  0x0000000000001998      0x148 lib/wtp/rfm22driver.o
 .debug_abbrev  0x0000000000001ae0      0x1b3 lib/wtp/rfm22frame.o
 .debug_abbrev  0x0000000000001c93       0xea lib/wtp/scrambler.o
 .debug_abbrev  0x0000000000001d7d      0x446 lib/wtp/wtp3driver.o
 .debug_abbrev  0x00000000000021c3       0xe7 lib/wtp/wtp_address_gen.o
 .debug_abbrev  0x00000000000022aa      0x1d1 src/Classes/Alarm/Alarm.o
 .debug_abbrev  0x000000000000247b      0x1cf src/Classes/EepromVar/EEPROMVar.o
 .debug_abbrev  0x000000000000264a      0x11a src/Classes/HardwareInterrupt/HardwareInterrupt.o
 .debug_abbrev  0x0000000000002764      0x169 src/Classes/Lcd/Digit.o
 .debug_abbrev  0x00000000000028cd      0x256 src/Classes/Lcd/Lcd.o
 .debug_abbrev  0x0000000000002b23      0x2f5 src/Classes/MotoCounter/MotoCounter.o
 .debug_abbrev  0x0000000000002e18      0x361 src/Classes/VersionScreen/VersionScreen.o
 .debug_abbrev  0x0000000000003179      0x2c6 src/Classes/timer/timer.o
 .debug_abbrev  0x000000000000343f      0x231 src/ControlerInfo/CControlerInfo.o
 .debug_abbrev  0x0000000000003670      0x519 src/Driver/Driver.o
 .debug_abbrev  0x0000000000003b89      0x477 src/main.o
 .debug_abbrev  0x0000000000004000       0x12 src/startup_stm32l053xx.o
 .debug_abbrev  0x0000000000004012       0xfd src/system_stm32l0xx.o
 .debug_abbrev  0x000000000000410f      0x12f src/wtp3conf/rfm22callbacks.o
 .debug_abbrev  0x000000000000423e      0x243 src/wtp3conf/rfm22ports.o
 .debug_abbrev  0x0000000000004481      0x17c src/wtp3conf/rfm22profiles.o
 .debug_abbrev  0x00000000000045fd      0x225 src/wtp3conf/wtp3drivercalls.o
 .debug_abbrev  0x0000000000004822       0xae src/wtp3conf/wtp_address_srv.o

.debug_aranges  0x0000000000000000     0x1228
 .debug_aranges
                0x0000000000000000       0xf8 Drivers/STM32L0xx_HAL_Driver/Src/stm32l0xx_hal.o
 .debug_aranges
                0x00000000000000f8       0xd8 Drivers/STM32L0xx_HAL_Driver/Src/stm32l0xx_hal_cortex.o
 .debug_aranges
                0x00000000000001d0       0x80 Drivers/STM32L0xx_HAL_Driver/Src/stm32l0xx_hal_flash.o
 .debug_aranges
                0x0000000000000250       0xe0 Drivers/STM32L0xx_HAL_Driver/Src/stm32l0xx_hal_flash_ex.o
 .debug_aranges
                0x0000000000000330       0x58 Drivers/STM32L0xx_HAL_Driver/Src/stm32l0xx_hal_gpio.o
 .debug_aranges
                0x0000000000000388       0x68 Drivers/STM32L0xx_HAL_Driver/Src/stm32l0xx_hal_lcd.o
 .debug_aranges
                0x00000000000003f0       0x38 Drivers/STM32L0xx_HAL_Driver/Src/stm32l0xx_hal_msp_template.o
 .debug_aranges
                0x0000000000000428       0x80 Drivers/STM32L0xx_HAL_Driver/Src/stm32l0xx_hal_rcc.o
 .debug_aranges
                0x00000000000004a8       0xb0 Drivers/STM32L0xx_HAL_Driver/Src/stm32l0xx_hal_rcc_ex.o
 .debug_aranges
                0x0000000000000558      0x1f0 Drivers/STM32L0xx_HAL_Driver/Src/stm32l0xx_hal_spi.o
 .debug_aranges
                0x0000000000000748       0x20 lib/wtp/crc32_basic_table.o
 .debug_aranges
                0x0000000000000768       0x80 lib/wtp/crc_tools.o
 .debug_aranges
                0x00000000000007e8       0xa0 lib/wtp/prot3buff.o
 .debug_aranges
                0x0000000000000888       0xf0 lib/wtp/rfm22bands.o
 .debug_aranges
                0x0000000000000978       0x80 lib/wtp/rfm22driver.o
 .debug_aranges
                0x00000000000009f8       0xd8 lib/wtp/rfm22frame.o
 .debug_aranges
                0x0000000000000ad0       0x38 lib/wtp/scrambler.o
 .debug_aranges
                0x0000000000000b08      0x108 lib/wtp/wtp3driver.o
 .debug_aranges
                0x0000000000000c10       0x40 lib/wtp/wtp_address_gen.o
 .debug_aranges
                0x0000000000000c50       0x30 src/Classes/Alarm/Alarm.o
 .debug_aranges
                0x0000000000000c80       0x50 src/Classes/EepromVar/EEPROMVar.o
 .debug_aranges
                0x0000000000000cd0       0x68 src/Classes/HardwareInterrupt/HardwareInterrupt.o
 .debug_aranges
                0x0000000000000d38       0x30 src/Classes/Lcd/Digit.o
 .debug_aranges
                0x0000000000000d68       0x70 src/Classes/Lcd/Lcd.o
 .debug_aranges
                0x0000000000000dd8       0x68 src/Classes/MotoCounter/MotoCounter.o
 .debug_aranges
                0x0000000000000e40       0x28 src/Classes/VersionScreen/VersionScreen.o
 .debug_aranges
                0x0000000000000e68       0xe8 src/Classes/timer/timer.o
 .debug_aranges
                0x0000000000000f50       0x88 src/ControlerInfo/CControlerInfo.o
 .debug_aranges
                0x0000000000000fd8       0x48 src/Driver/Driver.o
 .debug_aranges
                0x0000000000001020       0x48 src/main.o
 .debug_aranges
                0x0000000000001068       0x28 src/startup_stm32l053xx.o
 .debug_aranges
                0x0000000000001090       0x28 src/system_stm32l0xx.o
 .debug_aranges
                0x00000000000010b8       0x40 src/wtp3conf/rfm22callbacks.o
 .debug_aranges
                0x00000000000010f8       0x90 src/wtp3conf/rfm22ports.o
 .debug_aranges
                0x0000000000001188       0x28 src/wtp3conf/rfm22profiles.o
 .debug_aranges
                0x00000000000011b0       0x40 src/wtp3conf/wtp3drivercalls.o
 .debug_aranges
                0x00000000000011f0       0x38 src/wtp3conf/wtp_address_srv.o

.debug_ranges   0x0000000000000000      0xff8
 .debug_ranges  0x0000000000000000       0xe8 Drivers/STM32L0xx_HAL_Driver/Src/stm32l0xx_hal.o
 .debug_ranges  0x00000000000000e8       0xc8 Drivers/STM32L0xx_HAL_Driver/Src/stm32l0xx_hal_cortex.o
 .debug_ranges  0x00000000000001b0       0x70 Drivers/STM32L0xx_HAL_Driver/Src/stm32l0xx_hal_flash.o
 .debug_ranges  0x0000000000000220       0xd0 Drivers/STM32L0xx_HAL_Driver/Src/stm32l0xx_hal_flash_ex.o
 .debug_ranges  0x00000000000002f0       0x48 Drivers/STM32L0xx_HAL_Driver/Src/stm32l0xx_hal_gpio.o
 .debug_ranges  0x0000000000000338       0x58 Drivers/STM32L0xx_HAL_Driver/Src/stm32l0xx_hal_lcd.o
 .debug_ranges  0x0000000000000390       0x28 Drivers/STM32L0xx_HAL_Driver/Src/stm32l0xx_hal_msp_template.o
 .debug_ranges  0x00000000000003b8       0x70 Drivers/STM32L0xx_HAL_Driver/Src/stm32l0xx_hal_rcc.o
 .debug_ranges  0x0000000000000428       0xa0 Drivers/STM32L0xx_HAL_Driver/Src/stm32l0xx_hal_rcc_ex.o
 .debug_ranges  0x00000000000004c8      0x1e0 Drivers/STM32L0xx_HAL_Driver/Src/stm32l0xx_hal_spi.o
 .debug_ranges  0x00000000000006a8       0x10 lib/wtp/crc32_basic_table.o
 .debug_ranges  0x00000000000006b8       0x70 lib/wtp/crc_tools.o
 .debug_ranges  0x0000000000000728       0x90 lib/wtp/prot3buff.o
 .debug_ranges  0x00000000000007b8       0xe0 lib/wtp/rfm22bands.o
 .debug_ranges  0x0000000000000898       0x70 lib/wtp/rfm22driver.o
 .debug_ranges  0x0000000000000908       0xc8 lib/wtp/rfm22frame.o
 .debug_ranges  0x00000000000009d0       0x28 lib/wtp/scrambler.o
 .debug_ranges  0x00000000000009f8      0x110 lib/wtp/wtp3driver.o
 .debug_ranges  0x0000000000000b08       0x30 lib/wtp/wtp_address_gen.o
 .debug_ranges  0x0000000000000b38       0x20 src/Classes/Alarm/Alarm.o
 .debug_ranges  0x0000000000000b58       0x40 src/Classes/EepromVar/EEPROMVar.o
 .debug_ranges  0x0000000000000b98       0x58 src/Classes/HardwareInterrupt/HardwareInterrupt.o
 .debug_ranges  0x0000000000000bf0       0x20 src/Classes/Lcd/Digit.o
 .debug_ranges  0x0000000000000c10       0x60 src/Classes/Lcd/Lcd.o
 .debug_ranges  0x0000000000000c70       0x58 src/Classes/MotoCounter/MotoCounter.o
 .debug_ranges  0x0000000000000cc8       0x18 src/Classes/VersionScreen/VersionScreen.o
 .debug_ranges  0x0000000000000ce0       0xd8 src/Classes/timer/timer.o
 .debug_ranges  0x0000000000000db8       0x78 src/ControlerInfo/CControlerInfo.o
 .debug_ranges  0x0000000000000e30       0x38 src/Driver/Driver.o
 .debug_ranges  0x0000000000000e68       0x38 src/main.o
 .debug_ranges  0x0000000000000ea0       0x20 src/startup_stm32l053xx.o
 .debug_ranges  0x0000000000000ec0       0x18 src/system_stm32l0xx.o
 .debug_ranges  0x0000000000000ed8       0x30 src/wtp3conf/rfm22callbacks.o
 .debug_ranges  0x0000000000000f08       0x80 src/wtp3conf/rfm22ports.o
 .debug_ranges  0x0000000000000f88       0x18 src/wtp3conf/rfm22profiles.o
 .debug_ranges  0x0000000000000fa0       0x30 src/wtp3conf/wtp3drivercalls.o
 .debug_ranges  0x0000000000000fd0       0x28 src/wtp3conf/wtp_address_srv.o

.debug_line     0x0000000000000000     0x7c4f
 .debug_line    0x0000000000000000      0x406 Drivers/STM32L0xx_HAL_Driver/Src/stm32l0xx_hal.o
 .debug_line    0x0000000000000406      0x441 Drivers/STM32L0xx_HAL_Driver/Src/stm32l0xx_hal_cortex.o
 .debug_line    0x0000000000000847      0x42f Drivers/STM32L0xx_HAL_Driver/Src/stm32l0xx_hal_flash.o
 .debug_line    0x0000000000000c76      0x542 Drivers/STM32L0xx_HAL_Driver/Src/stm32l0xx_hal_flash_ex.o
 .debug_line    0x00000000000011b8      0x381 Drivers/STM32L0xx_HAL_Driver/Src/stm32l0xx_hal_gpio.o
 .debug_line    0x0000000000001539      0x374 Drivers/STM32L0xx_HAL_Driver/Src/stm32l0xx_hal_lcd.o
 .debug_line    0x00000000000018ad      0x1ed Drivers/STM32L0xx_HAL_Driver/Src/stm32l0xx_hal_msp_template.o
 .debug_line    0x0000000000001a9a      0x4c8 Drivers/STM32L0xx_HAL_Driver/Src/stm32l0xx_hal_rcc.o
 .debug_line    0x0000000000001f62      0x508 Drivers/STM32L0xx_HAL_Driver/Src/stm32l0xx_hal_rcc_ex.o
 .debug_line    0x000000000000246a      0xc6b Drivers/STM32L0xx_HAL_Driver/Src/stm32l0xx_hal_spi.o
 .debug_line    0x00000000000030d5      0x121 lib/wtp/crc32_basic_table.o
 .debug_line    0x00000000000031f6      0x262 lib/wtp/crc_tools.o
 .debug_line    0x0000000000003458      0x498 lib/wtp/prot3buff.o
 .debug_line    0x00000000000038f0      0x373 lib/wtp/rfm22bands.o
 .debug_line    0x0000000000003c63      0x24e lib/wtp/rfm22driver.o
 .debug_line    0x0000000000003eb1      0x49c lib/wtp/rfm22frame.o
 .debug_line    0x000000000000434d      0x198 lib/wtp/scrambler.o
 .debug_line    0x00000000000044e5      0x796 lib/wtp/wtp3driver.o
 .debug_line    0x0000000000004c7b      0x196 lib/wtp/wtp_address_gen.o
 .debug_line    0x0000000000004e11      0x1f6 src/Classes/Alarm/Alarm.o
 .debug_line    0x0000000000005007      0x22a src/Classes/EepromVar/EEPROMVar.o
 .debug_line    0x0000000000005231      0x279 src/Classes/HardwareInterrupt/HardwareInterrupt.o
 .debug_line    0x00000000000054aa      0x1d3 src/Classes/Lcd/Digit.o
 .debug_line    0x000000000000567d      0x36a src/Classes/Lcd/Lcd.o
 .debug_line    0x00000000000059e7      0x240 src/Classes/MotoCounter/MotoCounter.o
 .debug_line    0x0000000000005c27      0x42c src/Classes/VersionScreen/VersionScreen.o
 .debug_line    0x0000000000006053      0x34a src/Classes/timer/timer.o
 .debug_line    0x000000000000639d      0x2da src/ControlerInfo/CControlerInfo.o
 .debug_line    0x0000000000006677      0x58a src/Driver/Driver.o
 .debug_line    0x0000000000006c01      0x3cb src/main.o
 .debug_line    0x0000000000006fcc       0x7f src/startup_stm32l053xx.o
 .debug_line    0x000000000000704b      0x1c9 src/system_stm32l0xx.o
 .debug_line    0x0000000000007214      0x206 src/wtp3conf/rfm22callbacks.o
 .debug_line    0x000000000000741a      0x359 src/wtp3conf/rfm22ports.o