timer.cpp:13:10:static uint32_t CTimer::defaultGetTickFunc()	0	static
timer.cpp:7:6:static void CTimer::classInit1000(uint32_t (*)())	0	static
timer.cpp:19:10:static uint32_t CTimer::getTick()	8	static
timer.cpp:26:1:CTimer::CTimer(CTimer::Unit)	0	static
timer.cpp:32:6:void CTimer::setCounterUnit(CTimer::Unit)	0	static
timer.cpp:39:6:void CTimer::setCounterType(CTimer::Unit)	0	static
timer.cpp:45:6:void CTimer::start(uint32_t)	16	static
timer.cpp:107:6:void CTimer::startFreeRun()	8	static
timer.cpp:128:6:void CTimer::turnOff()	0	static
timer.cpp:134:6:bool CTimer::isTurnedOn()	0	static
timer.cpp:267:6:bool CTimer::_isInDowncounterMode()	0	static
timer.cpp:97:6:void CTimer::changeOverallTime(uint32_t)	16	static
timer.cpp:115:10:uint32_t CTimer::getOverallTime()	8	static
timer.cpp:286:6:bool CTimer::_isTimeElapsed(uint32_t)	0	static
timer.cpp:292:10:static uint32_t CTimer::getFactor1000(CTimer::Unit)	0	static
timer.cpp:330:10:uint32_t CTimer::_timerUnits2ticks(uint32_t)	8	static
timer.cpp:82:6:void CTimer::startStrictAligned(uint32_t)	16	static
timer.cpp:336:10:uint32_t CTimer::_ticks2timerUnits(uint32_t)	8	static
timer.cpp:231:10:uint32_t CTimer::_getTimeSinceStart()	8	static
timer.cpp:53:6:void CTimer::startAligned(uint32_t)	16	static
timer.cpp:243:10:uint32_t CTimer::_updateDowncounter()	8	static
timer.cpp:141:6:bool CTimer::isZero()	8	static
timer.cpp:160:6:bool CTimer::isGoingOn()	8	static
timer.cpp:166:6:bool CTimer::isElapsed()	8	static
timer.cpp:209:10:uint32_t CTimer::getRemainingTime()	8	static
timer.cpp:185:10:uint32_t CTimer::getElapsedTime()	8	static
