stm32l0xx_hal_rng.c:261:13:HAL_RNG_MspInit	0	static
stm32l0xx_hal_rng.c:155:19:HAL_RNG_Init	8	static
stm32l0xx_hal_rng.c:276:13:HAL_RNG_MspDeInit	0	static
stm32l0xx_hal_rng.c:216:19:HAL_RNG_DeInit	8	static
stm32l0xx_hal_rng.c:542:19:HAL_RNG_GenerateRandomNumber	32	static
stm32l0xx_hal_rng.c:595:19:HAL_RNG_GenerateRandomNumber_IT	0	static
stm32l0xx_hal_rng.c:629:10:HAL_RNG_GetRandomNumber	8	static
stm32l0xx_hal_rng.c:648:10:HAL_RNG_GetRandomNumber_IT	0	static
stm32l0xx_hal_rng.c:757:10:HAL_RNG_ReadLastRandomNumber	0	static
stm32l0xx_hal_rng.c:769:13:HAL_RNG_ReadyDataCallback	0	static
stm32l0xx_hal_rng.c:785:13:HAL_RNG_ErrorCallback	0	static
stm32l0xx_hal_rng.c:689:6:HAL_RNG_IRQHandler	8	static
stm32l0xx_hal_rng.c:819:22:HAL_RNG_GetState	0	static
stm32l0xx_hal_rng.c:829:10:HAL_RNG_GetError	0	static
