stm32l0xx_hal_smartcard.c:2446:13:SMARTCARD_DMATransmitCplt	8	static
stm32l0xx_hal_smartcard.c:2711:13:SMARTCARD_TxISR	8	static
stm32l0xx_hal_smartcard.c:2379:26:SMARTCARD_WaitOnFlagUntilTimeout.constprop	24	static
stm32l0xx_hal_smartcard.c:431:13:HAL_SMARTCARD_MspInit	0	static
stm32l0xx_hal_smartcard.c:308:19:HAL_SMARTCARD_Init	16	static
stm32l0xx_hal_smartcard.c:447:13:HAL_SMARTCARD_MspDeInit	0	static
stm32l0xx_hal_smartcard.c:381:19:HAL_SMARTCARD_DeInit	16	static
stm32l0xx_hal_smartcard.c:769:19:HAL_SMARTCARD_Transmit	32	static
stm32l0xx_hal_smartcard.c:852:19:HAL_SMARTCARD_Receive	32	static
stm32l0xx_hal_smartcard.c:912:19:HAL_SMARTCARD_Transmit_IT	16	static
stm32l0xx_hal_smartcard.c:973:19:HAL_SMARTCARD_Receive_IT	12	static
stm32l0xx_hal_smartcard.c:1022:19:HAL_SMARTCARD_Transmit_DMA	32	static
stm32l0xx_hal_smartcard.c:1110:19:HAL_SMARTCARD_Receive_DMA	32	static
stm32l0xx_hal_smartcard.c:1189:19:HAL_SMARTCARD_Abort	8	static
stm32l0xx_hal_smartcard.c:1275:19:HAL_SMARTCARD_AbortTransmit	8	static
stm32l0xx_hal_smartcard.c:1337:19:HAL_SMARTCARD_AbortReceive	8	static
stm32l0xx_hal_smartcard.c:1975:13:HAL_SMARTCARD_TxCpltCallback	0	static
stm32l0xx_hal_smartcard.c:1991:13:HAL_SMARTCARD_RxCpltCallback	0	static
stm32l0xx_hal_smartcard.c:2784:13:SMARTCARD_RxISR	8	static
stm32l0xx_hal_smartcard.c:2465:13:SMARTCARD_DMAReceiveCplt	8	static
stm32l0xx_hal_smartcard.c:2007:13:HAL_SMARTCARD_ErrorCallback	0	static
stm32l0xx_hal_smartcard.c:2496:13:SMARTCARD_DMAError	8	static
stm32l0xx_hal_smartcard.c:1721:6:HAL_SMARTCARD_IRQHandler	16	static
stm32l0xx_hal_smartcard.c:2536:13:SMARTCARD_DMAAbortOnError	8	static
stm32l0xx_hal_smartcard.c:2023:13:HAL_SMARTCARD_AbortCpltCallback	0	static
stm32l0xx_hal_smartcard.c:1402:19:HAL_SMARTCARD_Abort_IT	16	static
stm32l0xx_hal_smartcard.c:2606:13:SMARTCARD_DMARxAbortCallback	8	static
stm32l0xx_hal_smartcard.c:2559:13:SMARTCARD_DMATxAbortCallback	8	static
stm32l0xx_hal_smartcard.c:2039:13:HAL_SMARTCARD_AbortTransmitCpltCallback	0	static
stm32l0xx_hal_smartcard.c:1538:19:HAL_SMARTCARD_AbortTransmit_IT	8	static
stm32l0xx_hal_smartcard.c:2653:13:SMARTCARD_DMATxOnlyAbortCallback	8	static
stm32l0xx_hal_smartcard.c:2055:13:HAL_SMARTCARD_AbortReceiveCpltCallback	0	static
stm32l0xx_hal_smartcard.c:1632:19:HAL_SMARTCARD_AbortReceive_IT	8	static
stm32l0xx_hal_smartcard.c:2682:13:SMARTCARD_DMARxOnlyAbortCallback	8	static
stm32l0xx_hal_smartcard.c:2094:28:HAL_SMARTCARD_GetState	0	static
stm32l0xx_hal_smartcard.c:2110:10:HAL_SMARTCARD_GetError	0	static
