HardwareInterrupt.cpp:16:6:void NMI_Handler()	8	static
HardwareInterrupt.cpp:23:6:void HardFault_Handler()	8	static
HardwareInterrupt.cpp:33:6:void MemManage_Handler()	8	static
HardwareInterrupt.cpp:43:6:void BusFault_Handler()	8	static
HardwareInterrupt.cpp:53:6:void UsageFault_Handler()	8	static
HardwareInterrupt.cpp:63:6:void SVC_Handler()	8	static
HardwareInterrupt.cpp:70:6:void DebugMon_Handler()	8	static
HardwareInterrupt.cpp:77:6:void PendSV_Handler()	8	static
HardwareInterrupt.cpp:84:6:void SysTick_Handler()	8	static
HardwareInterrupt.cpp:89:6:void EXTI4_15_IRQHandler()	8	static
