CControlerInfo.cpp:18:1:CControlerInfo::CControlerInfo()	16	static
CControlerInfo.cpp:27:39:CControlerInfo::TStatusInitialization CControlerInfo::getStatusInitialization()	32	static
CControlerInfo.cpp:33:6:void CControlerInfo::deinitialization()	16	static
CControlerInfo.cpp:37:10:MOTOHOUR CControlerInfo::getMotohours()	32	static
CControlerInfo.cpp:43:6:void CControlerInfo::setMotohours(MOTOHOUR)	16	static
CControlerInfo.cpp:47:9:uint8_t CControlerInfo::getMotominutes()	32	static
CControlerInfo.cpp:53:6:void CControlerInfo::setMotominutes(uint8_t)	16	static
CControlerInfo.cpp:57:10:MOTOHOUR CControlerInfo::getMaxMotohours()	32	static
CControlerInfo.cpp:63:6:void CControlerInfo::setMaxMotohours(MOTOHOUR)	16	static
CControlerInfo.cpp:67:10:static uint32_t CControlerInfo::getCpuId_1()	8	static
CControlerInfo.cpp:71:10:static uint32_t CControlerInfo::getCpuId_2()	8	static
CControlerInfo.cpp:75:10:static uint32_t CControlerInfo::getCpuId_3()	8	static
CControlerInfo.cpp:77:1:void __static_initialization_and_destruction_0(int, int)	16	static
CControlerInfo.cpp:77:1:cpp)	8	static
