HardwareInterrupt.cpp:14:6:void NMI_Handler()	0	static
HardwareInterrupt.cpp:21:6:void HardFault_Handler()	0	static
HardwareInterrupt.cpp:31:6:void MemManage_Handler()	0	static
HardwareInterrupt.cpp:41:6:void BusFault_Handler()	0	static
HardwareInterrupt.cpp:51:6:void UsageFault_Handler()	0	static
HardwareInterrupt.cpp:61:6:void SVC_Handler()	0	static
HardwareInterrupt.cpp:68:6:void DebugMon_Handler()	0	static
HardwareInterrupt.cpp:75:6:void PendSV_Handler()	0	static
HardwareInterrupt.cpp:82:6:void SysTick_Handler()	8	static
